Archive member included to satisfy reference by file (symbol)

lib/MT3620_M4_Driver/libMT3620_M4_Driver.a(printf.c.obj)
                              CMakeFiles/azure-sphere-combo-cifar10-rtcore.dir/main.c.obj (printf_)
lib/MT3620_M4_Driver/libMT3620_M4_Driver.a(mhal_gpio.c.obj)
                              CMakeFiles/azure-sphere-combo-cifar10-rtcore.dir/D_/CareerHack2021/project/source/RTCORE_OS_HAL/src/os_hal_gpio.c.obj (mtk_mhal_gpio_get_input)
lib/MT3620_M4_Driver/libMT3620_M4_Driver.a(hdl_gpio.c.obj)
                              lib/MT3620_M4_Driver/libMT3620_M4_Driver.a(mhal_gpio.c.obj) (mtk_hdl_gpio_modify_reg)
lib/MT3620_M4_Driver/libMT3620_M4_Driver.a(mhal_uart.c.obj)
                              CMakeFiles/azure-sphere-combo-cifar10-rtcore.dir/D_/CareerHack2021/project/source/RTCORE_OS_HAL/src/os_hal_uart.c.obj (mtk_mhal_uart_enable_clk)
lib/MT3620_M4_Driver/libMT3620_M4_Driver.a(hdl_uart.c.obj)
                              lib/MT3620_M4_Driver/libMT3620_M4_Driver.a(mhal_uart.c.obj) (mtk_hdl_uart_cg_config)
lib/MT3620_M4_Driver/libMT3620_M4_Driver.a(mhal_mbox.c.obj)
                              CMakeFiles/azure-sphere-combo-cifar10-rtcore.dir/D_/CareerHack2021/project/source/RTCORE_OS_HAL/src/os_hal_mbox.c.obj (mtk_mhal_mbox_reset)
lib/MT3620_M4_Driver/libMT3620_M4_Driver.a(hdl_mbox.c.obj)
                              lib/MT3620_M4_Driver/libMT3620_M4_Driver.a(mhal_mbox.c.obj) (mtk_hdl_mbox_sem_post)
lib/MT3620_M4_Driver/libMT3620_M4_Driver.a(mhal_osai.c.obj)
                              lib/MT3620_M4_Driver/libMT3620_M4_Driver.a(hdl_gpio.c.obj) (osai_readl)
../../../../../../prebuilts/lib/libtensorflow-microlite.a(micro_error_reporter.o)
                              CMakeFiles/azure-sphere-combo-cifar10-rtcore.dir/D_/CareerHack2021/project/app/lib_src/emergency_detect/main.cc.obj (vtable for tflite::MicroErrorReporter)
../../../../../../prebuilts/lib/libtensorflow-microlite.a(micro_interpreter.o)
                              CMakeFiles/azure-sphere-combo-cifar10-rtcore.dir/D_/CareerHack2021/project/app/lib_src/emergency_detect/main.cc.obj (tflite::MicroInterpreter::~MicroInterpreter())
../../../../../../prebuilts/lib/libtensorflow-microlite.a(micro_string.o)
                              ../../../../../../prebuilts/lib/libtensorflow-microlite.a(micro_error_reporter.o) (MicroVsnprintf)
../../../../../../prebuilts/lib/libtensorflow-microlite.a(simple_memory_allocator.o)
                              ../../../../../../prebuilts/lib/libtensorflow-microlite.a(micro_interpreter.o) (tflite::SimpleMemoryAllocator::GetHead() const)
../../../../../../prebuilts/lib/libtensorflow-microlite.a(error_reporter.o)
                              CMakeFiles/azure-sphere-combo-cifar10-rtcore.dir/D_/CareerHack2021/project/app/lib_src/emergency_detect/main.cc.obj (tflite::ErrorReporter::Report(char const*, ...))
../../../../../../prebuilts/lib/libtensorflow-microlite.a(flatbuffer_conversions.o)
                              CMakeFiles/azure-sphere-combo-cifar10-rtcore.dir/D_/CareerHack2021/project/app/lib_src/emergency_detect/main.cc.obj (tflite::ParseOpData(tflite::Operator const*, tflite::BuiltinOperator, tflite::ErrorReporter*, tflite::BuiltinDataAllocator*, void**))
../../../../../../prebuilts/lib/libtensorflow-microlite.a(tensor_utils.o)
                              ../../../../../../prebuilts/lib/libtensorflow-microlite.a(micro_interpreter.o) (tflite::ResetVariableTensor(TfLiteTensor*))
../../../../../../prebuilts/lib/libtensorflow-microlite.a(dynamic_agent.o)
                              ../../../../../../prebuilts/lib/libtensorflow-microlite.a(micro_interpreter.o) (tflite::DynamicAgent::Init(TfLiteContext&, tflite::ErrorReporter*, unsigned char*, unsigned int))
../../../../../../prebuilts/lib/libtensorflow-microlite.a(dynamic_context.o)
                              ../../../../../../prebuilts/lib/libtensorflow-microlite.a(dynamic_agent.o) (IsFineGrainedOPSupport)
../../../../../../prebuilts/lib/libtensorflow-microlite.a(npu_platform.o)
                              ../../../../../../prebuilts/lib/libtensorflow-microlite.a(dynamic_agent.o) (LoadFromExternal)
../../../../../../prebuilts/lib/libtensorflow-microlite.a(fully_connected.o)
                              CMakeFiles/azure-sphere-combo-cifar10-rtcore.dir/D_/CareerHack2021/project/app/lib_src/emergency_detect/main.cc.obj (tflite::ops::micro::Register_FULLY_CONNECTED())
../../../../../../prebuilts/lib/libtensorflow-microlite.a(pooling.o)
                              CMakeFiles/azure-sphere-combo-cifar10-rtcore.dir/D_/CareerHack2021/project/app/lib_src/emergency_detect/main.cc.obj (tflite::ops::micro::Register_AVERAGE_POOL_2D())
../../../../../../prebuilts/lib/libtensorflow-microlite.a(reshape.o)
                              CMakeFiles/azure-sphere-combo-cifar10-rtcore.dir/D_/CareerHack2021/project/app/lib_src/emergency_detect/main.cc.obj (tflite::ops::micro::Register_RESHAPE())
[...]
Memory Configuration

Name             Origin             Length             Attributes
TCM              0x00100000         0x00030000         xrw
SYSRAM           0x22000000         0x00010000         xrw
FLASH            0x10000000         0x00100000         xr
*default*        0x00000000         0xffffffff

Linker script and memory map

LOAD CMakeFiles/azure-sphere-combo-cifar10-rtcore.dir/main.c.obj
LOAD CMakeFiles/azure-sphere-combo-cifar10-rtcore.dir/D_/CareerHack2021/project/source/RTCORE_OS_HAL/src/os_hal_gpio.c.obj
LOAD CMakeFiles/azure-sphere-combo-cifar10-rtcore.dir/D_/CareerHack2021/project/source/RTCORE_OS_HAL/src/os_hal_uart.c.obj
LOAD CMakeFiles/azure-sphere-combo-cifar10-rtcore.dir/D_/CareerHack2021/project/source/RTCORE_OS_HAL/src/os_hal_mbox.c.obj
LOAD CMakeFiles/azure-sphere-combo-cifar10-rtcore.dir/D_/CareerHack2021/project/source/RTCORE_OS_HAL/src/os_hal_mbox_shared_mem.c.obj
LOAD CMakeFiles/azure-sphere-combo-cifar10-rtcore.dir/D_/CareerHack2021/project/app/lib_src/emergency_detect/emergency-detect.cc.obj
LOAD CMakeFiles/azure-sphere-combo-cifar10-rtcore.dir/D_/CareerHack2021/project/app/lib_src/emergency_detect/main.cc.obj
LOAD lib/MT3620_M4_Driver/libMT3620_M4_Driver.a
LOAD ../../../../../../prebuilts/lib/libtensorflow-microlite.a
LOAD ../../../../../../prebuilts/lib/libcmsis.a
LOAD c:/progra~2/microsoft visual studio/2019/community/linux/gcc_arm/bin/../lib/gcc/arm-none-eabi/8.2.1/../../../../arm-none-eabi/lib/thumb/v7e-m+fp/hard\libstdc++_nano.a
LOAD c:/progra~2/microsoft visual studio/2019/community/linux/gcc_arm/bin/../lib/gcc/arm-none-eabi/8.2.1/../../../../arm-none-eabi/lib/thumb/v7e-m+fp/hard\libsupc++_nano.a
LOAD c:/progra~2/microsoft visual studio/2019/community/linux/gcc_arm/bin/../lib/gcc/arm-none-eabi/8.2.1/thumb/v7e-m+fp/hard\libgcc.a
LOAD c:/progra~2/microsoft visual studio/2019/community/linux/gcc_arm/bin/../lib/gcc/arm-none-eabi/8.2.1/../../../../arm-none-eabi/lib/thumb/v7e-m+fp/hard\libnosys.a
LOAD lib/MT3620_M4_Driver/lib/MT3620_M4_BSP/libMT3620_M4_BSP.a
LOAD lib/MT3620_M4_Driver/MT3620_M4_BSP/FreeRTOS/libMT3620_M4_FreeRTOS.a
LOAD c:/progra~2/microsoft visual studio/2019/community/linux/gcc_arm/bin/../lib/gcc/arm-none-eabi/8.2.1/../../../../arm-none-eabi/lib/thumb/v7e-m+fp/hard\libstdc++_nano.a
LOAD c:/progra~2/microsoft visual studio/2019/community/linux/gcc_arm/bin/../lib/gcc/arm-none-eabi/8.2.1/../../../../arm-none-eabi/lib/thumb/v7e-m+fp/hard\libm.a
LOAD c:/progra~2/microsoft visual studio/2019/community/linux/gcc_arm/bin/../lib/gcc/arm-none-eabi/8.2.1/../../../../arm-none-eabi/lib/thumb/v7e-m+fp/hard\libc_nano.a
START GROUP
LOAD c:/progra~2/microsoft visual studio/2019/community/linux/gcc_arm/bin/../lib/gcc/arm-none-eabi/8.2.1/thumb/v7e-m+fp/hard\libgcc.a
LOAD c:/progra~2/microsoft visual studio/2019/community/linux/gcc_arm/bin/../lib/gcc/arm-none-eabi/8.2.1/../../../../arm-none-eabi/lib/thumb/v7e-m+fp/hard\libg_nano.a
LOAD c:/progra~2/microsoft visual studio/2019/community/linux/gcc_arm/bin/../lib/gcc/arm-none-eabi/8.2.1/../../../../arm-none-eabi/lib/thumb/v7e-m+fp/hard\libc_nano.a
END GROUP
START GROUP
LOAD c:/progra~2/microsoft visual studio/2019/community/linux/gcc_arm/bin/../lib/gcc/arm-none-eabi/8.2.1/thumb/v7e-m+fp/hard\libgcc.a
LOAD c:/progra~2/microsoft visual studio/2019/community/linux/gcc_arm/bin/../lib/gcc/arm-none-eabi/8.2.1/../../../../arm-none-eabi/lib/thumb/v7e-m+fp/hard\libc_nano.a
LOAD c:/progra~2/microsoft visual studio/2019/community/linux/gcc_arm/bin/../lib/gcc/arm-none-eabi/8.2.1/../../../../arm-none-eabi/lib/thumb/v7e-m+fp/hard\libnosys.a
END GROUP
START GROUP
LOAD c:/progra~2/microsoft visual studio/2019/community/linux/gcc_arm/bin/../lib/gcc/arm-none-eabi/8.2.1/thumb/v7e-m+fp/hard\libgcc.a
LOAD c:/progra~2/microsoft visual studio/2019/community/linux/gcc_arm/bin/../lib/gcc/arm-none-eabi/8.2.1/../../../../arm-none-eabi/lib/thumb/v7e-m+fp/hard\libc_nano.a
LOAD c:/progra~2/microsoft visual studio/2019/community/linux/gcc_arm/bin/../lib/gcc/arm-none-eabi/8.2.1/../../../../arm-none-eabi/lib/thumb/v7e-m+fp/hard\libnosys.a
END GROUP

.text           0x00100000    0x1b3e4
 *(.vector_table)
 .vector_table  0x00100000      0x1d0 lib/MT3620_M4_Driver/lib/MT3620_M4_BSP/libMT3620_M4_BSP.a(vector_table.c.obj)
                0x00100000                __isr_vector
 *(.text)
 .text          0x001001d0      0x348 CMakeFiles/azure-sphere-combo-cifar10-rtcore.dir/main.c.obj
                0x001001d0                vApplicationStackOverflowHook
                0x001001f4                vApplicationMallocFailedHook
                0x0010020c                _putchar
                0x0010023a                mbox_fifo_cb
                0x0010028c                mbox_swint_cb
                0x001004d4                RTCoreMain
 .text          0x00100518      0x764 CMakeFiles/azure-sphere-combo-cifar10-rtcore.dir/D_/CareerHack2021/project/source/RTCORE_OS_HAL/src/os_hal_uart.c.obj
                0x00100544                mtk_os_hal_uart_ctlr_init
                0x00100604                mtk_os_hal_uart_ctlr_deinit
                0x00100638                mtk_os_hal_uart_dumpreg
                0x00100666                mtk_os_hal_uart_set_baudrate
                0x0010069e                mtk_os_hal_uart_set_format
                0x001006f8                mtk_os_hal_uart_get_char
                0x0010072e                mtk_os_hal_uart_get_char_nowait
                0x00100764                mtk_os_hal_uart_put_char
                0x0010079c                mtk_os_hal_uart_clear_irq_status
                0x001007d0                mtk_os_hal_uart_set_irq
                0x00100808                mtk_os_hal_uart_set_hw_fc
                0x00100840                mtk_os_hal_uart_disable_sw_fc
                0x0010086e                mtk_os_hal_uart_set_sw_fc
                0x001009a8                mtk_os_hal_uart_dma_send_data
                0x00100b10                mtk_os_hal_uart_dma_get_data
 .text          0x00100c7c      0xd24 CMakeFiles/azure-sphere-combo-cifar10-rtcore.dir/D_/CareerHack2021/project/source/RTCORE_OS_HAL/src/os_hal_mbox.c.obj
                0x00101034                mtk_os_hal_mbox_sw_int_register_cb
                0x0010115c                mtk_os_hal_mbox_sw_int_unregister_cb
                0x001011f8                mtk_os_hal_mbox_fifo_register_cb
                0x00101448                mtk_os_hal_mbox_fifo_unregister_cb
                0x00101574                mtk_os_hal_mbox_open_channel
                0x0010168c                mtk_os_hal_mbox_close_channel
                0x0010171c                mtk_os_hal_mbox_fifo_read
                0x001017ec                mtk_os_hal_mbox_fifo_write
                0x001018bc                mtk_os_hal_mbox_ioctl
 .text          0x001019a0      0x470 CMakeFiles/azure-sphere-combo-cifar10-rtcore.dir/D_/CareerHack2021/project/source/RTCORE_OS_HAL/src/os_hal_mbox_shared_mem.c.obj
                0x00101a4e                GetIntercoreBuffers
                0x00101b72                EnqueueData
                0x00101ca0                DequeueData
 .text          0x00101e10     0x19f4 lib/MT3620_M4_Driver/libMT3620_M4_Driver.a(printf.c.obj)
                0x001036c0                printf_
                0x001036f8                sprintf_
                0x00103730                snprintf_
                0x00103768                vprintf_
                0x00103794                vsnprintf_
                0x001037c0                fctprintf
 .text          0x00103804      0x904 lib/MT3620_M4_Driver/libMT3620_M4_Driver.a(mhal_uart.c.obj)
                0x00103804                mtk_mhal_uart_enable_clk
                0x0010382e                mtk_mhal_uart_disable_clk
                0x00103858                mtk_mhal_uart_sw_reset
                0x00103880                mtk_mhal_uart_dumpreg
                0x001038a8                mtk_mhal_uart_hw_init
                0x001038f4                mtk_mhal_uart_set_baudrate
                0x0010393c                mtk_mhal_uart_set_format
                0x001039c0                mtk_mhal_uart_set_hw_fc
                0x00103a0e                mtk_mhal_uart_disable_sw_fc
                0x00103a36                mtk_mhal_uart_set_sw_fc
                0x00103a9c                mtk_mhal_uart_set_dma
                0x00103acc                mtk_mhal_uart_clear_irq_status
                0x00103af8                mtk_mhal_uart_set_irq
                0x00103b28                mtk_mhal_uart_putc
                0x00103b58                mtk_mhal_uart_getc
                0x00103b8a                mtk_mhal_uart_getc_nowait
                0x00103bb6                mtk_mhal_uart_dma_tx_callback_register
                0x00103bfa                mtk_mhal_uart_dma_rx_callback_register
                0x00103c96                mtk_mhal_uart_allocate_dma_tx_ch
                0x00103cce                mtk_mhal_uart_allocate_dma_rx_ch
                0x00103d06                mtk_mhal_uart_release_dma_tx_ch
                0x00103d3e                mtk_mhal_uart_release_dma_rx_ch
                0x00103d76                mtk_mhal_uart_dma_tx_config
                0x00103e1c                mtk_mhal_uart_dma_rx_config
                0x00103ec8                mtk_mhal_uart_start_dma_tx
                0x00103f50                mtk_mhal_uart_start_dma_rx
                0x00103fae                mtk_mhal_uart_stop_dma_tx
                0x00103ff2                mtk_mhal_uart_stop_dma_rx
                0x00104036                mtk_mhal_uart_update_dma_tx_info
                0x001040a2                mtk_mhal_uart_update_dma_rx_info
 .text          0x00104108      0x63c lib/MT3620_M4_Driver/libMT3620_M4_Driver.a(hdl_uart.c.obj)
                0x00104108                mtk_hdl_uart_cg_config
                0x00104144                mtk_hdl_uart_reset
                0x00104178                mtk_hdl_uart_dmreg
                0x0010419e                mtk_hdl_uart_init
                0x001041d2                mtk_hdl_uart_set_baudrate
                0x00104354                mtk_hdl_uart_set_format
                0x001043c2                mtk_hdl_uart_dma_en
                0x00104418                mtk_hdl_uart_tx_dma_handshake
                0x00104460                mtk_hdl_uart_rx_dma_handshake
                0x001044a8                mtk_hdl_uart_clear_irq_status
                0x001044f6                mtk_hdl_uart_set_irq
                0x00104518                mtk_hdl_uart_set_hw_fc
                0x001045b2                mtk_hdl_uart_disable_sw_fc
                0x00104602                mtk_hdl_uart_set_sw_fc
                0x001046da                mtk_hdl_uart_output_char
                0x0010470e                mtk_hdl_uart_input_char
 .text          0x00104744      0x500 lib/MT3620_M4_Driver/libMT3620_M4_Driver.a(mhal_mbox.c.obj)
                0x00104744                mtk_mhal_mbox_reset
                0x0010477c                mtk_mhal_mbox_fifo_read
                0x0010481c                mtk_mhal_mbox_fifo_write
                0x0010495e                mtk_mhal_mbox_ioctl
 .text          0x00104c44      0x360 lib/MT3620_M4_Driver/libMT3620_M4_Driver.a(hdl_mbox.c.obj)
                0x00104c86                mtk_hdl_mbox_sem_post
                0x00104ca0                mtk_hdl_mbox_sem_pend
                0x00104cc0                mtk_hdl_mbox_data_fifo_post
                0x00104cdc                mtk_hdl_mbox_cmd_fifo_post
                0x00104cf8                mtk_hdl_mbox_get_post_fifo_cnt
                0x00104d18                mtk_hdl_mbox_data_fifo_acpt
                0x00104d38                mtk_hdl_mbox_cmd_fifo_acpt
                0x00104d58                mtk_hdl_mbox_get_acpt_fifo_cnt
                0x00104d78                mtk_hdl_mbox_get_nf_thrs
                0x00104d98                mtk_hdl_mbox_set_nf_thrs
                0x00104dba                mtk_hdl_mbox_get_ne_thrs
                0x00104dda                mtk_hdl_mbox_set_ne_thrs
                0x00104dfc                mtk_hdl_mbox_trig_sw_int
                0x00104e22                mtk_hdl_mbox_sw_int_en
                0x00104e3e                mtk_hdl_mbox_get_sw_int_en
                0x00104e5e                mtk_hdl_mbox_sw_int_ctrl
                0x00104eb0                mtk_hdl_mbox_get_sw_int_sts
                0x00104ed0                mtk_hdl_mbox_clear_sw_int_sts
                0x00104eec                mtk_hdl_mbox_int_en
                0x00104f2e                mtk_hdl_mbox_get_int_en
                0x00104f4e                mtk_hdl_mbox_get_int_sts
                0x00104f6e                mtk_hdl_mbox_clear_int_sts
                0x00104f8a                mtk_hdl_mbox_reset
 .text          0x00104fa4      0x268 lib/MT3620_M4_Driver/libMT3620_M4_Driver.a(mhal_osai.c.obj)
                0x00104fa4                osai_delay_us
                0x00105034                osai_delay_ms
                0x00105060                osai_readl
                0x00105078                osai_writel
                0x00105094                osai_get_phyaddr
                0x001050aa                osai_clean_cache
                0x001050c0                osai_invalid_cache
                0x001050d6                osai_dma_allocate_chan
                0x001050ee                osai_dma_config
                0x00105108                osai_dma_start
                0x00105120                osai_dma_stop
                0x00105138                osai_dma_set_param
                0x00105156                osai_dma_get_param
                0x00105174                osai_dma_release_chan
                0x0010518c                osai_dma_get_status
                0x001051a4                osai_dma_update_vfifo_swptr
                0x001051be                osai_dma_vff_read_data
                0x001051da                osai_dma_reset
                0x001051f2                osai_dma_clr_dreq
 .text          0x0010520c      0x378 c:/progra~2/microsoft visual studio/2019/community/linux/gcc_arm/bin/../lib/gcc/arm-none-eabi/8.2.1/thumb/v7e-m+fp/hard\libgcc.a(_arm_addsubdf3.o)
                0x0010520c                __aeabi_drsub
                0x00105214                __aeabi_dsub
                0x00105214                __subdf3
                0x00105218                __aeabi_dadd
                0x00105218                __adddf3
                0x00105490                __floatunsidf
                0x00105490                __aeabi_ui2d
                0x001054b0                __floatsidf
                0x001054b0                __aeabi_i2d
                0x001054d4                __aeabi_f2d
                0x001054d4                __extendsfdf2
                0x00105518                __floatundidf
                0x00105518                __aeabi_ul2d
                0x00105528                __floatdidf
                0x00105528                __aeabi_l2d
 .text          0x00105584      0x424 c:/progra~2/microsoft visual studio/2019/community/linux/gcc_arm/bin/../lib/gcc/arm-none-eabi/8.2.1/thumb/v7e-m+fp/hard\libgcc.a(_arm_muldivdf3.o)
                0x00105584                __aeabi_dmul
                0x00105584                __muldf3
                0x001057d8                __divdf3
                0x001057d8                __aeabi_ddiv
 .text          0x001059a8      0x110 c:/progra~2/microsoft visual studio/2019/community/linux/gcc_arm/bin/../lib/gcc/arm-none-eabi/8.2.1/thumb/v7e-m+fp/hard\libgcc.a(_arm_cmpdf2.o)
                0x001059a8                __gtdf2
                0x001059a8                __gedf2
                0x001059b0                __ltdf2
                0x001059b0                __ledf2
                0x001059b8                __nedf2
                0x001059b8                __eqdf2
                0x001059b8                __cmpdf2
                0x00105a34                __aeabi_cdrcmple
                0x00105a44                __aeabi_cdcmpeq
                0x00105a44                __aeabi_cdcmple
                0x00105a54                __aeabi_dcmpeq
                0x00105a68                __aeabi_dcmplt
                0x00105a7c                __aeabi_dcmple
                0x00105a90                __aeabi_dcmpge
                0x00105aa4                __aeabi_dcmpgt
 .text          0x00105ab8       0x50 c:/progra~2/microsoft visual studio/2019/community/linux/gcc_arm/bin/../lib/gcc/arm-none-eabi/8.2.1/thumb/v7e-m+fp/hard\libgcc.a(_arm_fixdfsi.o)
                0x00105ab8                __aeabi_d2iz
                0x00105ab8                __fixdfsi
 .text          0x00105b08       0x40 c:/progra~2/microsoft visual studio/2019/community/linux/gcc_arm/bin/../lib/gcc/arm-none-eabi/8.2.1/thumb/v7e-m+fp/hard\libgcc.a(_arm_fixunsdfsi.o)
                0x00105b08                __aeabi_d2uiz
                0x00105b08                __fixunsdfsi
 .text          0x00105b48       0xa0 c:/progra~2/microsoft visual studio/2019/community/linux/gcc_arm/bin/../lib/gcc/arm-none-eabi/8.2.1/thumb/v7e-m+fp/hard\libgcc.a(_arm_truncdfsf2.o)
                0x00105b48                __truncdfsf2
                0x00105b48                __aeabi_d2f
 .text          0x00105be8       0x30 c:/progra~2/microsoft visual studio/2019/community/linux/gcc_arm/bin/../lib/gcc/arm-none-eabi/8.2.1/thumb/v7e-m+fp/hard\libgcc.a(_aeabi_uldivmod.o)
                0x00105be8                __aeabi_uldivmod
 .text          0x00105c18       0x30 c:/progra~2/microsoft visual studio/2019/community/linux/gcc_arm/bin/../lib/gcc/arm-none-eabi/8.2.1/thumb/v7e-m+fp/hard\libgcc.a(_fixdfdi.o)
                0x00105c18                __fixdfdi
                0x00105c18                __aeabi_d2lz
 .text          0x00105c48       0x3c c:/progra~2/microsoft visual studio/2019/community/linux/gcc_arm/bin/../lib/gcc/arm-none-eabi/8.2.1/thumb/v7e-m+fp/hard\libgcc.a(_fixunsdfdi.o)
                0x00105c48                __fixunsdfdi
                0x00105c48                __aeabi_d2ulz
 .text          0x00105c84      0x2d0 c:/progra~2/microsoft visual studio/2019/community/linux/gcc_arm/bin/../lib/gcc/arm-none-eabi/8.2.1/thumb/v7e-m+fp/hard\libgcc.a(_udivmoddi4.o)
                0x00105c84                __udivmoddi4
 .text          0x00105f54        0x4 c:/progra~2/microsoft visual studio/2019/community/linux/gcc_arm/bin/../lib/gcc/arm-none-eabi/8.2.1/thumb/v7e-m+fp/hard\libgcc.a(_dvmd_tls.o)
                0x00105f54                __aeabi_idiv0
                0x00105f54                __aeabi_ldiv0
 .text          0x00105f58      0x3a0 lib/MT3620_M4_Driver/lib/MT3620_M4_BSP/libMT3620_M4_BSP.a(nvic.c.obj)
                0x0010608c                SystmTick_Handler
                0x001060a8                NVIC_Register
                0x001060e8                NVIC_UnRegister
                0x00106128                NVIC_SetupVectorTable
                0x0010616c                NVIC_SWInt
                0x0010618c                NVIC_ISR_Check_and_backup
                0x001061c4                NVIC_ISR_Restore
                0x001061f4                CM4_Install_NVIC
                0x0010627a                cm4_irq_set_sw_reset
                0x00106298                cm4_irq_clear_sw_reset
                0x001062b8                cm4_irq_sw_reset
 .text          0x001062f8      0xcd0 lib/MT3620_M4_Driver/lib/MT3620_M4_BSP/libMT3620_M4_BSP.a(cirq_common.c.obj)
                0x001062f8                cirq_gpio_irq_ctl_set_level
                0x001063e0                cirq_gpio_irq_ctl_set_edge
                0x001064d0                cirq_gpio_irq_ctl_set_edge2lvl
                0x001065b8                cirq_gpio_irq_ctl_clr_edge2lvl
                0x001066a8                cirq_gpio_irq_ctl_ack_edge2lvl
                0x00106790                cirq_irq_test_set_trigger
                0x00106910                cirq_irq_test_clr_trigger
                0x00106aa0                cirq_irq_dis_set_trigger
                0x00106bdc                cirq_irq_dis_clr_trigger
                0x00106d28                cirq_irq_ctl_set_level
                0x00106dcc                cirq_irq_ctl_set_edge
                0x00106e78                cirq_cm4_wic_enable
                0x00106f24                cirq_cm4_wic_disable
 .text          0x00106fc8        0x6 lib/MT3620_M4_Driver/lib/MT3620_M4_BSP/libMT3620_M4_BSP.a(vector_table.c.obj)
                0x00106fc8                MPU_Fault_Handler
                0x00106fc8                Bus_Fault_Handler
                0x00106fc8                Usage_Fault_Handler
                0x00106fc8                Debug_Monitor_Handler
                0x00106fc8                Hard_Fault_Handler
                0x00106fc8                NMI_Handler
 *fill*         0x00106fce        0x2 
 .text          0x00106fd0       0x20 lib/MT3620_M4_Driver/lib/MT3620_M4_BSP/libMT3620_M4_BSP.a(startup_mt3620.s.obj)
                0x00106fd0                Reset_Handler
 .text          0x00106ff0     0x1414 lib/MT3620_M4_Driver/MT3620_M4_BSP/FreeRTOS/libMT3620_M4_FreeRTOS.a(queue.c.obj)
                0x00106ff0                xQueueGenericReset
                0x001070c0                xQueueGenericCreate
                0x001071b0                xQueueCreateMutex
                0x001071e0                xQueueGiveMutexRecursive
                0x00107246                xQueueTakeMutexRecursive
                0x001072b0                xQueueCreateCountingSemaphore
                0x00107312                xQueueGenericSend
                0x00107508                xQueueGenericSendFromISR
                0x00107630                xQueueGiveFromISR
                0x00107742                xQueueReceive
                0x001078fc                xQueueSemaphoreTake
                0x00107b0c                xQueuePeek
                0x00107cc8                xQueueReceiveFromISR
                0x00107dc2                xQueuePeekFromISR
                0x00107e8c                uxQueueMessagesWaiting
                0x00107ec6                uxQueueSpacesAvailable
                0x00107f0a                uxQueueMessagesWaitingFromISR
                0x00107f44                vQueueDelete
                0x00107f7e                uxQueueGetQueueNumber
                0x00107f96                vQueueSetQueueNumber
                0x00107fb2                ucQueueGetQueueType
                0x001081ec                xQueueIsQueueEmptyFromISR
                0x00108262                xQueueIsQueueFullFromISR
                0x001082ac                vQueueAddToRegistry
                0x001082fc                pcQueueGetName
                0x00108348                vQueueUnregisterQueue
                0x0010839c                vQueueWaitForMessageRestricted
 .text          0x00108404     0x2380 lib/MT3620_M4_Driver/MT3620_M4_BSP/FreeRTOS/libMT3620_M4_FreeRTOS.a(tasks.c.obj)
                0x00108404                xTaskCreate
                0x00108684                vTaskDelete
                0x001087a0                vTaskDelayUntil
                0x00108894                vTaskDelay
                0x001088fc                eTaskGetState
                0x001089c8                uxTaskPriorityGet
                0x001089fc                uxTaskPriorityGetFromISR
                0x00108a54                vTaskPrioritySet
                0x00108ba4                vTaskSuspend
                0x00108d28                vTaskResume
                0x00108de0                xTaskResumeFromISR
                0x00108ec0                vTaskStartScheduler
                0x00108f58                vTaskEndScheduler
                0x00108f88                vTaskSuspendAll
                0x00108fa4                xTaskResumeAll
                0x001090dc                xTaskGetTickCount
                0x001090fc                xTaskGetTickCountFromISR
                0x00109120                uxTaskGetNumberOfTasks
                0x00109138                pcTaskGetName
                0x00109180                uxTaskGetSystemState
                0x0010929c                xTaskIncrementTick
                0x001093ec                vTaskSetApplicationTaskTag
                0x00109424                xTaskGetApplicationTaskTag
                0x00109458                xTaskGetApplicationTaskTagFromISR
                0x001094b0                xTaskCallApplicationTaskHook
                0x001094f4                vTaskSwitchContext
                0x001095c8                vTaskPlaceOnEventList
                0x00109610                vTaskPlaceOnUnorderedEventList
                0x00109684                vTaskPlaceOnEventListRestricted
                0x001096d8                xTaskRemoveFromEventList
                0x0010979c                vTaskRemoveFromUnorderedEventList
                0x0010985c                vTaskSetTimeOutState
                0x001098a8                vTaskInternalSetTimeOutState
                0x001098d4                xTaskCheckForTimeOut
                0x00109994                vTaskMissedYield
                0x001099ac                uxTaskGetTaskNumber
                0x001099d8                vTaskSetTaskNumber
                0x00109b04                vTaskGetInfo
                0x00109d0c                xTaskGetCurrentTaskHandle
                0x00109d2c                xTaskGetSchedulerState
                0x00109d68                xTaskPriorityInherit
                0x00109e68                xTaskPriorityDisinherit
                0x00109f70                vTaskPriorityDisinheritAfterTimeout
                0x0010a0a0                uxTaskResetEventItemValue
                0x0010a0d0                pvTaskIncrementMutexHeldCount
                0x0010a0f8                ulTaskNotifyTake
                0x0010a188                xTaskNotifyWait
                0x0010a23c                xTaskGenericNotify
                0x0010a3a0                xTaskGenericNotifyFromISR
                0x0010a550                vTaskNotifyGiveFromISR
                0x0010a66c                xTaskNotifyStateClear
 .text          0x0010a784      0x914 lib/MT3620_M4_Driver/MT3620_M4_BSP/FreeRTOS/libMT3620_M4_FreeRTOS.a(timers.c.obj)
                0x0010a784                xTimerCreateTimerTask
                0x0010a7e8                xTimerCreate
                0x0010a89e                xTimerGenericCommand
                0x0010a938                xTimerGetTimerDaemonTaskHandle
                0x0010a970                xTimerGetPeriod
                0x0010a9a6                vTimerSetReloadMode
                0x0010aa0a                xTimerGetExpiryTime
                0x0010aa44                pcTimerGetName
                0x0010af98                xTimerIsTimerActive
                0x0010afe8                pvTimerGetTimerID
                0x0010b026                vTimerSetTimerID
                0x0010b064                uxTimerGetTimerNumber
                0x0010b07c                vTimerSetTimerNumber
 .text          0x0010b098      0x3f4 lib/MT3620_M4_Driver/MT3620_M4_BSP/FreeRTOS/libMT3620_M4_FreeRTOS.a(heap_4.c.obj)
                0x0010b098                pvPortMalloc
                0x0010b224                vPortFree
                0x0010b2d4                xPortGetFreeHeapSize
                0x0010b2ec                xPortGetMinimumEverFreeHeapSize
                0x0010b304                vPortInitialiseBlocks
 *fill*         0x0010b48c        0x4 
 .text          0x0010b490      0x4a4 lib/MT3620_M4_Driver/MT3620_M4_BSP/FreeRTOS/libMT3620_M4_FreeRTOS.a(port.c.obj)
                0x0010b490                pxPortInitialiseStack
                0x0010b54c                SVC_Handler
                0x0010b59a                xPortStartScheduler
                0x0010b6d8                vPortEndScheduler
                0x0010b70c                vPortEnterCritical
                0x0010b768                vPortExitCritical
                0x0010b7b8                PendSV_Handler
                0x0010b826                SysTick_Handler
                0x0010b868                vPortSetupTimerInterrupt
                0x0010b8b0                vPortValidateInterruptPriority
 .text          0x0010b934      0x168 lib/MT3620_M4_Driver/MT3620_M4_BSP/FreeRTOS/libMT3620_M4_FreeRTOS.a(list.c.obj)
                0x0010b934                vListInitialise
                0x0010b974                vListInitialiseItem
                0x0010b98e                vListInsertEnd
                0x0010b9d6                vListInsert
                0x0010ba48                uxListRemove
 .text          0x0010ba9c       0x14 c:/progra~2/microsoft visual studio/2019/community/linux/gcc_arm/bin/../lib/gcc/arm-none-eabi/8.2.1/../../../../arm-none-eabi/lib/thumb/v7e-m+fp/hard\libc_nano.a(lib_a-strcmp.o)
                0x0010ba9c                strcmp
 *(.text*)
 .text._ZN6tflite13ErrorReporterD2Ev
                0x0010bab0       0x20 CMakeFiles/azure-sphere-combo-cifar10-rtcore.dir/D_/CareerHack2021/project/app/lib_src/emergency_detect/main.cc.obj
                0x0010bab0                tflite::ErrorReporter::~ErrorReporter()
                0x0010bab0                tflite::ErrorReporter::~ErrorReporter()
 .text._ZN6tflite13ErrorReporterD0Ev
                0x0010bad0       0x1e CMakeFiles/azure-sphere-combo-cifar10-rtcore.dir/D_/CareerHack2021/project/app/lib_src/emergency_detect/main.cc.obj
                0x0010bad0                tflite::ErrorReporter::~ErrorReporter()
 .text._ZN11flatbuffers11EndianCheckEv
                0x0010baee       0x16 CMakeFiles/azure-sphere-combo-cifar10-rtcore.dir/D_/CareerHack2021/project/app/lib_src/emergency_detect/main.cc.obj
                0x0010baee                flatbuffers::EndianCheck()
 .text._ZNK11flatbuffers5Table9GetVTableEv
                0x0010bb04       0x20 CMakeFiles/azure-sphere-combo-cifar10-rtcore.dir/D_/CareerHack2021/project/app/lib_src/emergency_detect/main.cc.obj
                0x0010bb04                flatbuffers::Table::GetVTable() const
 .text._ZNK11flatbuffers5Table22GetOptionalFieldOffsetEt
                0x0010bb24       0x40 CMakeFiles/azure-sphere-combo-cifar10-rtcore.dir/D_/CareerHack2021/project/app/lib_src/emergency_detect/main.cc.obj
                0x0010bb24                flatbuffers::Table::GetOptionalFieldOffset(unsigned short) const
 .text._ZNK6tflite5Model7versionEv
                0x0010bb64       0x1e CMakeFiles/azure-sphere-combo-cifar10-rtcore.dir/D_/CareerHack2021/project/app/lib_src/emergency_detect/main.cc.obj
                0x0010bb64                tflite::Model::version() const
 .text._ZN6tflite8GetModelEPKv
                0x0010bb82       0x18 CMakeFiles/azure-sphere-combo-cifar10-rtcore.dir/D_/CareerHack2021/project/app/lib_src/emergency_detect/main.cc.obj
                0x0010bb82                tflite::GetModel(void const*)
 *fill*         0x0010bb9a        0x2 
 .text._ZN6tflite10OpResolverD2Ev
                0x0010bb9c       0x20 CMakeFiles/azure-sphere-combo-cifar10-rtcore.dir/D_/CareerHack2021/project/app/lib_src/emergency_detect/main.cc.obj
                0x0010bb9c                tflite::OpResolver::~OpResolver()
                0x0010bb9c                tflite::OpResolver::~OpResolver()
 .text._ZN6tflite10OpResolverD0Ev
                0x0010bbbc       0x1e CMakeFiles/azure-sphere-combo-cifar10-rtcore.dir/D_/CareerHack2021/project/app/lib_src/emergency_detect/main.cc.obj
                0x0010bbbc                tflite::OpResolver::~OpResolver()
 .text._ZNK6tflite15MicroOpResolver6FindOpENS_15BuiltinOperatorEi
                0x0010bbda       0x28 CMakeFiles/azure-sphere-combo-cifar10-rtcore.dir/D_/CareerHack2021/project/app/lib_src/emergency_detect/main.cc.obj
                0x0010bbda                tflite::MicroOpResolver::FindOp(tflite::BuiltinOperator, int) const
 .text._ZNK6tflite15MicroOpResolver6FindOpEPKci
                0x0010bc02       0x24 CMakeFiles/azure-sphere-combo-cifar10-rtcore.dir/D_/CareerHack2021/project/app/lib_src/emergency_detect/main.cc.obj
                0x0010bc02                tflite::MicroOpResolver::FindOp(char const*, int) const
 *fill*         0x0010bc26        0x2 
 .text._ZN6tflite15MicroOpResolverD2Ev
                0x0010bc28       0x24 CMakeFiles/azure-sphere-combo-cifar10-rtcore.dir/D_/CareerHack2021/project/app/lib_src/emergency_detect/main.cc.obj
                0x0010bc28                tflite::MicroOpResolver::~MicroOpResolver()
                0x0010bc28                tflite::MicroOpResolver::~MicroOpResolver()
 .text._ZN6tflite15MicroOpResolverD0Ev
                0x0010bc4c       0x1e CMakeFiles/azure-sphere-combo-cifar10-rtcore.dir/D_/CareerHack2021/project/app/lib_src/emergency_detect/main.cc.obj
                0x0010bc4c                tflite::MicroOpResolver::~MicroOpResolver()
 *fill*         0x0010bc6a        0x2 
 .text._ZN6tflite18MicroErrorReporterD2Ev
                0x0010bc6c       0x24 CMakeFiles/azure-sphere-combo-cifar10-rtcore.dir/D_/CareerHack2021/project/app/lib_src/emergency_detect/main.cc.obj
                0x0010bc6c                tflite::MicroErrorReporter::~MicroErrorReporter()
                0x0010bc6c                tflite::MicroErrorReporter::~MicroErrorReporter()
 .text._ZN6tflite18MicroErrorReporterD0Ev
                0x0010bc90       0x1e CMakeFiles/azure-sphere-combo-cifar10-rtcore.dir/D_/CareerHack2021/project/app/lib_src/emergency_detect/main.cc.obj
                0x0010bc90                tflite::MicroErrorReporter::~MicroErrorReporter()
 .text._ZN6tflite18MicroErrorReporterdlEPv
                0x0010bcae       0x14 CMakeFiles/azure-sphere-combo-cifar10-rtcore.dir/D_/CareerHack2021/project/app/lib_src/emergency_detect/main.cc.obj
                0x0010bcae                tflite::MicroErrorReporter::operator delete(void*)
 *fill*         0x0010bcc2        0x2 
 .text.emergency_detect_setup
                0x0010bcc4      0x260 CMakeFiles/azure-sphere-combo-cifar10-rtcore.dir/D_/CareerHack2021/project/app/lib_src/emergency_detect/main.cc.obj
                0x0010bcc4                emergency_detect_setup
 .text.emergency_detect_loop
                0x0010bf24       0xcc CMakeFiles/azure-sphere-combo-cifar10-rtcore.dir/D_/CareerHack2021/project/app/lib_src/emergency_detect/main.cc.obj
                0x0010bf24                emergency_detect_loop
 .text._ZN11flatbuffers12EndianScalarImEET_S1_
                0x0010bff0       0x16 CMakeFiles/azure-sphere-combo-cifar10-rtcore.dir/D_/CareerHack2021/project/app/lib_src/emergency_detect/main.cc.obj
                0x0010bff0                unsigned long flatbuffers::EndianScalar<unsigned long>(unsigned long)
 .text._ZN11flatbuffers10ReadScalarItEET_PKv
                0x0010c006       0x1c CMakeFiles/azure-sphere-combo-cifar10-rtcore.dir/D_/CareerHack2021/project/app/lib_src/emergency_detect/main.cc.obj
                0x0010c006                unsigned short flatbuffers::ReadScalar<unsigned short>(void const*)
 .text._ZN11flatbuffers10ReadScalarImEET_PKv
                0x0010c022       0x1c CMakeFiles/azure-sphere-combo-cifar10-rtcore.dir/D_/CareerHack2021/project/app/lib_src/emergency_detect/main.cc.obj
                0x0010c022                unsigned long flatbuffers::ReadScalar<unsigned long>(void const*)
 .text._ZN11flatbuffers10ReadScalarIlEET_PKv
                0x0010c03e       0x1c CMakeFiles/azure-sphere-combo-cifar10-rtcore.dir/D_/CareerHack2021/project/app/lib_src/emergency_detect/main.cc.obj
                0x0010c03e                long flatbuffers::ReadScalar<long>(void const*)
 .text._ZNK11flatbuffers5Table8GetFieldImEET_tS2_
                0x0010c05a       0x3c CMakeFiles/azure-sphere-combo-cifar10-rtcore.dir/D_/CareerHack2021/project/app/lib_src/emergency_detect/main.cc.obj
                0x0010c05a                unsigned long flatbuffers::Table::GetField<unsigned long>(unsigned short, unsigned long) const
 .text._ZN11flatbuffers7GetRootIN6tflite5ModelEEEPKT_PKv
                0x0010c096       0x18 CMakeFiles/azure-sphere-combo-cifar10-rtcore.dir/D_/CareerHack2021/project/app/lib_src/emergency_detect/main.cc.obj
                0x0010c096                tflite::Model const* flatbuffers::GetRoot<tflite::Model>(void const*)
 *fill*         0x0010c0ae        0x2 
 .text._ZN6tflite10OpResolverC2Ev
                0x0010c0b0       0x20 CMakeFiles/azure-sphere-combo-cifar10-rtcore.dir/D_/CareerHack2021/project/app/lib_src/emergency_detect/main.cc.obj
                0x0010c0b0                tflite::OpResolver::OpResolver()
                0x0010c0b0                tflite::OpResolver::OpResolver()
 .text._ZN6tflite15MicroOpResolverC2Ev
                0x0010c0d0       0x24 CMakeFiles/azure-sphere-combo-cifar10-rtcore.dir/D_/CareerHack2021/project/app/lib_src/emergency_detect/main.cc.obj
                0x0010c0d0                tflite::MicroOpResolver::MicroOpResolver()
                0x0010c0d0                tflite::MicroOpResolver::MicroOpResolver()
 .text._ZN6tflite22MicroMutableOpResolverILj7EEC2EPNS_13ErrorReporterE
                0x0010c0f4       0x40 CMakeFiles/azure-sphere-combo-cifar10-rtcore.dir/D_/CareerHack2021/project/app/lib_src/emergency_detect/main.cc.obj
                0x0010c0f4                tflite::MicroMutableOpResolver<7u>::MicroMutableOpResolver(tflite::ErrorReporter*)
                0x0010c0f4                tflite::MicroMutableOpResolver<7u>::MicroMutableOpResolver(tflite::ErrorReporter*)
 .text._ZN6tflite22MicroMutableOpResolverILj7EE10AddBuiltinENS_15BuiltinOperatorEP18TfLiteRegistration
                0x0010c134       0x28 CMakeFiles/azure-sphere-combo-cifar10-rtcore.dir/D_/CareerHack2021/project/app/lib_src/emergency_detect/main.cc.obj
                0x0010c134                tflite::MicroMutableOpResolver<7u>::AddBuiltin(tflite::BuiltinOperator, TfLiteRegistration*)
 .text._ZN11flatbuffers12EndianScalarIlEET_S1_
                0x0010c15c       0x16 CMakeFiles/azure-sphere-combo-cifar10-rtcore.dir/D_/CareerHack2021/project/app/lib_src/emergency_detect/main.cc.obj
                0x0010c15c                long flatbuffers::EndianScalar<long>(long)
 .text._ZN11flatbuffers12EndianScalarItEET_S1_
                0x0010c172       0x18 CMakeFiles/azure-sphere-combo-cifar10-rtcore.dir/D_/CareerHack2021/project/app/lib_src/emergency_detect/main.cc.obj
                0x0010c172                unsigned short flatbuffers::EndianScalar<unsigned short>(unsigned short)
 .text._ZN11flatbuffers14GetMutableRootIN6tflite5ModelEEEPT_Pv
                0x0010c18a       0x24 CMakeFiles/azure-sphere-combo-cifar10-rtcore.dir/D_/CareerHack2021/project/app/lib_src/emergency_detect/main.cc.obj
                0x0010c18a                tflite::Model* flatbuffers::GetMutableRoot<tflite::Model>(void*)
 *fill*         0x0010c1ae        0x2 
 .text._ZN6tflite22MicroMutableOpResolverILj7EE10AddBuiltinENS_15BuiltinOperatorERK18TfLiteRegistrationPF12TfLiteStatusPKNS_8OperatorES2_PNS_13ErrorReporterEPNS_20BuiltinDataAllocatorEPPvE
                0x0010c1b0      0x11c CMakeFiles/azure-sphere-combo-cifar10-rtcore.dir/D_/CareerHack2021/project/app/lib_src/emergency_detect/main.cc.obj
                0x0010c1b0                tflite::MicroMutableOpResolver<7u>::AddBuiltin(tflite::BuiltinOperator, TfLiteRegistration const&, TfLiteStatus (*)(tflite::Operator const*, tflite::BuiltinOperator, tflite::ErrorReporter*, tflite::BuiltinDataAllocator*, void**))
 .text._ZNK6tflite22MicroMutableOpResolverILj7EE6FindOpENS_15BuiltinOperatorE
                0x0010c2cc       0x56 CMakeFiles/azure-sphere-combo-cifar10-rtcore.dir/D_/CareerHack2021/project/app/lib_src/emergency_detect/main.cc.obj
                0x0010c2cc                tflite::MicroMutableOpResolver<7u>::FindOp(tflite::BuiltinOperator) const
 *fill*         0x0010c322        0x2 
 .text._ZN6tflite22MicroMutableOpResolverILj7EED2Ev
                0x0010c324       0x24 CMakeFiles/azure-sphere-combo-cifar10-rtcore.dir/D_/CareerHack2021/project/app/lib_src/emergency_detect/main.cc.obj
                0x0010c324                tflite::MicroMutableOpResolver<7u>::~MicroMutableOpResolver()
                0x0010c324                tflite::MicroMutableOpResolver<7u>::~MicroMutableOpResolver()
 .text._ZN6tflite22MicroMutableOpResolverILj7EED0Ev
                0x0010c348       0x1e CMakeFiles/azure-sphere-combo-cifar10-rtcore.dir/D_/CareerHack2021/project/app/lib_src/emergency_detect/main.cc.obj
                0x0010c348                tflite::MicroMutableOpResolver<7u>::~MicroMutableOpResolver()
 .text._ZN6tflite22MicroMutableOpResolverILj7EEdlEPv
                0x0010c366       0x14 CMakeFiles/azure-sphere-combo-cifar10-rtcore.dir/D_/CareerHack2021/project/app/lib_src/emergency_detect/main.cc.obj
                0x0010c366                tflite::MicroMutableOpResolver<7u>::operator delete(void*)
 .text._ZNK6tflite22MicroMutableOpResolverILj7EE6FindOpEPKc
                0x0010c37a       0x56 CMakeFiles/azure-sphere-combo-cifar10-rtcore.dir/D_/CareerHack2021/project/app/lib_src/emergency_detect/main.cc.obj
                0x0010c37a                tflite::MicroMutableOpResolver<7u>::FindOp(char const*) const
 .text._ZNK6tflite22MicroMutableOpResolverILj7EE15GetOpDataParserENS_15BuiltinOperatorE
                0x0010c3d0       0x4e CMakeFiles/azure-sphere-combo-cifar10-rtcore.dir/D_/CareerHack2021/project/app/lib_src/emergency_detect/main.cc.obj
                0x0010c3d0                tflite::MicroMutableOpResolver<7u>::GetOpDataParser(tflite::BuiltinOperator) const
 *fill*         0x0010c41e        0x2 
 .text._ZN6tflite18MicroErrorReporter6ReportEPKcSt9__va_list
                0x0010c420       0x2c ../../../../../../prebuilts/lib/libtensorflow-microlite.a(micro_error_reporter.o)
                0x0010c420                tflite::MicroErrorReporter::Report(char const*, std::__va_list)
 .text._ZN6tflite8internal13ContextHelper24AllocatePersistentBufferEP13TfLiteContextjPPv
                0x0010c44c        0x8 ../../../../../../prebuilts/lib/libtensorflow-microlite.a(micro_interpreter.o)
                0x0010c44c                tflite::internal::ContextHelper::AllocatePersistentBuffer(TfLiteContext*, unsigned int, void**)
 .text._ZN6tflite8internal13ContextHelper27RequestScratchBufferInArenaEP13TfLiteContextjPi
                0x0010c454       0x16 ../../../../../../prebuilts/lib/libtensorflow-microlite.a(micro_interpreter.o)
                0x0010c454                tflite::internal::ContextHelper::RequestScratchBufferInArena(TfLiteContext*, unsigned int, int*)
 .text._ZN6tflite8internal13ContextHelper16GetScratchBufferEP13TfLiteContexti
                0x0010c46a        0x8 ../../../../../../prebuilts/lib/libtensorflow-microlite.a(micro_interpreter.o)
                0x0010c46a                tflite::internal::ContextHelper::GetScratchBuffer(TfLiteContext*, int)
 .text._ZN6tflite8internal13ContextHelper13ReportOpErrorEP13TfLiteContextPKcz
                0x0010c472       0x20 ../../../../../../prebuilts/lib/libtensorflow-microlite.a(micro_interpreter.o)
                0x0010c472                tflite::internal::ContextHelper::ReportOpError(TfLiteContext*, char const*, ...)
 .text._ZNK6tflite16MicroInterpreter14operators_sizeEv.isra.12
                0x0010c492       0x16 ../../../../../../prebuilts/lib/libtensorflow-microlite.a(micro_interpreter.o)
 .text._ZN6tflite12DynamicAgentC2Ev
                0x0010c4a8       0x4e ../../../../../../prebuilts/lib/libtensorflow-microlite.a(micro_interpreter.o)
                0x0010c4a8                tflite::DynamicAgent::DynamicAgent()
                0x0010c4a8                tflite::DynamicAgent::DynamicAgent()
 .text._ZN6tflite16MicroInterpreterD2Ev
                0x0010c4f6       0x36 ../../../../../../prebuilts/lib/libtensorflow-microlite.a(micro_interpreter.o)
                0x0010c4f6                tflite::MicroInterpreter::~MicroInterpreter()
                0x0010c4f6                tflite::MicroInterpreter::~MicroInterpreter()
 .text._ZN6tflite16MicroInterpreter4InitEPNS_8ProfilerE
                0x0010c52c       0x7c ../../../../../../prebuilts/lib/libtensorflow-microlite.a(micro_interpreter.o)
                0x0010c52c                tflite::MicroInterpreter::Init(tflite::Profiler*)
 .text._ZN6tflite16MicroInterpreterC2EPKNS_5ModelERKNS_15MicroOpResolverEPhjPNS_13ErrorReporterEPNS_8ProfilerE
                0x0010c5a8       0x50 ../../../../../../prebuilts/lib/libtensorflow-microlite.a(micro_interpreter.o)
                0x0010c5a8                tflite::MicroInterpreter::MicroInterpreter(tflite::Model const*, tflite::MicroOpResolver const&, unsigned char*, unsigned int, tflite::ErrorReporter*, tflite::Profiler*)
                0x0010c5a8                tflite::MicroInterpreter::MicroInterpreter(tflite::Model const*, tflite::MicroOpResolver const&, unsigned char*, unsigned int, tflite::ErrorReporter*, tflite::Profiler*)
 .text._ZN6tflite16MicroInterpreter15AllocateTensorsEv
                0x0010c5f8      0x16c ../../../../../../prebuilts/lib/libtensorflow-microlite.a(micro_interpreter.o)
                0x0010c5f8                tflite::MicroInterpreter::AllocateTensors()
 .text._ZN6tflite16MicroInterpreter6InvokeEv
                0x0010c764       0xc4 ../../../../../../prebuilts/lib/libtensorflow-microlite.a(micro_interpreter.o)
                0x0010c764                tflite::MicroInterpreter::Invoke()
 .text._ZN11flatbuffers5Table10GetPointerIPKNS_6VectorIlEEEET_t
                0x0010c828       0x12 ../../../../../../prebuilts/lib/libtensorflow-microlite.a(micro_interpreter.o)
                0x0010c828                flatbuffers::Vector<long> const* flatbuffers::Table::GetPointer<flatbuffers::Vector<long> const*>(unsigned short)
 *fill*         0x0010c83a        0x2 
 .text._ZN6tflite16MicroInterpreter5inputEj
                0x0010c83c       0x38 ../../../../../../prebuilts/lib/libtensorflow-microlite.a(micro_interpreter.o)
                0x0010c83c                tflite::MicroInterpreter::input(unsigned int)
 .text._ZN6tflite16MicroInterpreter6outputEj
                0x0010c874       0x38 ../../../../../../prebuilts/lib/libtensorflow-microlite.a(micro_interpreter.o)
                0x0010c874                tflite::MicroInterpreter::output(unsigned int)
 .text._ZN12_GLOBAL__N_19StrCatStrEPciPKc
                0x0010c8ac       0x2c ../../../../../../prebuilts/lib/libtensorflow-microlite.a(micro_string.o)
 .text._ZN12_GLOBAL__N_122FastUInt32ToBufferLeftEmPci
                0x0010c8d8       0x3e ../../../../../../prebuilts/lib/libtensorflow-microlite.a(micro_string.o)
 *fill*         0x0010c916        0x2 
 .text.MicroVsnprintf
                0x0010c918      0x23c ../../../../../../prebuilts/lib/libtensorflow-microlite.a(micro_string.o)
                0x0010c918                MicroVsnprintf
 .text._ZN6tflite21SimpleMemoryAllocatorD2Ev
                0x0010cb54        0xc ../../../../../../prebuilts/lib/libtensorflow-microlite.a(simple_memory_allocator.o)
                0x0010cb54                tflite::SimpleMemoryAllocator::~SimpleMemoryAllocator()
                0x0010cb54                tflite::SimpleMemoryAllocator::~SimpleMemoryAllocator()
 .text._ZN6tflite21SimpleMemoryAllocatorD0Ev
                0x0010cb60        0xc ../../../../../../prebuilts/lib/libtensorflow-microlite.a(simple_memory_allocator.o)
                0x0010cb60                tflite::SimpleMemoryAllocator::~SimpleMemoryAllocator()
 .text._ZN6tflite21SimpleMemoryAllocator16AllocateFromHeadEjj
                0x0010cb6c       0x34 ../../../../../../prebuilts/lib/libtensorflow-microlite.a(simple_memory_allocator.o)
                0x0010cb6c                tflite::SimpleMemoryAllocator::AllocateFromHead(unsigned int, unsigned int)
 .text._ZN6tflite21SimpleMemoryAllocator16AllocateFromTailEjj
                0x0010cba0       0x34 ../../../../../../prebuilts/lib/libtensorflow-microlite.a(simple_memory_allocator.o)
                0x0010cba0                tflite::SimpleMemoryAllocator::AllocateFromTail(unsigned int, unsigned int)
 .text._ZN6tflite21SimpleMemoryAllocatorC2EPNS_13ErrorReporterEPhS3_
                0x0010cbd4       0x18 ../../../../../../prebuilts/lib/libtensorflow-microlite.a(simple_memory_allocator.o)
                0x0010cbd4                tflite::SimpleMemoryAllocator::SimpleMemoryAllocator(tflite::ErrorReporter*, unsigned char*, unsigned char*)
                0x0010cbd4                tflite::SimpleMemoryAllocator::SimpleMemoryAllocator(tflite::ErrorReporter*, unsigned char*, unsigned char*)
 .text._ZN6tflite21SimpleMemoryAllocator6CreateEPNS_13ErrorReporterEPhj
                0x0010cbec       0x40 ../../../../../../prebuilts/lib/libtensorflow-microlite.a(simple_memory_allocator.o)
                0x0010cbec                tflite::SimpleMemoryAllocator::Create(tflite::ErrorReporter*, unsigned char*, unsigned int)
 .text._ZNK6tflite21SimpleMemoryAllocator7GetHeadEv
                0x0010cc2c        0x4 ../../../../../../prebuilts/lib/libtensorflow-microlite.a(simple_memory_allocator.o)
                0x0010cc2c                tflite::SimpleMemoryAllocator::GetHead() const
 .text._ZNK6tflite21SimpleMemoryAllocator7GetTailEv
                0x0010cc30        0x4 ../../../../../../prebuilts/lib/libtensorflow-microlite.a(simple_memory_allocator.o)
                0x0010cc30                tflite::SimpleMemoryAllocator::GetTail() const
 .text._ZNK6tflite21SimpleMemoryAllocator18GetAvailableMemoryEv
                0x0010cc34        0x8 ../../../../../../prebuilts/lib/libtensorflow-microlite.a(simple_memory_allocator.o)
                0x0010cc34                tflite::SimpleMemoryAllocator::GetAvailableMemory() const
 .text._ZN6tflite13ErrorReporter6ReportEPKcz
                0x0010cc3c       0x1c ../../../../../../prebuilts/lib/libtensorflow-microlite.a(error_reporter.o)
                0x0010cc3c                tflite::ErrorReporter::Report(char const*, ...)
 .text._ZN6tflite13ErrorReporter11ReportErrorEPvPKcz
                0x0010cc58       0x1c ../../../../../../prebuilts/lib/libtensorflow-microlite.a(error_reporter.o)
                0x0010cc58                tflite::ErrorReporter::ReportError(void*, char const*, ...)
 .text._ZN6tflite12_GLOBAL__N_124SafeBuiltinDataAllocator18BuiltinDataDeleterclEPv
                0x0010cc74        0xc ../../../../../../prebuilts/lib/libtensorflow-microlite.a(flatbuffer_conversions.o)
 .text._ZN6tflite12_GLOBAL__N_117ConvertActivationENS_22ActivationFunctionTypeE
                0x0010cc80       0x14 ../../../../../../prebuilts/lib/libtensorflow-microlite.a(flatbuffer_conversions.o)
 .text._ZN6tflite12_GLOBAL__N_114ConvertPaddingENS_7PaddingE
                0x0010cc94       0x10 ../../../../../../prebuilts/lib/libtensorflow-microlite.a(flatbuffer_conversions.o)
 .text._ZN6tflite12_GLOBAL__N_126FlatBufferIntVectorToArrayEiPKN11flatbuffers6VectorIlEEPiPNS_13ErrorReporterEPKc.constprop.54
                0x0010cca4       0x40 ../../../../../../prebuilts/lib/libtensorflow-microlite.a(flatbuffer_conversions.o)
 .text._ZNK6tflite8Operator15builtin_optionsEv
                0x0010cce4       0x14 ../../../../../../prebuilts/lib/libtensorflow-microlite.a(flatbuffer_conversions.o)
                0x0010cce4                tflite::Operator::builtin_options() const
 .text._ZN6tflite17ConvertTensorTypeENS_10TensorTypeEP10TfLiteTypePNS_13ErrorReporterE
                0x0010ccf8       0x60 ../../../../../../prebuilts/lib/libtensorflow-microlite.a(flatbuffer_conversions.o)
                0x0010ccf8                tflite::ConvertTensorType(tflite::TensorType, TfLiteType*, tflite::ErrorReporter*)
 .text._ZNK11flatbuffers5Table8GetFieldIhEET_tS2_
                0x0010cd58       0x14 ../../../../../../prebuilts/lib/libtensorflow-microlite.a(flatbuffer_conversions.o)
                0x0010cd58                unsigned char flatbuffers::Table::GetField<unsigned char>(unsigned short, unsigned char) const
 .text._ZNK6tflite8Operator20builtin_options_typeEv
                0x0010cd6c        0xc ../../../../../../prebuilts/lib/libtensorflow-microlite.a(flatbuffer_conversions.o)
                0x0010cd6c                tflite::Operator::builtin_options_type() const
 .text._ZN6tflite12ParseReshapeEPKNS_8OperatorENS_15BuiltinOperatorEPNS_13ErrorReporterEPNS_20BuiltinDataAllocatorEPPv
                0x0010cd78       0x9c ../../../../../../prebuilts/lib/libtensorflow-microlite.a(flatbuffer_conversions.o)
                0x0010cd78                tflite::ParseReshape(tflite::Operator const*, tflite::BuiltinOperator, tflite::ErrorReporter*, tflite::BuiltinDataAllocator*, void**)
 .text._ZNK11flatbuffers5Table8GetFieldIlEET_tS2_
                0x0010ce14       0x14 ../../../../../../prebuilts/lib/libtensorflow-microlite.a(flatbuffer_conversions.o)
                0x0010ce14                long flatbuffers::Table::GetField<long>(unsigned short, long) const
 .text._ZNK11flatbuffers5Table8GetFieldIaEET_tS2_
                0x0010ce28       0x16 ../../../../../../prebuilts/lib/libtensorflow-microlite.a(flatbuffer_conversions.o)
                0x0010ce28                signed char flatbuffers::Table::GetField<signed char>(unsigned short, signed char) const
 *fill*         0x0010ce3e        0x2 
 .text._ZN6tflite11ParseConv2DEPKNS_8OperatorENS_15BuiltinOperatorEPNS_13ErrorReporterEPNS_20BuiltinDataAllocatorEPPv
                0x0010ce40       0xc4 ../../../../../../prebuilts/lib/libtensorflow-microlite.a(flatbuffer_conversions.o)
                0x0010ce40                tflite::ParseConv2D(tflite::Operator const*, tflite::BuiltinOperator, tflite::ErrorReporter*, tflite::BuiltinDataAllocator*, void**)
 .text._ZN6tflite20ParseDepthwiseConv2DEPKNS_8OperatorENS_15BuiltinOperatorEPNS_13ErrorReporterEPNS_20BuiltinDataAllocatorEPPv
                0x0010cf04       0xd0 ../../../../../../prebuilts/lib/libtensorflow-microlite.a(flatbuffer_conversions.o)
                0x0010cf04                tflite::ParseDepthwiseConv2D(tflite::Operator const*, tflite::BuiltinOperator, tflite::ErrorReporter*, tflite::BuiltinDataAllocator*, void**)
 .text._ZN6tflite19ParseFullyConnectedEPKNS_8OperatorENS_15BuiltinOperatorEPNS_13ErrorReporterEPNS_20BuiltinDataAllocatorEPPv
                0x0010cfd4       0xd0 ../../../../../../prebuilts/lib/libtensorflow-microlite.a(flatbuffer_conversions.o)
                0x0010cfd4                tflite::ParseFullyConnected(tflite::Operator const*, tflite::BuiltinOperator, tflite::ErrorReporter*, tflite::BuiltinDataAllocator*, void**)
 .text._ZN6tflite9ParseSvdfEPKNS_8OperatorENS_15BuiltinOperatorEPNS_13ErrorReporterEPNS_20BuiltinDataAllocatorEPPv
                0x0010d0a4       0xa4 ../../../../../../prebuilts/lib/libtensorflow-microlite.a(flatbuffer_conversions.o)
                0x0010d0a4                tflite::ParseSvdf(tflite::Operator const*, tflite::BuiltinOperator, tflite::ErrorReporter*, tflite::BuiltinDataAllocator*, void**)
 .text._ZNK11flatbuffers5Table8GetFieldIfEET_tS2_
                0x0010d148       0x24 ../../../../../../prebuilts/lib/libtensorflow-microlite.a(flatbuffer_conversions.o)
                0x0010d148                float flatbuffers::Table::GetField<float>(unsigned short, float) const
 .text._ZN6tflite12ParseSoftmaxEPKNS_8OperatorENS_15BuiltinOperatorEPNS_13ErrorReporterEPNS_20BuiltinDataAllocatorEPPv
                0x0010d16c       0x84 ../../../../../../prebuilts/lib/libtensorflow-microlite.a(flatbuffer_conversions.o)
                0x0010d16c                tflite::ParseSoftmax(tflite::Operator const*, tflite::BuiltinOperator, tflite::ErrorReporter*, tflite::BuiltinDataAllocator*, void**)
 .text._ZN6tflite11ParseOpDataEPKNS_8OperatorENS_15BuiltinOperatorEPNS_13ErrorReporterEPNS_20BuiltinDataAllocatorEPPv
                0x0010d1f0     0x1158 ../../../../../../prebuilts/lib/libtensorflow-microlite.a(flatbuffer_conversions.o)
                0x0010d1f0                tflite::ParseOpData(tflite::Operator const*, tflite::BuiltinOperator, tflite::ErrorReporter*, tflite::BuiltinDataAllocator*, void**)
 .text._ZN6tflite19ResetVariableTensorEP12TfLiteTensor
                0x0010e348       0x26 ../../../../../../prebuilts/lib/libtensorflow-microlite.a(tensor_utils.o)
                0x0010e348                tflite::ResetVariableTensor(TfLiteTensor*)
 .text._ZN6tflite12DynamicAgent4InitER13TfLiteContextPNS_13ErrorReporterEPhj
                0x0010e36e        0xe ../../../../../../prebuilts/lib/libtensorflow-microlite.a(dynamic_agent.o)
                0x0010e36e                tflite::DynamicAgent::Init(TfLiteContext&, tflite::ErrorReporter*, unsigned char*, unsigned int)
 .text._ZN6tflite12DynamicAgent8FinalizeEPNS_19NodeAndRegistrationEj
                0x0010e37c       0x30 ../../../../../../prebuilts/lib/libtensorflow-microlite.a(dynamic_agent.o)
                0x0010e37c                tflite::DynamicAgent::Finalize(tflite::NodeAndRegistration*, unsigned int)
 .text._ZN6tflite12DynamicAgent17DynamicLoadPolicyERNS_19NodeAndRegistrationE9DataIndexRj
                0x0010e3ac       0xbc ../../../../../../prebuilts/lib/libtensorflow-microlite.a(dynamic_agent.o)
                0x0010e3ac                tflite::DynamicAgent::DynamicLoadPolicy(tflite::NodeAndRegistration&, DataIndex, unsigned int&)
 .text._ZN6tflite12DynamicAgent17DefaultPreprocessEi
                0x0010e468       0xfc ../../../../../../prebuilts/lib/libtensorflow-microlite.a(dynamic_agent.o)
                0x0010e468                tflite::DynamicAgent::DefaultPreprocess(int)
 .text._ZN6tflite12DynamicAgent22MicroRuntimePreprocessEi
                0x0010e564        0x4 ../../../../../../prebuilts/lib/libtensorflow-microlite.a(dynamic_agent.o)
                0x0010e564                tflite::DynamicAgent::MicroRuntimePreprocess(int)
 .text._ZN6tflite12DynamicAgent18DefaultPostprocessEi
                0x0010e568       0x46 ../../../../../../prebuilts/lib/libtensorflow-microlite.a(dynamic_agent.o)
                0x0010e568                tflite::DynamicAgent::DefaultPostprocess(int)
 .text._ZN6tflite12DynamicAgent23MicroRuntimePostprocessEi
                0x0010e5ae        0x4 ../../../../../../prebuilts/lib/libtensorflow-microlite.a(dynamic_agent.o)
                0x0010e5ae                tflite::DynamicAgent::MicroRuntimePostprocess(int)
 *fill*         0x0010e5b2        0x2 
 .text._ZN6tflite12DynamicAgent13RegisterCacheEPhj
                0x0010e5b4       0x40 ../../../../../../prebuilts/lib/libtensorflow-microlite.a(dynamic_agent.o)
                0x0010e5b4                tflite::DynamicAgent::RegisterCache(unsigned char*, unsigned int)
 .text.IsFineGrainedOPSupport
                0x0010e5f4        0x4 ../../../../../../prebuilts/lib/libtensorflow-microlite.a(dynamic_context.o)
                0x0010e5f4                IsFineGrainedOPSupport
 .text.LoadFromExternal
                0x0010e5f8        0x4 ../../../../../../prebuilts/lib/libtensorflow-microlite.a(npu_platform.o)
                0x0010e5f8                LoadFromExternal
 .text.IsExternalRegion
                0x0010e5fc       0x10 ../../../../../../prebuilts/lib/libtensorflow-microlite.a(npu_platform.o)
                0x0010e5fc                IsExternalRegion
 .text._ZN6tflite3ops5micro15fully_connected4InitEP13TfLiteContextPKcj
                0x0010e60c       0x18 ../../../../../../prebuilts/lib/libtensorflow-microlite.a(fully_connected.o)
                0x0010e60c                tflite::ops::micro::fully_connected::Init(TfLiteContext*, char const*, unsigned int)
 .text._ZN6tflite3ops5micro15fully_connected7PrepareEP13TfLiteContextP10TfLiteNode
                0x0010e624       0xa8 ../../../../../../prebuilts/lib/libtensorflow-microlite.a(fully_connected.o)
                0x0010e624                tflite::ops::micro::fully_connected::Prepare(TfLiteContext*, TfLiteNode*)
 .text._ZN6tflite3ops5micro15fully_connected13EvalQuantizedEP13TfLiteContextP10TfLiteNodeP26TfLiteFullyConnectedParamsPNS2_12_GLOBAL__N_16OpDataEPK12TfLiteTensorSE_SE_PSC_.isra.9
                0x0010e6cc      0x584 ../../../../../../prebuilts/lib/libtensorflow-microlite.a(fully_connected.o)
 .text._ZN6tflite3ops5micro15fully_connected4EvalEP13TfLiteContextP10TfLiteNode
                0x0010ec50      0x484 ../../../../../../prebuilts/lib/libtensorflow-microlite.a(fully_connected.o)
                0x0010ec50                tflite::ops::micro::fully_connected::Eval(TfLiteContext*, TfLiteNode*)
 .text._ZN6tflite3ops5micro24Register_FULLY_CONNECTEDEv
                0x0010f0d4        0x8 ../../../../../../prebuilts/lib/libtensorflow-microlite.a(fully_connected.o)
                0x0010f0d4                tflite::ops::micro::Register_FULLY_CONNECTED()
 .text._ZN6tflite3ops5micro7pooling4InitEP13TfLiteContextPKcj
                0x0010f0dc       0x18 ../../../../../../prebuilts/lib/libtensorflow-microlite.a(pooling.o)
                0x0010f0dc                tflite::ops::micro::pooling::Init(TfLiteContext*, char const*, unsigned int)
 .text._ZN6tflite3ops5micro7pooling12_GLOBAL__N_115CalculateOpDataEPK13TfLiteContextPK16TfLitePoolParamsPK12TfLiteTensorSC_PNS3_6OpDataE.isra.7
                0x0010f0f4       0x98 ../../../../../../prebuilts/lib/libtensorflow-microlite.a(pooling.o)
 .text._ZN6tflite3ops5micro7pooling7PrepareEP13TfLiteContextP10TfLiteNode
                0x0010f18c       0x8c ../../../../../../prebuilts/lib/libtensorflow-microlite.a(pooling.o)
                0x0010f18c                tflite::ops::micro::pooling::Prepare(TfLiteContext*, TfLiteNode*)
 .text._ZN6tflite3ops5micro7pooling7MaxEvalEP13TfLiteContextP10TfLiteNode
                0x0010f218      0x694 ../../../../../../prebuilts/lib/libtensorflow-microlite.a(pooling.o)
                0x0010f218                tflite::ops::micro::pooling::MaxEval(TfLiteContext*, TfLiteNode*)
 .text._ZN6tflite3ops5micro7pooling11AverageEvalEP13TfLiteContextP10TfLiteNode
                0x0010f8ac      0x654 ../../../../../../prebuilts/lib/libtensorflow-microlite.a(pooling.o)
                0x0010f8ac                tflite::ops::micro::pooling::AverageEval(TfLiteContext*, TfLiteNode*)
 .text._ZN6tflite3ops5micro24Register_AVERAGE_POOL_2DEv
                0x0010ff00        0x8 ../../../../../../prebuilts/lib/libtensorflow-microlite.a(pooling.o)
                0x0010ff00                tflite::ops::micro::Register_AVERAGE_POOL_2D()
 .text._ZN6tflite3ops5micro20Register_MAX_POOL_2DEv
                0x0010ff08        0x8 ../../../../../../prebuilts/lib/libtensorflow-microlite.a(pooling.o)
                0x0010ff08                tflite::ops::micro::Register_MAX_POOL_2D()
 .text._ZN6tflite3ops5micro7reshape4EvalEP13TfLiteContextP10TfLiteNode
                0x0010ff10       0x3c ../../../../../../prebuilts/lib/libtensorflow-microlite.a(reshape.o)
                0x0010ff10                tflite::ops::micro::reshape::Eval(TfLiteContext*, TfLiteNode*)
 .text._ZN6tflite3ops5micro7reshape13ReshapeOutputEP13TfLiteContextP10TfLiteNode
                0x0010ff4c      0x158 ../../../../../../prebuilts/lib/libtensorflow-microlite.a(reshape.o)
                0x0010ff4c                tflite::ops::micro::reshape::ReshapeOutput(TfLiteContext*, TfLiteNode*)
 .text._ZN6tflite3ops5micro7reshape7PrepareEP13TfLiteContextP10TfLiteNode
                0x001100a4       0x9c ../../../../../../prebuilts/lib/libtensorflow-microlite.a(reshape.o)
                0x001100a4                tflite::ops::micro::reshape::Prepare(TfLiteContext*, TfLiteNode*)
 .text._ZN6tflite3ops5micro16Register_RESHAPEEv
                0x00110140        0x8 ../../../../../../prebuilts/lib/libtensorflow-microlite.a(reshape.o)
                0x00110140                tflite::ops::micro::Register_RESHAPE()
 .text._ZN6tflite3ops5micro11activations14SoftmaxPrepareEP13TfLiteContextP10TfLiteNode
                0x00110148       0x94 ../../../../../../prebuilts/lib/libtensorflow-microlite.a(softmax.o)
                0x00110148                tflite::ops::micro::activations::SoftmaxPrepare(TfLiteContext*, TfLiteNode*)
 .text._ZN6tflite3ops5micro11activations12SoftmaxFloatEPK12TfLiteTensorPS3_RKNS_13SoftmaxParamsE
                0x001101dc      0x19c ../../../../../../prebuilts/lib/libtensorflow-microlite.a(softmax.o)
                0x001101dc                tflite::ops::micro::activations::SoftmaxFloat(TfLiteTensor const*, TfLiteTensor*, tflite::SoftmaxParams const&)
 .text._ZN6tflite3ops5micro16Register_SOFTMAXEv
                0x00110378        0x8 ../../../../../../prebuilts/lib/libtensorflow-microlite.a(softmax.o)
                0x00110378                tflite::ops::micro::Register_SOFTMAX()
 .text._ZN8gemmlowp32one_over_one_plus_x_for_x_in_0_1IlEENS_10FixedPointIT_Li0EEES3_
                0x00110380      0x3b4 ../../../../../../prebuilts/lib/libtensorflow-microlite.a(softmax.o)
                0x00110380                gemmlowp::FixedPoint<long, 0> gemmlowp::one_over_one_plus_x_for_x_in_0_1<long>(gemmlowp::FixedPoint<long, 0>)
 .text._ZN8gemmlowp55exp_on_interval_between_negative_one_quarter_and_0_exclIlEENS_10FixedPointIT_Li0EEES3_
                0x00110734      0x184 ../../../../../../prebuilts/lib/libtensorflow-microlite.a(softmax.o)
                0x00110734                gemmlowp::FixedPoint<long, 0> gemmlowp::exp_on_interval_between_negative_one_quarter_and_0_excl<long>(gemmlowp::FixedPoint<long, 0>)
 .text._ZN8gemmlowp22exp_on_negative_valuesIlLi5EEENS_10FixedPointIT_Li0EEENS1_IS2_XT0_EEE
                0x001108b8      0x270 ../../../../../../prebuilts/lib/libtensorflow-microlite.a(softmax.o)
                0x001108b8                gemmlowp::FixedPoint<long, 0> gemmlowp::exp_on_negative_values<long, 5>(gemmlowp::FixedPoint<long, 5>)
 .text._ZN6tflite3ops5micro11activations16SoftmaxQuantizedEPK12TfLiteTensorPS3_RKNS_13SoftmaxParamsE
                0x00110b28      0x3d8 ../../../../../../prebuilts/lib/libtensorflow-microlite.a(softmax.o)
                0x00110b28                tflite::ops::micro::activations::SoftmaxQuantized(TfLiteTensor const*, TfLiteTensor*, tflite::SoftmaxParams const&)
 .text._ZN6tflite3ops5micro11activations11SoftmaxEvalEP13TfLiteContextP10TfLiteNode
                0x00110f00      0x23c ../../../../../../prebuilts/lib/libtensorflow-microlite.a(softmax.o)
                0x00110f00                tflite::ops::micro::activations::SoftmaxEval(TfLiteContext*, TfLiteNode*)
 .text._ZN6tflite18QuantizeMultiplierEdPlPi
                0x0011113c       0x94 ../../../../../../prebuilts/lib/libtensorflow-microlite.a(quantization_util.o)
                0x0011113c                tflite::QuantizeMultiplier(double, long*, int*)
 .text._ZN6tflite24PreprocessSoftmaxScalingEddiPlPi
                0x001111d0       0xf0 ../../../../../../prebuilts/lib/libtensorflow-microlite.a(quantization_util.o)
                0x001111d0                tflite::PreprocessSoftmaxScaling(double, double, int, long*, int*)
 .text._ZN6tflite20CalculateInputRadiusEiii
                0x001112c0       0x88 ../../../../../../prebuilts/lib/libtensorflow-microlite.a(quantization_util.o)
                0x001112c0                tflite::CalculateInputRadius(int, int, int)
 .text._ZN6tflite32GetQuantizedConvolutionMultiplerEP13TfLiteContextPK12TfLiteTensorS4_S4_PS2_Pd
                0x00111348      0x108 ../../../../../../prebuilts/lib/libtensorflow-microlite.a(kernel_util.o)
                0x00111348                tflite::GetQuantizedConvolutionMultipler(TfLiteContext*, TfLiteTensor const*, TfLiteTensor const*, TfLiteTensor const*, TfLiteTensor*, double*)
 .text._ZN6tflite33CalculateActivationRangeQuantizedEP13TfLiteContext21TfLiteFusedActivationP12TfLiteTensorPlS5_
                0x00111450      0x174 ../../../../../../prebuilts/lib/libtensorflow-microlite.a(kernel_util.o)
                0x00111450                tflite::CalculateActivationRangeQuantized(TfLiteContext*, TfLiteFusedActivation, TfLiteTensor*, long*, long*)
 *fill*         0x001115c4        0x4 
 .text._ZN6tflite37PopulateConvolutionQuantizationParamsEP13TfLiteContextPK12TfLiteTensorS4_S4_PS2_RK21TfLiteFusedActivationPlPiS9_S9_S9_SA_i
                0x001115c8      0x390 ../../../../../../prebuilts/lib/libtensorflow-microlite.a(kernel_util.o)
                0x001115c8                tflite::PopulateConvolutionQuantizationParams(TfLiteContext*, TfLiteTensor const*, TfLiteTensor const*, TfLiteTensor const*, TfLiteTensor*, TfLiteFusedActivation const&, long*, int*, long*, long*, long*, int*, int)
 .text._ZN6tflite3ops5micro4conv4InitEP13TfLiteContextPKcj
                0x00111958       0x18 ../../../../../../prebuilts/lib/libtensorflow-microlite.a(conv.o)
                0x00111958                tflite::ops::micro::conv::Init(TfLiteContext*, char const*, unsigned int)
 .text._ZN6tflite3ops5micro4conv7PrepareEP13TfLiteContextP10TfLiteNode
                0x00111970      0x410 ../../../../../../prebuilts/lib/libtensorflow-microlite.a(conv.o)
                0x00111970                tflite::ops::micro::conv::Prepare(TfLiteContext*, TfLiteNode*)
 .text._ZN6tflite3ops5micro4conv13EvalQuantizedEP13TfLiteContextP10TfLiteNodeP16TfLiteConvParamsPNS2_6OpDataEPK12TfLiteTensorSD_SD_PSB_SE_SE_
                0x00111d80      0xce0 ../../../../../../prebuilts/lib/libtensorflow-microlite.a(conv.o)
                0x00111d80                tflite::ops::micro::conv::EvalQuantized(TfLiteContext*, TfLiteNode*, TfLiteConvParams*, tflite::ops::micro::conv::OpData*, TfLiteTensor const*, TfLiteTensor const*, TfLiteTensor const*, TfLiteTensor*, TfLiteTensor*, TfLiteTensor*)
 .text._ZN6tflite3ops5micro4conv23EvalQuantizedPerChannelEP13TfLiteContextP10TfLiteNodeP16TfLiteConvParamsPNS2_6OpDataEPK12TfLiteTensorSD_SD_PSB_SE_
                0x00112a60      0x1a4 ../../../../../../prebuilts/lib/libtensorflow-microlite.a(conv.o)
                0x00112a60                tflite::ops::micro::conv::EvalQuantizedPerChannel(TfLiteContext*, TfLiteNode*, TfLiteConvParams*, tflite::ops::micro::conv::OpData*, TfLiteTensor const*, TfLiteTensor const*, TfLiteTensor const*, TfLiteTensor*, TfLiteTensor*)
 .text._ZN6tflite3ops5micro4conv9EvalFloatEP13TfLiteContextP10TfLiteNodeP16TfLiteConvParamsPNS2_6OpDataEPK12TfLiteTensorSD_SD_PSB_SE_SE_
                0x00112c04      0xde8 ../../../../../../prebuilts/lib/libtensorflow-microlite.a(conv.o)
                0x00112c04                tflite::ops::micro::conv::EvalFloat(TfLiteContext*, TfLiteNode*, TfLiteConvParams*, tflite::ops::micro::conv::OpData*, TfLiteTensor const*, TfLiteTensor const*, TfLiteTensor const*, TfLiteTensor*, TfLiteTensor*, TfLiteTensor*)
 .text._ZN6tflite3ops5micro4conv4EvalEP13TfLiteContextP10TfLiteNode
                0x001139ec      0x3d0 ../../../../../../prebuilts/lib/libtensorflow-microlite.a(conv.o)
                0x001139ec                tflite::ops::micro::conv::Eval(TfLiteContext*, TfLiteNode*)
 .text._ZN6tflite3ops5micro16Register_CONV_2DEv
                0x00113dbc        0x8 ../../../../../../prebuilts/lib/libtensorflow-microlite.a(conv.o)
                0x00113dbc                tflite::ops::micro::Register_CONV_2D()
 .text._ZN6tflite3ops5micro14depthwise_conv4InitEP13TfLiteContextPKcj
                0x00113dc4       0x18 ../../../../../../prebuilts/lib/libtensorflow-microlite.a(depthwise_conv.o)
                0x00113dc4                tflite::ops::micro::depthwise_conv::Init(TfLiteContext*, char const*, unsigned int)
 .text._ZN6tflite3ops5micro14depthwise_conv7PrepareEP13TfLiteContextP10TfLiteNode
                0x00113ddc       0x80 ../../../../../../prebuilts/lib/libtensorflow-microlite.a(depthwise_conv.o)
                0x00113ddc                tflite::ops::micro::depthwise_conv::Prepare(TfLiteContext*, TfLiteNode*)
 .text._ZN6tflite3ops5micro14depthwise_conv4EvalEP13TfLiteContextP10TfLiteNode
                0x00113e5c     0x1028 ../../../../../../prebuilts/lib/libtensorflow-microlite.a(depthwise_conv.o)
                0x00113e5c                tflite::ops::micro::depthwise_conv::Eval(TfLiteContext*, TfLiteNode*)
 .text._ZN6tflite3ops5micro26Register_DEPTHWISE_CONV_2DEv
                0x00114e84        0x8 ../../../../../../prebuilts/lib/libtensorflow-microlite.a(depthwise_conv.o)
                0x00114e84                tflite::ops::micro::Register_DEPTHWISE_CONV_2D()
 .text.DebugLog
                0x00114e8c       0x64 ../../../../../../prebuilts/lib/libtensorflow-microlite.a(debug_log.o)
                0x00114e8c                DebugLog
 .text._ZN6tflite14AlignPointerUpEPhj
                0x00114ef0        0xc ../../../../../../prebuilts/lib/libtensorflow-microlite.a(memory_helpers.o)
                0x00114ef0                tflite::AlignPointerUp(unsigned char*, unsigned int)
 .text._ZN6tflite16AlignPointerDownEPhj
                0x00114efc        0x8 ../../../../../../prebuilts/lib/libtensorflow-microlite.a(memory_helpers.o)
                0x00114efc                tflite::AlignPointerDown(unsigned char*, unsigned int)
 .text._ZN6tflite11AlignSizeUpEjj
                0x00114f04        0xc ../../../../../../prebuilts/lib/libtensorflow-microlite.a(memory_helpers.o)
                0x00114f04                tflite::AlignSizeUp(unsigned int, unsigned int)
 .text._ZN6tflite16TfLiteTypeSizeOfE10TfLiteTypePjPNS_13ErrorReporterE
                0x00114f10       0x48 ../../../../../../prebuilts/lib/libtensorflow-microlite.a(memory_helpers.o)
                0x00114f10                tflite::TfLiteTypeSizeOf(TfLiteType, unsigned int*, tflite::ErrorReporter*)
 .text._ZN6tflite22BytesRequiredForTensorERKNS_6TensorEPjS3_PNS_13ErrorReporterE
                0x00114f58       0x7a ../../../../../../prebuilts/lib/libtensorflow-microlite.a(memory_helpers.o)
                0x00114f58                tflite::BytesRequiredForTensor(tflite::Tensor const&, unsigned int*, unsigned int*, tflite::ErrorReporter*)
 *fill*         0x00114fd2        0x2 
 .text._ZN6tflite20BuiltinDataAllocatorD2Ev
                0x00114fd4        0xc ../../../../../../prebuilts/lib/libtensorflow-microlite.a(micro_allocator.o)
                0x00114fd4                tflite::BuiltinDataAllocator::~BuiltinDataAllocator()
                0x00114fd4                tflite::BuiltinDataAllocator::~BuiltinDataAllocator()
 .text._ZN6tflite12_GLOBAL__N_125MicroBuiltinDataAllocator8AllocateEjj
                0x00114fe0        0xc ../../../../../../prebuilts/lib/libtensorflow-microlite.a(micro_allocator.o)
 .text._ZN6tflite12_GLOBAL__N_125MicroBuiltinDataAllocator10DeallocateEPv
                0x00114fec        0x2 ../../../../../../prebuilts/lib/libtensorflow-microlite.a(micro_allocator.o)
 *fill*         0x00114fee        0x2 
 .text._ZN6tflite14MicroAllocatorD2Ev
                0x00114ff0        0xc ../../../../../../prebuilts/lib/libtensorflow-microlite.a(micro_allocator.o)
                0x00114ff0                tflite::MicroAllocator::~MicroAllocator()
                0x00114ff0                tflite::MicroAllocator::~MicroAllocator()
 .text._ZN6tflite14MicroAllocatorD0Ev
                0x00114ffc        0xc ../../../../../../prebuilts/lib/libtensorflow-microlite.a(micro_allocator.o)
                0x00114ffc                tflite::MicroAllocator::~MicroAllocator()
 .text._ZN6tflite12_GLOBAL__N_125MicroBuiltinDataAllocatorD2Ev
                0x00115008        0xc ../../../../../../prebuilts/lib/libtensorflow-microlite.a(micro_allocator.o)
 .text._ZN6tflite12_GLOBAL__N_125MicroBuiltinDataAllocatorD0Ev
                0x00115014        0xc ../../../../../../prebuilts/lib/libtensorflow-microlite.a(micro_allocator.o)
 .text._ZN6tflite20BuiltinDataAllocatorD0Ev
                0x00115020       0x14 ../../../../../../prebuilts/lib/libtensorflow-microlite.a(micro_allocator.o)
                0x00115020                tflite::BuiltinDataAllocator::~BuiltinDataAllocator()
 .text._ZN6tflite14MicroAllocator25AllocateTfLiteTensorArrayEP13TfLiteContextPKNS_8SubGraphE
                0x00115034       0x48 ../../../../../../prebuilts/lib/libtensorflow-microlite.a(micro_allocator.o)
                0x00115034                tflite::MicroAllocator::AllocateTfLiteTensorArray(TfLiteContext*, tflite::SubGraph const*)
 .text._ZN6tflite23EnumNameBuiltinOperatorENS_15BuiltinOperatorE
                0x0011507c       0x18 ../../../../../../prebuilts/lib/libtensorflow-microlite.a(micro_allocator.o)
                0x0011507c                tflite::EnumNameBuiltinOperator(tflite::BuiltinOperator)
 .text._ZNK6tflite6Tensor11is_variableEv
                0x00115094       0x16 ../../../../../../prebuilts/lib/libtensorflow-microlite.a(micro_allocator.o)
                0x00115094                tflite::Tensor::is_variable() const
 *fill*         0x001150aa        0x2 
 .text._ZN6tflite14MicroAllocator17AllocateVariablesEP13TfLiteContextPKNS_8SubGraphE
                0x001150ac       0x84 ../../../../../../prebuilts/lib/libtensorflow-microlite.a(micro_allocator.o)
                0x001150ac                tflite::MicroAllocator::AllocateVariables(TfLiteContext*, tflite::SubGraph const*)
 .text._ZN6tflite14MicroAllocator6CreateEPNS_21SimpleMemoryAllocatorEPNS_13ErrorReporterE
                0x00115130       0x28 ../../../../../../prebuilts/lib/libtensorflow-microlite.a(micro_allocator.o)
                0x00115130                tflite::MicroAllocator::Create(tflite::SimpleMemoryAllocator*, tflite::ErrorReporter*)
 .text._ZN6tflite14MicroAllocator6CreateEPhjPNS_13ErrorReporterE
                0x00115158       0x38 ../../../../../../prebuilts/lib/libtensorflow-microlite.a(micro_allocator.o)
                0x00115158                tflite::MicroAllocator::Create(unsigned char*, unsigned int, tflite::ErrorReporter*)
 .text._ZN6tflite14MicroAllocator24AllocatePersistentBufferEjPPv
                0x00115190       0x2c ../../../../../../prebuilts/lib/libtensorflow-microlite.a(micro_allocator.o)
                0x00115190                tflite::MicroAllocator::AllocatePersistentBuffer(unsigned int, void**)
 .text._ZN6tflite14MicroAllocator27RequestScratchBufferInArenaEijPi
                0x001151bc       0x6c ../../../../../../prebuilts/lib/libtensorflow-microlite.a(micro_allocator.o)
                0x001151bc                tflite::MicroAllocator::RequestScratchBufferInArena(int, unsigned int, int*)
 .text._ZNK6tflite14MicroAllocator16GetScratchBufferEi
                0x00115228       0x2c ../../../../../../prebuilts/lib/libtensorflow-microlite.a(micro_allocator.o)
                0x00115228                tflite::MicroAllocator::GetScratchBuffer(int) const
 .text._ZN6tflite14MicroAllocator29InitGraphAndContextTensorDataEPKNS_5ModelEP13TfLiteContextPKNS_8SubGraphE
                0x00115254       0x2a ../../../../../../prebuilts/lib/libtensorflow-microlite.a(micro_allocator.o)
                0x00115254                tflite::MicroAllocator::InitGraphAndContextTensorData(tflite::Model const*, TfLiteContext*, tflite::SubGraph const*)
 *fill*         0x0011527e        0x2 
 .text._ZN6tflite14MicroAllocator20GetSubGraphFromModelEPKNS_5ModelE
                0x00115280       0x38 ../../../../../../prebuilts/lib/libtensorflow-microlite.a(micro_allocator.o)
                0x00115280                tflite::MicroAllocator::GetSubGraphFromModel(tflite::Model const*)
 .text._ZN6tflite14MicroAllocator20StartModelAllocationEPKNS_5ModelEP13TfLiteContextRKNS_15MicroOpResolverEPPNS_19NodeAndRegistrationE
                0x001152b8       0x64 ../../../../../../prebuilts/lib/libtensorflow-microlite.a(micro_allocator.o)
                0x001152b8                tflite::MicroAllocator::StartModelAllocation(tflite::Model const*, TfLiteContext*, tflite::MicroOpResolver const&, tflite::NodeAndRegistration**)
 .text._ZN6tflite14MicroAllocator21FinishModelAllocationEPKNS_5ModelEP13TfLiteContext
                0x0011531c       0x40 ../../../../../../prebuilts/lib/libtensorflow-microlite.a(micro_allocator.o)
                0x0011531c                tflite::MicroAllocator::FinishModelAllocation(tflite::Model const*, TfLiteContext*)
 .text._ZN11flatbuffers5Table10GetPointerIPKNS_6VectorIhEEEET_t
                0x0011535c       0x12 ../../../../../../prebuilts/lib/libtensorflow-microlite.a(micro_allocator.o)
                0x0011535c                flatbuffers::Vector<unsigned char> const* flatbuffers::Table::GetPointer<flatbuffers::Vector<unsigned char> const*>(unsigned short)
 .text._ZN11flatbuffers5Table10GetPointerIPKNS_6VectorIfEEEET_t
                0x0011536e       0x12 ../../../../../../prebuilts/lib/libtensorflow-microlite.a(micro_allocator.o)
                0x0011536e                flatbuffers::Vector<float> const* flatbuffers::Table::GetPointer<flatbuffers::Vector<float> const*>(unsigned short)
 .text._ZN11flatbuffers5Table10GetPointerIPKNS_6VectorIxEEEET_t
                0x00115380       0x12 ../../../../../../prebuilts/lib/libtensorflow-microlite.a(micro_allocator.o)
                0x00115380                flatbuffers::Vector<long long> const* flatbuffers::Table::GetPointer<flatbuffers::Vector<long long> const*>(unsigned short)
 *fill*         0x00115392        0x2 
 .text._ZN6tflite8internal36InitializeTfLiteTensorFromFlatbufferEPNS_21SimpleMemoryAllocatorERKNS_6TensorEPKN11flatbuffers6VectorINS6_6OffsetINS_6BufferEEEEEPNS_13ErrorReporterEP12TfLiteTensor
                0x00115394      0x1b4 ../../../../../../prebuilts/lib/libtensorflow-microlite.a(micro_allocator.o)
                0x00115394                tflite::internal::InitializeTfLiteTensorFromFlatbuffer(tflite::SimpleMemoryAllocator*, tflite::Tensor const&, flatbuffers::Vector<flatbuffers::Offset<tflite::Buffer> > const*, tflite::ErrorReporter*, TfLiteTensor*)
 .text._ZN6tflite14MicroAllocator39PopulateTfLiteTensorArrayFromFlatbufferEPKNS_5ModelEP13TfLiteContextPKNS_8SubGraphE
                0x00115548       0x84 ../../../../../../prebuilts/lib/libtensorflow-microlite.a(micro_allocator.o)
                0x00115548                tflite::MicroAllocator::PopulateTfLiteTensorArrayFromFlatbuffer(tflite::Model const*, TfLiteContext*, tflite::SubGraph const*)
 .text._ZN11flatbuffers5Table10GetPointerIPKNS_6VectorINS_6OffsetIN6tflite8OperatorEEEEEEET_t
                0x001155cc       0x12 ../../../../../../prebuilts/lib/libtensorflow-microlite.a(micro_allocator.o)
                0x001155cc                flatbuffers::Vector<flatbuffers::Offset<tflite::Operator> > const* flatbuffers::Table::GetPointer<flatbuffers::Vector<flatbuffers::Offset<tflite::Operator> > const*>(unsigned short)
 *fill*         0x001155de        0x2 
 .text._ZN6tflite14MicroAllocator28AllocateNodeAndRegistrationsEPKNS_8SubGraphEPPNS_19NodeAndRegistrationE
                0x001155e0       0x38 ../../../../../../prebuilts/lib/libtensorflow-microlite.a(micro_allocator.o)
                0x001155e0                tflite::MicroAllocator::AllocateNodeAndRegistrations(tflite::SubGraph const*, tflite::NodeAndRegistration**)
 .text._ZN6tflite14MicroAllocator44PrepareNodeAndRegistrationDataFromFlatbufferEPKNS_5ModelEPKNS_8SubGraphERKNS_15MicroOpResolverEPNS_19NodeAndRegistrationE
                0x00115618      0x1a0 ../../../../../../prebuilts/lib/libtensorflow-microlite.a(micro_allocator.o)
                0x00115618                tflite::MicroAllocator::PrepareNodeAndRegistrationDataFromFlatbuffer(tflite::Model const*, tflite::SubGraph const*, tflite::MicroOpResolver const&, tflite::NodeAndRegistration*)
 .text._ZN6tflite14MicroAllocator22CommitStaticMemoryPlanEP13TfLiteContextPKNS_8SubGraphE
                0x001157b8      0x39c ../../../../../../prebuilts/lib/libtensorflow-microlite.a(micro_allocator.o)
                0x001157b8                tflite::MicroAllocator::CommitStaticMemoryPlan(TfLiteContext*, tflite::SubGraph const*)
 .text._ZN6tflite13MemoryPlannerD2Ev
                0x00115b54        0xc ../../../../../../prebuilts/lib/libtensorflow-microlite.a(greedy_memory_planner.o)
                0x00115b54                tflite::MemoryPlanner::~MemoryPlanner()
                0x00115b54                tflite::MemoryPlanner::~MemoryPlanner()
 .text._ZN6tflite19GreedyMemoryPlannerD2Ev
                0x00115b60        0xc ../../../../../../prebuilts/lib/libtensorflow-microlite.a(greedy_memory_planner.o)
                0x00115b60                tflite::GreedyMemoryPlanner::~GreedyMemoryPlanner()
                0x00115b60                tflite::GreedyMemoryPlanner::~GreedyMemoryPlanner()
 .text._ZN6tflite19GreedyMemoryPlannerD0Ev
                0x00115b6c        0xc ../../../../../../prebuilts/lib/libtensorflow-microlite.a(greedy_memory_planner.o)
                0x00115b6c                tflite::GreedyMemoryPlanner::~GreedyMemoryPlanner()
 .text._ZN6tflite19GreedyMemoryPlanner14GetBufferCountEv
                0x00115b78        0x4 ../../../../../../prebuilts/lib/libtensorflow-microlite.a(greedy_memory_planner.o)
                0x00115b78                tflite::GreedyMemoryPlanner::GetBufferCount()
 .text._ZN6tflite13MemoryPlannerD0Ev
                0x00115b7c       0x14 ../../../../../../prebuilts/lib/libtensorflow-microlite.a(greedy_memory_planner.o)
                0x00115b7c                tflite::MemoryPlanner::~MemoryPlanner()
 .text._ZN6tflite19GreedyMemoryPlanner9AddBufferEPNS_13ErrorReporterEiii
                0x00115b90       0x3c ../../../../../../prebuilts/lib/libtensorflow-microlite.a(greedy_memory_planner.o)
                0x00115b90                tflite::GreedyMemoryPlanner::AddBuffer(tflite::ErrorReporter*, int, int, int)
 .text._ZN6tflite18ReverseSortInPlaceEPiS0_i
                0x00115bcc       0x3e ../../../../../../prebuilts/lib/libtensorflow-microlite.a(greedy_memory_planner.o)
                0x00115bcc                tflite::ReverseSortInPlace(int*, int*, int)
 *fill*         0x00115c0a        0x2 
 .text._ZN6tflite19GreedyMemoryPlannerC2EPhi
                0x00115c0c       0x38 ../../../../../../prebuilts/lib/libtensorflow-microlite.a(greedy_memory_planner.o)
                0x00115c0c                tflite::GreedyMemoryPlanner::GreedyMemoryPlanner(unsigned char*, int)
                0x00115c0c                tflite::GreedyMemoryPlanner::GreedyMemoryPlanner(unsigned char*, int)
 .text._ZNK6tflite19GreedyMemoryPlanner22DoesEntryOverlapInTimeEPKNS0_9ListEntryEii
                0x00115c44       0x22 ../../../../../../prebuilts/lib/libtensorflow-microlite.a(greedy_memory_planner.o)
                0x00115c44                tflite::GreedyMemoryPlanner::DoesEntryOverlapInTime(tflite::GreedyMemoryPlanner::ListEntry const*, int, int) const
 .text._ZN6tflite19GreedyMemoryPlanner30NextSimultaneouslyActiveBufferEPKNS0_9ListEntryEii
                0x00115c66       0x42 ../../../../../../prebuilts/lib/libtensorflow-microlite.a(greedy_memory_planner.o)
                0x00115c66                tflite::GreedyMemoryPlanner::NextSimultaneouslyActiveBuffer(tflite::GreedyMemoryPlanner::ListEntry const*, int, int)
 .text._ZN6tflite19GreedyMemoryPlanner24CalculateOffsetsIfNeededEv
                0x00115ca8      0x12c ../../../../../../prebuilts/lib/libtensorflow-microlite.a(greedy_memory_planner.o)
                0x00115ca8                tflite::GreedyMemoryPlanner::CalculateOffsetsIfNeeded()
 .text._ZN6tflite19GreedyMemoryPlanner20GetMaximumMemorySizeEv
                0x00115dd4       0x38 ../../../../../../prebuilts/lib/libtensorflow-microlite.a(greedy_memory_planner.o)
                0x00115dd4                tflite::GreedyMemoryPlanner::GetMaximumMemorySize()
 .text._ZN6tflite19GreedyMemoryPlanner18GetOffsetForBufferEPNS_13ErrorReporterEiPi
                0x00115e0c       0x38 ../../../../../../prebuilts/lib/libtensorflow-microlite.a(greedy_memory_planner.o)
                0x00115e0c                tflite::GreedyMemoryPlanner::GetOffsetForBuffer(tflite::ErrorReporter*, int, int*)
 .text.TfLiteIntArrayGetSizeInBytes
                0x00115e44        0x6 ../../../../../../prebuilts/lib/libtensorflow-microlite.a(common.o)
                0x00115e44                TfLiteIntArrayGetSizeInBytes
 .text.TfLiteFloatArrayGetSizeInBytes
                0x00115e4a        0x6 ../../../../../../prebuilts/lib/libtensorflow-microlite.a(common.o)
                0x00115e4a                TfLiteFloatArrayGetSizeInBytes
 .text.TfLiteTypeGetName
                0x00115e50       0x18 ../../../../../../prebuilts/lib/libtensorflow-microlite.a(common.o)
                0x00115e50                TfLiteTypeGetName
 .text._ZN6tflite25GetRegistrationFromOpCodeEPKNS_12OperatorCodeERKNS_10OpResolverEPNS_13ErrorReporterEPPK18TfLiteRegistration
                0x00115e68       0xb8 ../../../../../../prebuilts/lib/libtensorflow-microlite.a(op_resolver.o)
                0x00115e68                tflite::GetRegistrationFromOpCode(tflite::OperatorCode const*, tflite::OpResolver const&, tflite::ErrorReporter*, TfLiteRegistration const**)
 .text.arm_convolve_wrapper_s8
                0x00115f20       0xbc ../../../../../../prebuilts/lib/libcmsis.a(arm_convolve_wrapper_s8.o)
                0x00115f20                arm_convolve_wrapper_s8
 .text.arm_convolve_wrapper_s8_get_buffer_size
                0x00115fdc       0x68 ../../../../../../prebuilts/lib/libcmsis.a(arm_convolve_wrapper_s8.o)
                0x00115fdc                arm_convolve_wrapper_s8_get_buffer_size
 .text.arm_depthwise_conv_s8
                0x00116044      0x768 ../../../../../../prebuilts/lib/libcmsis.a(arm_depthwise_conv_s8.o)
                0x00116044                arm_depthwise_conv_s8
 .text.arm_depthwise_conv_s8_opt
                0x001167ac      0x778 ../../../../../../prebuilts/lib/libcmsis.a(arm_depthwise_conv_s8_opt.o)
                0x001167ac                arm_depthwise_conv_s8_opt
 .text.arm_depthwise_conv_s8_opt_get_buffer_size
                0x00116f24        0xc ../../../../../../prebuilts/lib/libcmsis.a(arm_depthwise_conv_s8_opt.o)
                0x00116f24                arm_depthwise_conv_s8_opt_get_buffer_size
 .text.arm_depthwise_conv_u8_basic_ver1
                0x00116f30      0x754 ../../../../../../prebuilts/lib/libcmsis.a(arm_depthwise_conv_u8_basic_ver1.o)
                0x00116f30                arm_depthwise_conv_u8_basic_ver1
 .text.arm_fully_connected_s8
                0x00117684       0x54 ../../../../../../prebuilts/lib/libcmsis.a(arm_fully_connected_s8.o)
                0x00117684                arm_fully_connected_s8
 .text.arm_fully_connected_s8_get_buffer_size
                0x001176d8        0x4 ../../../../../../prebuilts/lib/libcmsis.a(arm_fully_connected_s8.o)
                0x001176d8                arm_fully_connected_s8_get_buffer_size
 .text.arm_nn_vec_mat_mult_t_s8
                0x001176dc      0x908 ../../../../../../prebuilts/lib/libcmsis.a(arm_nn_vec_mat_mult_t_s8.o)
                0x001176dc                arm_nn_vec_mat_mult_t_s8
 .text.arm_q7_to_q15_with_offset
                0x00117fe4       0x80 ../../../../../../prebuilts/lib/libcmsis.a(arm_q7_to_q15_with_offset.o)
                0x00117fe4                arm_q7_to_q15_with_offset
 .text.arm_avgpool_s8
                0x00118064      0x1d8 ../../../../../../prebuilts/lib/libcmsis.a(arm_avgpool_s8.o)
                0x00118064                arm_avgpool_s8
 .text.arm_avgpool_s8_get_buffer_size
                0x0011823c        0x4 ../../../../../../prebuilts/lib/libcmsis.a(arm_avgpool_s8.o)
                0x0011823c                arm_avgpool_s8_get_buffer_size
 .text.arm_max_pool_s8_opt
                0x00118240      0x470 ../../../../../../prebuilts/lib/libcmsis.a(arm_max_pool_s8_opt.o)
                0x00118240                arm_max_pool_s8_opt
 .text.arm_softmax_s8
                0x001186b0      0xe08 ../../../../../../prebuilts/lib/libcmsis.a(arm_softmax_s8.o)
                0x001186b0                arm_softmax_s8
 .text.arm_convolve_1x1_s8_fast
                0x001194b8       0x68 ../../../../../../prebuilts/lib/libcmsis.a(arm_convolve_1x1_s8_fast.o)
                0x001194b8                arm_convolve_1x1_s8_fast
 .text.arm_convolve_1x1_s8_fast_get_buffer_size
                0x00119520        0x4 ../../../../../../prebuilts/lib/libcmsis.a(arm_convolve_1x1_s8_fast.o)
                0x00119520                arm_convolve_1x1_s8_fast_get_buffer_size
 .text.arm_convolve_1_x_n_s8
                0x00119524       0x1c ../../../../../../prebuilts/lib/libcmsis.a(arm_convolve_1_x_n_s8.o)
                0x00119524                arm_convolve_1_x_n_s8
 .text.arm_convolve_1_x_n_s8_get_buffer_size
                0x00119540       0x14 ../../../../../../prebuilts/lib/libcmsis.a(arm_convolve_1_x_n_s8.o)
                0x00119540                arm_convolve_1_x_n_s8_get_buffer_size
 .text.arm_convolve_s8
                0x00119554      0x3f0 ../../../../../../prebuilts/lib/libcmsis.a(arm_convolve_s8.o)
                0x00119554                arm_convolve_s8
 .text.arm_convolve_s8_get_buffer_size
                0x00119944       0x14 ../../../../../../prebuilts/lib/libcmsis.a(arm_convolve_s8.o)
                0x00119944                arm_convolve_s8_get_buffer_size
 .text.arm_nn_mat_mult_kernel_s8_s16
                0x00119958      0x6c8 ../../../../../../prebuilts/lib/libcmsis.a(arm_nn_mat_mult_kernel_s8_s16.o)
                0x00119958                arm_nn_mat_mult_kernel_s8_s16
 .text.arm_nn_accumulate_q7_to_q15
                0x0011a020       0x88 ../../../../../../prebuilts/lib/libcmsis.a(arm_nn_accumulate_q7_to_q15.o)
                0x0011a020                arm_nn_accumulate_q7_to_q15
 .text.arm_nn_mat_mult_nt_t_s8
                0x0011a0a8      0xb40 ../../../../../../prebuilts/lib/libcmsis.a(arm_nn_mat_mult_nt_t_s8.o)
                0x0011a0a8                arm_nn_mat_mult_nt_t_s8
 .text.arm_q7_to_q15_no_shift
                0x0011abe8       0x70 ../../../../../../prebuilts/lib/libcmsis.a(arm_q7_to_q15_no_shift.o)
                0x0011abe8                arm_q7_to_q15_no_shift
 .text.__cxa_guard_acquire
                0x0011ac58       0x18 c:/progra~2/microsoft visual studio/2019/community/linux/gcc_arm/bin/../lib/gcc/arm-none-eabi/8.2.1/../../../../arm-none-eabi/lib/thumb/v7e-m+fp/hard\libstdc++_nano.a(guard.o)
                0x0011ac58                __cxa_guard_acquire
 .text.__cxa_guard_release
                0x0011ac70        0x6 c:/progra~2/microsoft visual studio/2019/community/linux/gcc_arm/bin/../lib/gcc/arm-none-eabi/8.2.1/../../../../arm-none-eabi/lib/thumb/v7e-m+fp/hard\libstdc++_nano.a(guard.o)
                0x0011ac70                __cxa_guard_release