Archive member included to satisfy reference by file (symbol)

lib/MT3620_M4_Driver/libMT3620_M4_Driver.a(printf.c.obj)
                              CMakeFiles/azure-sphere-combo-cifar10-rtcore.dir/main.c.obj (printf_)
lib/MT3620_M4_Driver/libMT3620_M4_Driver.a(mhal_gpio.c.obj)
                              CMakeFiles/azure-sphere-combo-cifar10-rtcore.dir/f0775b8a0a1a4f21b831569dbc2a2e8d/project/source/RTCORE_OS_HAL/src/os_hal_gpio.c.obj (mtk_mhal_gpio_get_input)
lib/MT3620_M4_Driver/libMT3620_M4_Driver.a(hdl_gpio.c.obj)
                              lib/MT3620_M4_Driver/libMT3620_M4_Driver.a(mhal_gpio.c.obj) (mtk_hdl_gpio_modify_reg)
lib/MT3620_M4_Driver/libMT3620_M4_Driver.a(mhal_uart.c.obj)
                              CMakeFiles/azure-sphere-combo-cifar10-rtcore.dir/f0775b8a0a1a4f21b831569dbc2a2e8d/project/source/RTCORE_OS_HAL/src/os_hal_uart.c.obj (mtk_mhal_uart_enable_clk)
lib/MT3620_M4_Driver/libMT3620_M4_Driver.a(hdl_uart.c.obj)
                              lib/MT3620_M4_Driver/libMT3620_M4_Driver.a(mhal_uart.c.obj) (mtk_hdl_uart_cg_config)
lib/MT3620_M4_Driver/libMT3620_M4_Driver.a(mhal_mbox.c.obj)
                              CMakeFiles/azure-sphere-combo-cifar10-rtcore.dir/f0775b8a0a1a4f21b831569dbc2a2e8d/project/source/RTCORE_OS_HAL/src/os_hal_mbox.c.obj (mtk_mhal_mbox_reset)
lib/MT3620_M4_Driver/libMT3620_M4_Driver.a(hdl_mbox.c.obj)
                              lib/MT3620_M4_Driver/libMT3620_M4_Driver.a(mhal_mbox.c.obj) (mtk_hdl_mbox_sem_post)
lib/MT3620_M4_Driver/libMT3620_M4_Driver.a(mhal_osai.c.obj)
                              lib/MT3620_M4_Driver/libMT3620_M4_Driver.a(hdl_gpio.c.obj) (osai_readl)
../../../../../../prebuilts/lib/libtensorflow-microlite.a(all_ops_resolver.o)
                              CMakeFiles/azure-sphere-combo-cifar10-rtcore.dir/f0775b8a0a1a4f21b831569dbc2a2e8d/project/app/lib_src/emergency_detect/main.cc.obj (tflite::AllOpsResolver::AllOpsResolver())
../../../../../../prebuilts/lib/libtensorflow-microlite.a(micro_error_reporter.o)
                              CMakeFiles/azure-sphere-combo-cifar10-rtcore.dir/f0775b8a0a1a4f21b831569dbc2a2e8d/project/app/lib_src/emergency_detect/main.cc.obj (vtable for tflite::MicroErrorReporter)
../../../../../../prebuilts/lib/libtensorflow-microlite.a(micro_interpreter.o)
                              CMakeFiles/azure-sphere-combo-cifar10-rtcore.dir/f0775b8a0a1a4f21b831569dbc2a2e8d/project/app/lib_src/emergency_detect/main.cc.obj (tflite::MicroInterpreter::~MicroInterpreter())
../../../../../../prebuilts/lib/libtensorflow-microlite.a(micro_string.o)
                              ../../../../../../prebuilts/lib/libtensorflow-microlite.a(micro_error_reporter.o) (MicroVsnprintf)
../../../../../../prebuilts/lib/libtensorflow-microlite.a(simple_memory_allocator.o)
                              ../../../../../../prebuilts/lib/libtensorflow-microlite.a(micro_interpreter.o) (tflite::SimpleMemoryAllocator::GetHead() const)
../../../../../../prebuilts/lib/libtensorflow-microlite.a(error_reporter.o)
                              CMakeFiles/azure-sphere-combo-cifar10-rtcore.dir/f0775b8a0a1a4f21b831569dbc2a2e8d/project/app/lib_src/emergency_detect/main.cc.obj (tflite::ErrorReporter::Report(char const*, ...))
../../../../../../prebuilts/lib/libtensorflow-microlite.a(flatbuffer_conversions.o)
                              ../../../../../../prebuilts/lib/libtensorflow-microlite.a(all_ops_resolver.o) (tflite::ParseOpData(tflite::Operator const*, tflite::BuiltinOperator, tflite::ErrorReporter*, tflite::BuiltinDataAllocator*, void**))
../../../../../../prebuilts/lib/libtensorflow-microlite.a(tensor_utils.o)
                              ../../../../../../prebuilts/lib/libtensorflow-microlite.a(micro_interpreter.o) (tflite::ResetVariableTensor(TfLiteTensor*))
../../../../../../prebuilts/lib/libtensorflow-microlite.a(dynamic_agent.o)
                              ../../../../../../prebuilts/lib/libtensorflow-microlite.a(micro_interpreter.o) (tflite::DynamicAgent::Init(TfLiteContext&, tflite::ErrorReporter*, unsigned char*, unsigned int))
../../../../../../prebuilts/lib/libtensorflow-microlite.a(dynamic_context.o)
                              ../../../../../../prebuilts/lib/libtensorflow-microlite.a(dynamic_agent.o) (IsFineGrainedOPSupport)
../../../../../../prebuilts/lib/libtensorflow-microlite.a(npu_platform.o)
                              ../../../../../../prebuilts/lib/libtensorflow-microlite.a(dynamic_agent.o) (LoadFromExternal)
../../../../../../prebuilts/lib/libtensorflow-microlite.a(activations.o)
                              ../../../../../../prebuilts/lib/libtensorflow-microlite.a(all_ops_resolver.o) (tflite::ops::micro::Register_RELU())
../../../../../../prebuilts/lib/libtensorflow-microlite.a(add.o)
                              ../../../../../../prebuilts/lib/libtensorflow-microlite.a(all_ops_resolver.o) (tflite::ops::micro::Register_ADD())
../../../../../../prebuilts/lib/libtensorflow-microlite.a(arg_min_max.o)
[...]
Memory Configuration

Name             Origin             Length             Attributes
TCM              0x00100000         0x00030000         xrw
SYSRAM           0x22000000         0x00010000         xrw
FLASH            0x10000000         0x00100000         xr
*default*        0x00000000         0xffffffff

Linker script and memory map

LOAD CMakeFiles/azure-sphere-combo-cifar10-rtcore.dir/main.c.obj
LOAD CMakeFiles/azure-sphere-combo-cifar10-rtcore.dir/f0775b8a0a1a4f21b831569dbc2a2e8d/project/source/RTCORE_OS_HAL/src/os_hal_gpio.c.obj
LOAD CMakeFiles/azure-sphere-combo-cifar10-rtcore.dir/f0775b8a0a1a4f21b831569dbc2a2e8d/project/source/RTCORE_OS_HAL/src/os_hal_uart.c.obj
LOAD CMakeFiles/azure-sphere-combo-cifar10-rtcore.dir/f0775b8a0a1a4f21b831569dbc2a2e8d/project/source/RTCORE_OS_HAL/src/os_hal_mbox.c.obj
LOAD CMakeFiles/azure-sphere-combo-cifar10-rtcore.dir/e19389ff1b18dd4296d4faeafb009a24/source/RTCORE_OS_HAL/src/os_hal_mbox_shared_mem.c.obj
LOAD CMakeFiles/azure-sphere-combo-cifar10-rtcore.dir/f0775b8a0a1a4f21b831569dbc2a2e8d/project/app/lib_src/emergency_detect/emergency-detect.cc.obj
LOAD CMakeFiles/azure-sphere-combo-cifar10-rtcore.dir/f0775b8a0a1a4f21b831569dbc2a2e8d/project/app/lib_src/emergency_detect/main.cc.obj
LOAD lib/MT3620_M4_Driver/libMT3620_M4_Driver.a
LOAD ../../../../../../prebuilts/lib/libtensorflow-microlite.a
LOAD ../../../../../../prebuilts/lib/libcmsis.a
LOAD c:/progra~2/microsoft visual studio/2019/community/linux/gcc_arm/bin/../lib/gcc/arm-none-eabi/8.2.1/../../../../arm-none-eabi/lib/thumb/v7e-m+fp/hard\libstdc++_nano.a
LOAD c:/progra~2/microsoft visual studio/2019/community/linux/gcc_arm/bin/../lib/gcc/arm-none-eabi/8.2.1/../../../../arm-none-eabi/lib/thumb/v7e-m+fp/hard\libsupc++_nano.a
LOAD c:/progra~2/microsoft visual studio/2019/community/linux/gcc_arm/bin/../lib/gcc/arm-none-eabi/8.2.1/thumb/v7e-m+fp/hard\libgcc.a
LOAD c:/progra~2/microsoft visual studio/2019/community/linux/gcc_arm/bin/../lib/gcc/arm-none-eabi/8.2.1/../../../../arm-none-eabi/lib/thumb/v7e-m+fp/hard\libnosys.a
LOAD lib/MT3620_M4_Driver/lib/MT3620_M4_BSP/libMT3620_M4_BSP.a
LOAD lib/MT3620_M4_Driver/MT3620_M4_BSP/FreeRTOS/libMT3620_M4_FreeRTOS.a
LOAD c:/progra~2/microsoft visual studio/2019/community/linux/gcc_arm/bin/../lib/gcc/arm-none-eabi/8.2.1/../../../../arm-none-eabi/lib/thumb/v7e-m+fp/hard\libstdc++_nano.a
LOAD c:/progra~2/microsoft visual studio/2019/community/linux/gcc_arm/bin/../lib/gcc/arm-none-eabi/8.2.1/../../../../arm-none-eabi/lib/thumb/v7e-m+fp/hard\libm.a
LOAD c:/progra~2/microsoft visual studio/2019/community/linux/gcc_arm/bin/../lib/gcc/arm-none-eabi/8.2.1/../../../../arm-none-eabi/lib/thumb/v7e-m+fp/hard\libc_nano.a
START GROUP
LOAD c:/progra~2/microsoft visual studio/2019/community/linux/gcc_arm/bin/../lib/gcc/arm-none-eabi/8.2.1/thumb/v7e-m+fp/hard\libgcc.a
LOAD c:/progra~2/microsoft visual studio/2019/community/linux/gcc_arm/bin/../lib/gcc/arm-none-eabi/8.2.1/../../../../arm-none-eabi/lib/thumb/v7e-m+fp/hard\libg_nano.a
LOAD c:/progra~2/microsoft visual studio/2019/community/linux/gcc_arm/bin/../lib/gcc/arm-none-eabi/8.2.1/../../../../arm-none-eabi/lib/thumb/v7e-m+fp/hard\libc_nano.a
END GROUP
START GROUP
LOAD c:/progra~2/microsoft visual studio/2019/community/linux/gcc_arm/bin/../lib/gcc/arm-none-eabi/8.2.1/thumb/v7e-m+fp/hard\libgcc.a
LOAD c:/progra~2/microsoft visual studio/2019/community/linux/gcc_arm/bin/../lib/gcc/arm-none-eabi/8.2.1/../../../../arm-none-eabi/lib/thumb/v7e-m+fp/hard\libc_nano.a
LOAD c:/progra~2/microsoft visual studio/2019/community/linux/gcc_arm/bin/../lib/gcc/arm-none-eabi/8.2.1/../../../../arm-none-eabi/lib/thumb/v7e-m+fp/hard\libnosys.a
END GROUP
START GROUP
LOAD c:/progra~2/microsoft visual studio/2019/community/linux/gcc_arm/bin/../lib/gcc/arm-none-eabi/8.2.1/thumb/v7e-m+fp/hard\libgcc.a
LOAD c:/progra~2/microsoft visual studio/2019/community/linux/gcc_arm/bin/../lib/gcc/arm-none-eabi/8.2.1/../../../../arm-none-eabi/lib/thumb/v7e-m+fp/hard\libc_nano.a
LOAD c:/progra~2/microsoft visual studio/2019/community/linux/gcc_arm/bin/../lib/gcc/arm-none-eabi/8.2.1/../../../../arm-none-eabi/lib/thumb/v7e-m+fp/hard\libnosys.a
END GROUP

.text           0x00100000    0x40318
 *(.vector_table)
 .vector_table  0x00100000      0x1d0 lib/MT3620_M4_Driver/lib/MT3620_M4_BSP/libMT3620_M4_BSP.a(vector_table.c.obj)
                0x00100000                __isr_vector
 *(.text)
 .text          0x001001d0      0x240 CMakeFiles/azure-sphere-combo-cifar10-rtcore.dir/main.c.obj
                0x0010030c                mbox_swint_cb
                0x00100350                mbox_fifo_cb
                0x00100390                vApplicationStackOverflowHook
                0x001003a4                vApplicationMallocFailedHook
                0x001003b4                _putchar
                0x001003d4                RTCoreMain
 .text          0x00100410      0x4b0 CMakeFiles/azure-sphere-combo-cifar10-rtcore.dir/f0775b8a0a1a4f21b831569dbc2a2e8d/project/source/RTCORE_OS_HAL/src/os_hal_uart.c.obj
                0x00100470                mtk_os_hal_uart_ctlr_init
                0x001004dc                mtk_os_hal_uart_ctlr_deinit
                0x00100500                mtk_os_hal_uart_dumpreg
                0x00100518                mtk_os_hal_uart_set_baudrate
                0x00100534                mtk_os_hal_uart_set_format
                0x00100558                mtk_os_hal_uart_get_char
                0x00100578                mtk_os_hal_uart_get_char_nowait
                0x00100598                mtk_os_hal_uart_put_char
                0x001005b0                mtk_os_hal_uart_clear_irq_status
                0x001005cc                mtk_os_hal_uart_set_irq
                0x001005e4                mtk_os_hal_uart_set_hw_fc
                0x001005fc                mtk_os_hal_uart_disable_sw_fc
                0x00100614                mtk_os_hal_uart_set_sw_fc
                0x00100640                mtk_os_hal_uart_dma_send_data
                0x00100780                mtk_os_hal_uart_dma_get_data
 .text          0x001008c0      0xe60 CMakeFiles/azure-sphere-combo-cifar10-rtcore.dir/f0775b8a0a1a4f21b831569dbc2a2e8d/project/source/RTCORE_OS_HAL/src/os_hal_mbox.c.obj
                0x00100c8c                mtk_os_hal_mbox_sw_int_register_cb
                0x00100df4                mtk_os_hal_mbox_sw_int_unregister_cb
                0x00100ed0                mtk_os_hal_mbox_fifo_register_cb
                0x00101140                mtk_os_hal_mbox_fifo_unregister_cb
                0x001012d0                mtk_os_hal_mbox_open_channel
                0x001013b4                mtk_os_hal_mbox_close_channel
                0x00101410                mtk_os_hal_mbox_fifo_read
                0x00101514                mtk_os_hal_mbox_fifo_write
                0x00101614                mtk_os_hal_mbox_ioctl
 .text          0x00101720      0x284 CMakeFiles/azure-sphere-combo-cifar10-rtcore.dir/e19389ff1b18dd4296d4faeafb009a24/source/RTCORE_OS_HAL/src/os_hal_mbox_shared_mem.c.obj
                0x00101720                GetIntercoreBuffers
                0x001017fc                EnqueueData
                0x001018b4                DequeueData
 *fill*         0x001019a4        0x4 
 .text          0x001019a8     0x1740 lib/MT3620_M4_Driver/libMT3620_M4_Driver.a(printf.c.obj)
                0x00102ffc                printf_
                0x00103028                sprintf_
                0x00103054                snprintf_
                0x0010307c                vprintf_
                0x0010309c                vsnprintf_
                0x001030b8                fctprintf
 .text          0x001030e8      0x4e4 lib/MT3620_M4_Driver/libMT3620_M4_Driver.a(mhal_uart.c.obj)
                0x00103128                mtk_mhal_uart_enable_clk
                0x00103140                mtk_mhal_uart_disable_clk
                0x00103158                mtk_mhal_uart_sw_reset
                0x0010316c                mtk_mhal_uart_dumpreg
                0x00103180                mtk_mhal_uart_hw_init
                0x001031ac                mtk_mhal_uart_set_baudrate
                0x001031d8                mtk_mhal_uart_set_format
                0x0010321c                mtk_mhal_uart_set_hw_fc
                0x0010323c                mtk_mhal_uart_disable_sw_fc
                0x00103250                mtk_mhal_uart_set_sw_fc
                0x00103288                mtk_mhal_uart_set_dma
                0x0010329c                mtk_mhal_uart_clear_irq_status
                0x001032b0                mtk_mhal_uart_set_irq
                0x001032c4                mtk_mhal_uart_putc
                0x001032d8                mtk_mhal_uart_getc
                0x001032f0                mtk_mhal_uart_getc_nowait
                0x00103304                mtk_mhal_uart_dma_tx_callback_register
                0x0010331c                mtk_mhal_uart_dma_rx_callback_register
                0x00103334                mtk_mhal_uart_allocate_dma_tx_ch
                0x00103350                mtk_mhal_uart_allocate_dma_rx_ch
                0x0010336c                mtk_mhal_uart_release_dma_tx_ch
                0x00103388                mtk_mhal_uart_release_dma_rx_ch
                0x001033a4                mtk_mhal_uart_dma_tx_config
                0x00103418                mtk_mhal_uart_dma_rx_config
                0x00103490                mtk_mhal_uart_start_dma_tx
                0x001034d8                mtk_mhal_uart_start_dma_rx
                0x0010350c                mtk_mhal_uart_stop_dma_tx
                0x00103534                mtk_mhal_uart_stop_dma_rx
                0x0010355c                mtk_mhal_uart_update_dma_tx_info
                0x00103594                mtk_mhal_uart_update_dma_rx_info
 .text          0x001035cc      0x404 lib/MT3620_M4_Driver/libMT3620_M4_Driver.a(hdl_uart.c.obj)
                0x001035cc                mtk_hdl_uart_cg_config
                0x001035f4                mtk_hdl_uart_reset
                0x00103618                mtk_hdl_uart_dmreg
                0x0010361c                mtk_hdl_uart_init
                0x00103640                mtk_hdl_uart_set_baudrate
                0x00103754                mtk_hdl_uart_set_format
                0x00103784                mtk_hdl_uart_dma_en
                0x001037bc                mtk_hdl_uart_tx_dma_handshake
                0x001037ec                mtk_hdl_uart_rx_dma_handshake
                0x0010381c                mtk_hdl_uart_clear_irq_status
                0x00103850                mtk_hdl_uart_set_irq
                0x0010385c                mtk_hdl_uart_set_hw_fc
                0x001038c4                mtk_hdl_uart_disable_sw_fc
                0x001038f4                mtk_hdl_uart_set_sw_fc
                0x00103994                mtk_hdl_uart_output_char
                0x001039b4                mtk_hdl_uart_input_char
 .text          0x001039d0      0x384 lib/MT3620_M4_Driver/libMT3620_M4_Driver.a(mhal_mbox.c.obj)
                0x001039d0                mtk_mhal_mbox_reset
                0x001039f4                mtk_mhal_mbox_fifo_read
                0x00103a74                mtk_mhal_mbox_fifo_write
                0x00103af8                mtk_mhal_mbox_ioctl
 .text          0x00103d54      0x18c lib/MT3620_M4_Driver/libMT3620_M4_Driver.a(hdl_mbox.c.obj)
                0x00103d54                mtk_hdl_mbox_sem_post
                0x00103d60                mtk_hdl_mbox_sem_pend
                0x00103d70                mtk_hdl_mbox_data_fifo_post
                0x00103d7c                mtk_hdl_mbox_cmd_fifo_post
                0x00103d88                mtk_hdl_mbox_get_post_fifo_cnt
                0x00103d98                mtk_hdl_mbox_data_fifo_acpt
                0x00103da8                mtk_hdl_mbox_cmd_fifo_acpt
                0x00103db8                mtk_hdl_mbox_get_acpt_fifo_cnt
                0x00103dc8                mtk_hdl_mbox_get_nf_thrs
                0x00103dd8                mtk_hdl_mbox_set_nf_thrs
                0x00103de8                mtk_hdl_mbox_get_ne_thrs
                0x00103df8                mtk_hdl_mbox_set_ne_thrs
                0x00103e08                mtk_hdl_mbox_trig_sw_int
                0x00103e18                mtk_hdl_mbox_sw_int_en
                0x00103e24                mtk_hdl_mbox_get_sw_int_en
                0x00103e34                mtk_hdl_mbox_sw_int_ctrl
                0x00103e64                mtk_hdl_mbox_get_sw_int_sts
                0x00103e74                mtk_hdl_mbox_clear_sw_int_sts
                0x00103e80                mtk_hdl_mbox_int_en
                0x00103eac                mtk_hdl_mbox_get_int_en
                0x00103ebc                mtk_hdl_mbox_get_int_sts
                0x00103ecc                mtk_hdl_mbox_clear_int_sts
                0x00103ed8                mtk_hdl_mbox_reset
 .text          0x00103ee0       0xc4 lib/MT3620_M4_Driver/libMT3620_M4_Driver.a(mhal_osai.c.obj)
                0x00103ee0                osai_delay_us
                0x00103f48                osai_delay_ms
                0x00103f60                osai_readl
                0x00103f64                osai_writel
                0x00103f68                osai_get_phyaddr
                0x00103f6c                osai_clean_cache
                0x00103f70                osai_invalid_cache
                0x00103f74                osai_dma_allocate_chan
                0x00103f78                osai_dma_config
                0x00103f7c                osai_dma_start
                0x00103f80                osai_dma_stop
                0x00103f84                osai_dma_set_param
                0x00103f88                osai_dma_get_param
                0x00103f8c                osai_dma_release_chan
                0x00103f90                osai_dma_get_status
                0x00103f94                osai_dma_update_vfifo_swptr
                0x00103f98                osai_dma_vff_read_data
                0x00103f9c                osai_dma_reset
                0x00103fa0                osai_dma_clr_dreq
 .text          0x00103fa4      0x378 c:/progra~2/microsoft visual studio/2019/community/linux/gcc_arm/bin/../lib/gcc/arm-none-eabi/8.2.1/thumb/v7e-m+fp/hard\libgcc.a(_arm_addsubdf3.o)
                0x00103fa4                __aeabi_drsub
                0x00103fac                __aeabi_dsub
                0x00103fac                __subdf3
                0x00103fb0                __aeabi_dadd
                0x00103fb0                __adddf3
                0x00104228                __floatunsidf
                0x00104228                __aeabi_ui2d
                0x00104248                __floatsidf
                0x00104248                __aeabi_i2d
                0x0010426c                __aeabi_f2d
                0x0010426c                __extendsfdf2
                0x001042b0                __floatundidf
                0x001042b0                __aeabi_ul2d
                0x001042c0                __floatdidf
                0x001042c0                __aeabi_l2d
 .text          0x0010431c      0x424 c:/progra~2/microsoft visual studio/2019/community/linux/gcc_arm/bin/../lib/gcc/arm-none-eabi/8.2.1/thumb/v7e-m+fp/hard\libgcc.a(_arm_muldivdf3.o)
                0x0010431c                __aeabi_dmul
                0x0010431c                __muldf3
                0x00104570                __divdf3
                0x00104570                __aeabi_ddiv
 .text          0x00104740      0x110 c:/progra~2/microsoft visual studio/2019/community/linux/gcc_arm/bin/../lib/gcc/arm-none-eabi/8.2.1/thumb/v7e-m+fp/hard\libgcc.a(_arm_cmpdf2.o)
                0x00104740                __gtdf2
                0x00104740                __gedf2
                0x00104748                __ltdf2
                0x00104748                __ledf2
                0x00104750                __nedf2
                0x00104750                __eqdf2
                0x00104750                __cmpdf2
                0x001047cc                __aeabi_cdrcmple
                0x001047dc                __aeabi_cdcmpeq
                0x001047dc                __aeabi_cdcmple
                0x001047ec                __aeabi_dcmpeq
                0x00104800                __aeabi_dcmplt
                0x00104814                __aeabi_dcmple
                0x00104828                __aeabi_dcmpge
                0x0010483c                __aeabi_dcmpgt
 .text          0x00104850       0x50 c:/progra~2/microsoft visual studio/2019/community/linux/gcc_arm/bin/../lib/gcc/arm-none-eabi/8.2.1/thumb/v7e-m+fp/hard\libgcc.a(_arm_fixdfsi.o)
                0x00104850                __aeabi_d2iz
                0x00104850                __fixdfsi
 .text          0x001048a0       0x40 c:/progra~2/microsoft visual studio/2019/community/linux/gcc_arm/bin/../lib/gcc/arm-none-eabi/8.2.1/thumb/v7e-m+fp/hard\libgcc.a(_arm_fixunsdfsi.o)
                0x001048a0                __aeabi_d2uiz
                0x001048a0                __fixunsdfsi
 .text          0x001048e0       0xa0 c:/progra~2/microsoft visual studio/2019/community/linux/gcc_arm/bin/../lib/gcc/arm-none-eabi/8.2.1/thumb/v7e-m+fp/hard\libgcc.a(_arm_truncdfsf2.o)
                0x001048e0                __truncdfsf2
                0x001048e0                __aeabi_d2f
 .text          0x00104980       0x30 c:/progra~2/microsoft visual studio/2019/community/linux/gcc_arm/bin/../lib/gcc/arm-none-eabi/8.2.1/thumb/v7e-m+fp/hard\libgcc.a(_aeabi_uldivmod.o)
                0x00104980                __aeabi_uldivmod
 .text          0x001049b0       0x30 c:/progra~2/microsoft visual studio/2019/community/linux/gcc_arm/bin/../lib/gcc/arm-none-eabi/8.2.1/thumb/v7e-m+fp/hard\libgcc.a(_fixdfdi.o)
                0x001049b0                __fixdfdi
                0x001049b0                __aeabi_d2lz
 .text          0x001049e0       0x3c c:/progra~2/microsoft visual studio/2019/community/linux/gcc_arm/bin/../lib/gcc/arm-none-eabi/8.2.1/thumb/v7e-m+fp/hard\libgcc.a(_fixunsdfdi.o)
                0x001049e0                __fixunsdfdi
                0x001049e0                __aeabi_d2ulz
 .text          0x00104a1c      0x2d0 c:/progra~2/microsoft visual studio/2019/community/linux/gcc_arm/bin/../lib/gcc/arm-none-eabi/8.2.1/thumb/v7e-m+fp/hard\libgcc.a(_udivmoddi4.o)
                0x00104a1c                __udivmoddi4
 .text          0x00104cec        0x4 c:/progra~2/microsoft visual studio/2019/community/linux/gcc_arm/bin/../lib/gcc/arm-none-eabi/8.2.1/thumb/v7e-m+fp/hard\libgcc.a(_dvmd_tls.o)
                0x00104cec                __aeabi_idiv0
                0x00104cec                __aeabi_ldiv0
 .text          0x00104cf0      0x298 lib/MT3620_M4_Driver/lib/MT3620_M4_BSP/libMT3620_M4_BSP.a(nvic.c.obj)
                0x00104cf0                SystmTick_Handler
                0x00104d00                NVIC_Register
                0x00104d40                NVIC_UnRegister
                0x00104d84                NVIC_SetupVectorTable
                0x00104dd4                NVIC_SWInt
                0x00104de0                NVIC_ISR_Check_and_backup
                0x00104dfc                NVIC_ISR_Restore
                0x00104e48                CM4_Install_NVIC
                0x00104f24                cm4_irq_set_sw_reset
                0x00104f34                cm4_irq_clear_sw_reset
                0x00104f44                cm4_irq_sw_reset
 .text          0x00104f88      0x7a0 lib/MT3620_M4_Driver/lib/MT3620_M4_BSP/libMT3620_M4_BSP.a(cirq_common.c.obj)
                0x00104f88                cirq_gpio_irq_ctl_set_level
                0x00105020                cirq_gpio_irq_ctl_set_edge
                0x001050b4                cirq_gpio_irq_ctl_set_edge2lvl
                0x0010514c                cirq_gpio_irq_ctl_clr_edge2lvl
                0x001051e0                cirq_gpio_irq_ctl_ack_edge2lvl
                0x00105278                cirq_irq_test_set_trigger
                0x00105378                cirq_irq_test_clr_trigger
                0x0010547c                cirq_irq_dis_set_trigger
                0x0010550c                cirq_irq_dis_clr_trigger
                0x001055b0                cirq_irq_ctl_set_level
                0x00105604                cirq_irq_ctl_set_edge
                0x0010566c                cirq_cm4_wic_enable
                0x001056d4                cirq_cm4_wic_disable
 .text          0x00105728        0x4 lib/MT3620_M4_Driver/lib/MT3620_M4_BSP/libMT3620_M4_BSP.a(vector_table.c.obj)
                0x00105728                MPU_Fault_Handler
                0x00105728                Bus_Fault_Handler
                0x00105728                Usage_Fault_Handler
                0x00105728                Debug_Monitor_Handler
                0x00105728                Hard_Fault_Handler
                0x00105728                NMI_Handler
 .text          0x0010572c       0x20 lib/MT3620_M4_Driver/lib/MT3620_M4_BSP/libMT3620_M4_BSP.a(startup_mt3620.s.obj)
                0x0010572c                Reset_Handler
 .text          0x0010574c     0x1548 lib/MT3620_M4_Driver/MT3620_M4_BSP/FreeRTOS/libMT3620_M4_FreeRTOS.a(queue.c.obj)
                0x001057c4                xQueueGenericReset
                0x00105850                xQueueGenericCreate
                0x001058e0                xQueueCreateCountingSemaphore
                0x00105968                xQueueGenericSend
                0x00105c80                xQueueCreateMutex
                0x00105cec                xQueueGiveMutexRecursive
                0x00105d2c                xQueueGenericSendFromISR
                0x00105df8                xQueueGiveFromISR
                0x00105ea8                xQueueReceive
                0x001061bc                xQueueSemaphoreTake
                0x001064ec                xQueueTakeMutexRecursive
                0x0010652c                xQueuePeek
                0x00106828                xQueueReceiveFromISR
                0x001068e0                xQueuePeekFromISR
                0x0010696c                uxQueueMessagesWaiting
                0x00106994                uxQueueSpacesAvailable
                0x001069c0                uxQueueMessagesWaitingFromISR
                0x001069d8                vQueueDelete
                0x00106a58                uxQueueGetQueueNumber
                0x00106a5c                vQueueSetQueueNumber
                0x00106a60                ucQueueGetQueueType
                0x00106a68                xQueueIsQueueEmptyFromISR
                0x00106a88                xQueueIsQueueFullFromISR
                0x00106aac                vQueueAddToRegistry
                0x00106b00                pcQueueGetName
                0x00106b60                vQueueUnregisterQueue
                0x00106bc4                vQueueWaitForMessageRestricted
 .text          0x00106c94     0x1b74 lib/MT3620_M4_Driver/MT3620_M4_BSP/FreeRTOS/libMT3620_M4_FreeRTOS.a(tasks.c.obj)
                0x00106d74                xTaskCreate
                0x00106f64                vTaskDelete
                0x0010704c                eTaskGetState
                0x001070cc                uxTaskPriorityGet
                0x001070f4                uxTaskPriorityGetFromISR
                0x0010712c                vTaskPrioritySet
                0x00107218                vTaskResume
                0x001072b0                xTaskResumeFromISR
                0x00107364                vTaskStartScheduler
                0x00107524                vTaskEndScheduler
                0x00107544                vTaskSuspendAll
                0x00107558                xTaskGetTickCount
                0x00107564                xTaskGetTickCountFromISR
                0x00107578                uxTaskGetNumberOfTasks
                0x00107584                pcTaskGetName
                0x001075ac                xTaskIncrementTick
                0x001077c0                xTaskResumeAll
                0x001077e0                vTaskDelay
                0x0010794c                uxTaskGetSystemState
                0x00107a4c                vTaskDelayUntil
                0x00107afc                vTaskSetApplicationTaskTag
                0x00107b2c                xTaskGetApplicationTaskTag
                0x00107b58                xTaskGetApplicationTaskTagFromISR
                0x00107b84                xTaskCallApplicationTaskHook
                0x00107ba4                vTaskSwitchContext
                0x00107c28                vTaskSuspend
                0x00107d1c                vTaskPlaceOnEventList
                0x00107dbc                vTaskPlaceOnUnorderedEventList
                0x00107e14                vTaskPlaceOnEventListRestricted
                0x00107e54                xTaskRemoveFromEventList
                0x00107ed0                vTaskRemoveFromUnorderedEventList
                0x00107f50                vTaskSetTimeOutState
                0x00107f88                vTaskInternalSetTimeOutState
                0x00107f9c                xTaskCheckForTimeOut
                0x00108028                vTaskMissedYield
                0x00108038                uxTaskGetTaskNumber
                0x00108040                vTaskSetTaskNumber
                0x00108048                vTaskGetInfo
                0x00108164                xTaskGetCurrentTaskHandle
                0x00108170                xTaskGetSchedulerState
                0x00108190                xTaskPriorityInherit
                0x00108244                xTaskPriorityDisinherit
                0x001082f4                vTaskPriorityDisinheritAfterTimeout
                0x001083b8                uxTaskResetEventItemValue
                0x001083d8                pvTaskIncrementMutexHeldCount
                0x001083f4                ulTaskNotifyTake
                0x00108468                xTaskNotifyWait
                0x00108504                xTaskGenericNotify
                0x001085f0                xTaskGenericNotifyFromISR
                0x0010870c                vTaskNotifyGiveFromISR
                0x001087d8                xTaskNotifyStateClear
 .text          0x00108808      0x5a0 lib/MT3620_M4_Driver/MT3620_M4_BSP/FreeRTOS/libMT3620_M4_FreeRTOS.a(timers.c.obj)
                0x00108ae0                xTimerCreateTimerTask
                0x00108b68                xTimerCreate
                0x00108c14                xTimerGenericCommand
                0x00108c78                xTimerGetTimerDaemonTaskHandle
                0x00108c98                xTimerGetPeriod
                0x00108cb0                vTimerSetReloadMode
                0x00108cf4                xTimerGetExpiryTime
                0x00108d0c                pcTimerGetName
                0x00108d24                xTimerIsTimerActive
                0x00108d50                pvTimerGetTimerID
                0x00108d78                vTimerSetTimerID
                0x00108da0                uxTimerGetTimerNumber
                0x00108da4                vTimerSetTimerNumber
 .text          0x00108da8      0x208 lib/MT3620_M4_Driver/MT3620_M4_BSP/FreeRTOS/libMT3620_M4_FreeRTOS.a(heap_4.c.obj)
                0x00108da8                pvPortMalloc
                0x00108ef4                vPortFree
                0x00108f94                xPortGetFreeHeapSize
                0x00108fa0                xPortGetMinimumEverFreeHeapSize
                0x00108fac                vPortInitialiseBlocks
 .text          0x00108fb0      0x3a0 lib/MT3620_M4_Driver/MT3620_M4_BSP/FreeRTOS/libMT3620_M4_FreeRTOS.a(port.c.obj)
                0x00109024                pxPortInitialiseStack
                0x00109050                SVC_Handler
                0x00109074                vPortEndScheduler
                0x00109098                vPortEnterCritical
                0x001090dc                vPortExitCritical
                0x00109104                PendSV_Handler
                0x00109164                SysTick_Handler
                0x00109190                vPortSetupTimerInterrupt
                0x001091bc                xPortStartScheduler
                0x001092f0                vPortValidateInterruptPriority
 .text          0x00109350       0x9c lib/MT3620_M4_Driver/MT3620_M4_BSP/FreeRTOS/libMT3620_M4_FreeRTOS.a(list.c.obj)
                0x00109350                vListInitialise
                0x00109368                vListInitialiseItem
                0x00109370                vListInsertEnd
                0x00109390                vListInsert
                0x001093c4                uxListRemove
 .text          0x001093ec       0x14 c:/progra~2/microsoft visual studio/2019/community/linux/gcc_arm/bin/../lib/gcc/arm-none-eabi/8.2.1/../../../../arm-none-eabi/lib/thumb/v7e-m+fp/hard\libc_nano.a(lib_a-strcmp.o)
                0x001093ec                strcmp
 *(.text*)
 .text._ZN6tflite18MicroErrorReporterD0Ev
                0x00109400        0x4 CMakeFiles/azure-sphere-combo-cifar10-rtcore.dir/f0775b8a0a1a4f21b831569dbc2a2e8d/project/app/lib_src/emergency_detect/main.cc.obj
                0x00109400                tflite::MicroErrorReporter::~MicroErrorReporter()
                0x00109400                tflite::MicroErrorReporter::~MicroErrorReporter()
                0x00109400                tflite::MicroErrorReporter::~MicroErrorReporter()
 .text._ZN6tflite14AllOpsResolverD0Ev
                0x00109404        0x4 CMakeFiles/azure-sphere-combo-cifar10-rtcore.dir/f0775b8a0a1a4f21b831569dbc2a2e8d/project/app/lib_src/emergency_detect/main.cc.obj
                0x00109404                tflite::AllOpsResolver::~AllOpsResolver()
                0x00109404                tflite::AllOpsResolver::~AllOpsResolver()
                0x00109404                tflite::AllOpsResolver::~AllOpsResolver()
 .text.emergency_detect_setup
                0x00109408      0x16c CMakeFiles/azure-sphere-combo-cifar10-rtcore.dir/f0775b8a0a1a4f21b831569dbc2a2e8d/project/app/lib_src/emergency_detect/main.cc.obj
                0x00109408                emergency_detect_setup
 .text.emergency_detect_loop
                0x00109574       0x88 CMakeFiles/azure-sphere-combo-cifar10-rtcore.dir/f0775b8a0a1a4f21b831569dbc2a2e8d/project/app/lib_src/emergency_detect/main.cc.obj
                0x00109574                emergency_detect_loop
 .text._ZNK6tflite15MicroOpResolver6FindOpENS_15BuiltinOperatorEi
                0x001095fc        0xa ../../../../../../prebuilts/lib/libtensorflow-microlite.a(all_ops_resolver.o)
                0x001095fc                tflite::MicroOpResolver::FindOp(tflite::BuiltinOperator, int) const
 .text._ZNK6tflite15MicroOpResolver6FindOpEPKci
                0x00109606        0xa ../../../../../../prebuilts/lib/libtensorflow-microlite.a(all_ops_resolver.o)
                0x00109606                tflite::MicroOpResolver::FindOp(char const*, int) const
 .text._ZNK6tflite22MicroMutableOpResolverILj128EE6FindOpENS_15BuiltinOperatorE
                0x00109610       0x26 ../../../../../../prebuilts/lib/libtensorflow-microlite.a(all_ops_resolver.o)
                0x00109610                tflite::MicroMutableOpResolver<128u>::FindOp(tflite::BuiltinOperator) const
 .text._ZNK6tflite22MicroMutableOpResolverILj128EE15GetOpDataParserENS_15BuiltinOperatorE
                0x00109636       0x2e ../../../../../../prebuilts/lib/libtensorflow-microlite.a(all_ops_resolver.o)
                0x00109636                tflite::MicroMutableOpResolver<128u>::GetOpDataParser(tflite::BuiltinOperator) const
 .text._ZNK6tflite22MicroMutableOpResolverILj128EE6FindOpEPKc
                0x00109664       0x30 ../../../../../../prebuilts/lib/libtensorflow-microlite.a(all_ops_resolver.o)
                0x00109664                tflite::MicroMutableOpResolver<128u>::FindOp(char const*) const
 .text._ZN6tflite22MicroMutableOpResolverILj128EE10AddBuiltinENS_15BuiltinOperatorEP18TfLiteRegistration
                0x00109694       0xb4 ../../../../../../prebuilts/lib/libtensorflow-microlite.a(all_ops_resolver.o)
                0x00109694                tflite::MicroMutableOpResolver<128u>::AddBuiltin(tflite::BuiltinOperator, TfLiteRegistration*)
 .text._ZN6tflite14AllOpsResolverC2Ev
                0x00109748      0x378 ../../../../../../prebuilts/lib/libtensorflow-microlite.a(all_ops_resolver.o)
                0x00109748                tflite::AllOpsResolver::AllOpsResolver()
                0x00109748                tflite::AllOpsResolver::AllOpsResolver()
 .text._ZN6tflite18MicroErrorReporter6ReportEPKcSt9__va_list
                0x00109ac0       0x2c ../../../../../../prebuilts/lib/libtensorflow-microlite.a(micro_error_reporter.o)
                0x00109ac0                tflite::MicroErrorReporter::Report(char const*, std::__va_list)
 .text._ZN6tflite8internal13ContextHelper24AllocatePersistentBufferEP13TfLiteContextjPPv
                0x00109aec        0x8 ../../../../../../prebuilts/lib/libtensorflow-microlite.a(micro_interpreter.o)
                0x00109aec                tflite::internal::ContextHelper::AllocatePersistentBuffer(TfLiteContext*, unsigned int, void**)
 .text._ZN6tflite8internal13ContextHelper27RequestScratchBufferInArenaEP13TfLiteContextjPi
                0x00109af4       0x16 ../../../../../../prebuilts/lib/libtensorflow-microlite.a(micro_interpreter.o)
                0x00109af4                tflite::internal::ContextHelper::RequestScratchBufferInArena(TfLiteContext*, unsigned int, int*)
 .text._ZN6tflite8internal13ContextHelper16GetScratchBufferEP13TfLiteContexti
                0x00109b0a        0x8 ../../../../../../prebuilts/lib/libtensorflow-microlite.a(micro_interpreter.o)
                0x00109b0a                tflite::internal::ContextHelper::GetScratchBuffer(TfLiteContext*, int)
 .text._ZN6tflite8internal13ContextHelper13ReportOpErrorEP13TfLiteContextPKcz
                0x00109b12       0x20 ../../../../../../prebuilts/lib/libtensorflow-microlite.a(micro_interpreter.o)
                0x00109b12                tflite::internal::ContextHelper::ReportOpError(TfLiteContext*, char const*, ...)
 .text._ZNK11flatbuffers5Table22GetOptionalFieldOffsetEt
                0x00109b32       0x12 ../../../../../../prebuilts/lib/libtensorflow-microlite.a(micro_interpreter.o)
                0x00109b32                flatbuffers::Table::GetOptionalFieldOffset(unsigned short) const
 .text._ZNK6tflite16MicroInterpreter14operators_sizeEv.isra.12
                0x00109b44       0x16 ../../../../../../prebuilts/lib/libtensorflow-microlite.a(micro_interpreter.o)
 .text._ZN6tflite12DynamicAgentC2Ev
                0x00109b5a       0x4e ../../../../../../prebuilts/lib/libtensorflow-microlite.a(micro_interpreter.o)
                0x00109b5a                tflite::DynamicAgent::DynamicAgent()
                0x00109b5a                tflite::DynamicAgent::DynamicAgent()
 .text._ZN6tflite16MicroInterpreterD2Ev
                0x00109ba8       0x36 ../../../../../../prebuilts/lib/libtensorflow-microlite.a(micro_interpreter.o)
                0x00109ba8                tflite::MicroInterpreter::~MicroInterpreter()
                0x00109ba8                tflite::MicroInterpreter::~MicroInterpreter()
 *fill*         0x00109bde        0x2 
 .text._ZN6tflite16MicroInterpreter4InitEPNS_8ProfilerE
                0x00109be0       0x7c ../../../../../../prebuilts/lib/libtensorflow-microlite.a(micro_interpreter.o)
                0x00109be0                tflite::MicroInterpreter::Init(tflite::Profiler*)
 .text._ZN6tflite16MicroInterpreterC2EPKNS_5ModelERKNS_15MicroOpResolverEPhjPNS_13ErrorReporterEPNS_8ProfilerE
                0x00109c5c       0x50 ../../../../../../prebuilts/lib/libtensorflow-microlite.a(micro_interpreter.o)
                0x00109c5c                tflite::MicroInterpreter::MicroInterpreter(tflite::Model const*, tflite::MicroOpResolver const&, unsigned char*, unsigned int, tflite::ErrorReporter*, tflite::Profiler*)
                0x00109c5c                tflite::MicroInterpreter::MicroInterpreter(tflite::Model const*, tflite::MicroOpResolver const&, unsigned char*, unsigned int, tflite::ErrorReporter*, tflite::Profiler*)
 .text._ZN6tflite16MicroInterpreter15AllocateTensorsEv
                0x00109cac      0x16c ../../../../../../prebuilts/lib/libtensorflow-microlite.a(micro_interpreter.o)
                0x00109cac                tflite::MicroInterpreter::AllocateTensors()
 .text._ZN6tflite16MicroInterpreter6InvokeEv
                0x00109e18       0xc4 ../../../../../../prebuilts/lib/libtensorflow-microlite.a(micro_interpreter.o)
                0x00109e18                tflite::MicroInterpreter::Invoke()
 .text._ZN11flatbuffers5Table10GetPointerIPKNS_6VectorIlEEEET_t
                0x00109edc       0x12 ../../../../../../prebuilts/lib/libtensorflow-microlite.a(micro_interpreter.o)
                0x00109edc                flatbuffers::Vector<long> const* flatbuffers::Table::GetPointer<flatbuffers::Vector<long> const*>(unsigned short)
 *fill*         0x00109eee        0x2 
 .text._ZN6tflite16MicroInterpreter5inputEj
                0x00109ef0       0x38 ../../../../../../prebuilts/lib/libtensorflow-microlite.a(micro_interpreter.o)
                0x00109ef0                tflite::MicroInterpreter::input(unsigned int)
 .text._ZN6tflite16MicroInterpreter6outputEj
                0x00109f28       0x38 ../../../../../../prebuilts/lib/libtensorflow-microlite.a(micro_interpreter.o)
                0x00109f28                tflite::MicroInterpreter::output(unsigned int)
 .text._ZN12_GLOBAL__N_19StrCatStrEPciPKc
                0x00109f60       0x2c ../../../../../../prebuilts/lib/libtensorflow-microlite.a(micro_string.o)
 .text._ZN12_GLOBAL__N_122FastUInt32ToBufferLeftEmPci
                0x00109f8c       0x3e ../../../../../../prebuilts/lib/libtensorflow-microlite.a(micro_string.o)
 *fill*         0x00109fca        0x2 
 .text.MicroVsnprintf
                0x00109fcc      0x23c ../../../../../../prebuilts/lib/libtensorflow-microlite.a(micro_string.o)
                0x00109fcc                MicroVsnprintf
 .text._ZN6tflite21SimpleMemoryAllocatorD2Ev
                0x0010a208        0xc ../../../../../../prebuilts/lib/libtensorflow-microlite.a(simple_memory_allocator.o)
                0x0010a208                tflite::SimpleMemoryAllocator::~SimpleMemoryAllocator()
                0x0010a208                tflite::SimpleMemoryAllocator::~SimpleMemoryAllocator()
 .text._ZN6tflite21SimpleMemoryAllocatorD0Ev
                0x0010a214        0xc ../../../../../../prebuilts/lib/libtensorflow-microlite.a(simple_memory_allocator.o)
                0x0010a214                tflite::SimpleMemoryAllocator::~SimpleMemoryAllocator()
 .text._ZN6tflite21SimpleMemoryAllocator16AllocateFromHeadEjj
                0x0010a220       0x34 ../../../../../../prebuilts/lib/libtensorflow-microlite.a(simple_memory_allocator.o)
                0x0010a220                tflite::SimpleMemoryAllocator::AllocateFromHead(unsigned int, unsigned int)
 .text._ZN6tflite21SimpleMemoryAllocator16AllocateFromTailEjj
                0x0010a254       0x34 ../../../../../../prebuilts/lib/libtensorflow-microlite.a(simple_memory_allocator.o)
                0x0010a254                tflite::SimpleMemoryAllocator::AllocateFromTail(unsigned int, unsigned int)
 .text._ZN6tflite21SimpleMemoryAllocatorC2EPNS_13ErrorReporterEPhS3_
                0x0010a288       0x18 ../../../../../../prebuilts/lib/libtensorflow-microlite.a(simple_memory_allocator.o)
                0x0010a288                tflite::SimpleMemoryAllocator::SimpleMemoryAllocator(tflite::ErrorReporter*, unsigned char*, unsigned char*)
                0x0010a288                tflite::SimpleMemoryAllocator::SimpleMemoryAllocator(tflite::ErrorReporter*, unsigned char*, unsigned char*)
 .text._ZN6tflite21SimpleMemoryAllocator6CreateEPNS_13ErrorReporterEPhj
                0x0010a2a0       0x40 ../../../../../../prebuilts/lib/libtensorflow-microlite.a(simple_memory_allocator.o)
                0x0010a2a0                tflite::SimpleMemoryAllocator::Create(tflite::ErrorReporter*, unsigned char*, unsigned int)
 .text._ZNK6tflite21SimpleMemoryAllocator7GetHeadEv
                0x0010a2e0        0x4 ../../../../../../prebuilts/lib/libtensorflow-microlite.a(simple_memory_allocator.o)
                0x0010a2e0                tflite::SimpleMemoryAllocator::GetHead() const
 .text._ZNK6tflite21SimpleMemoryAllocator7GetTailEv
                0x0010a2e4        0x4 ../../../../../../prebuilts/lib/libtensorflow-microlite.a(simple_memory_allocator.o)
                0x0010a2e4                tflite::SimpleMemoryAllocator::GetTail() const
 .text._ZNK6tflite21SimpleMemoryAllocator18GetAvailableMemoryEv
                0x0010a2e8        0x8 ../../../../../../prebuilts/lib/libtensorflow-microlite.a(simple_memory_allocator.o)
                0x0010a2e8                tflite::SimpleMemoryAllocator::GetAvailableMemory() const
 .text._ZN6tflite13ErrorReporter6ReportEPKcz
                0x0010a2f0       0x1c ../../../../../../prebuilts/lib/libtensorflow-microlite.a(error_reporter.o)
                0x0010a2f0                tflite::ErrorReporter::Report(char const*, ...)
 .text._ZN6tflite13ErrorReporter11ReportErrorEPvPKcz
                0x0010a30c       0x1c ../../../../../../prebuilts/lib/libtensorflow-microlite.a(error_reporter.o)
                0x0010a30c                tflite::ErrorReporter::ReportError(void*, char const*, ...)
 .text._ZN6tflite12_GLOBAL__N_124SafeBuiltinDataAllocator18BuiltinDataDeleterclEPv
                0x0010a328        0xc ../../../../../../prebuilts/lib/libtensorflow-microlite.a(flatbuffer_conversions.o)
 .text._ZN6tflite12_GLOBAL__N_117ConvertActivationENS_22ActivationFunctionTypeE
                0x0010a334       0x14 ../../../../../../prebuilts/lib/libtensorflow-microlite.a(flatbuffer_conversions.o)
 .text._ZN6tflite12_GLOBAL__N_114ConvertPaddingENS_7PaddingE
                0x0010a348       0x10 ../../../../../../prebuilts/lib/libtensorflow-microlite.a(flatbuffer_conversions.o)
 .text._ZN6tflite12_GLOBAL__N_126FlatBufferIntVectorToArrayEiPKN11flatbuffers6VectorIlEEPiPNS_13ErrorReporterEPKc.constprop.54
                0x0010a358       0x40 ../../../../../../prebuilts/lib/libtensorflow-microlite.a(flatbuffer_conversions.o)
 .text._ZNK6tflite8Operator15builtin_optionsEv
                0x0010a398       0x14 ../../../../../../prebuilts/lib/libtensorflow-microlite.a(flatbuffer_conversions.o)
                0x0010a398                tflite::Operator::builtin_options() const
 .text._ZN6tflite17ConvertTensorTypeENS_10TensorTypeEP10TfLiteTypePNS_13ErrorReporterE
                0x0010a3ac       0x60 ../../../../../../prebuilts/lib/libtensorflow-microlite.a(flatbuffer_conversions.o)
                0x0010a3ac                tflite::ConvertTensorType(tflite::TensorType, TfLiteType*, tflite::ErrorReporter*)
 .text._ZNK11flatbuffers5Table8GetFieldIhEET_tS2_
                0x0010a40c       0x14 ../../../../../../prebuilts/lib/libtensorflow-microlite.a(flatbuffer_conversions.o)
                0x0010a40c                unsigned char flatbuffers::Table::GetField<unsigned char>(unsigned short, unsigned char) const
 .text._ZNK6tflite8Operator20builtin_options_typeEv
                0x0010a420        0xc ../../../../../../prebuilts/lib/libtensorflow-microlite.a(flatbuffer_conversions.o)
                0x0010a420                tflite::Operator::builtin_options_type() const
 .text._ZN6tflite12ParseReshapeEPKNS_8OperatorENS_15BuiltinOperatorEPNS_13ErrorReporterEPNS_20BuiltinDataAllocatorEPPv
                0x0010a42c       0x9c ../../../../../../prebuilts/lib/libtensorflow-microlite.a(flatbuffer_conversions.o)
                0x0010a42c                tflite::ParseReshape(tflite::Operator const*, tflite::BuiltinOperator, tflite::ErrorReporter*, tflite::BuiltinDataAllocator*, void**)
 .text._ZNK11flatbuffers5Table8GetFieldIlEET_tS2_
                0x0010a4c8       0x14 ../../../../../../prebuilts/lib/libtensorflow-microlite.a(flatbuffer_conversions.o)
                0x0010a4c8                long flatbuffers::Table::GetField<long>(unsigned short, long) const
 .text._ZNK11flatbuffers5Table8GetFieldIaEET_tS2_
                0x0010a4dc       0x16 ../../../../../../prebuilts/lib/libtensorflow-microlite.a(flatbuffer_conversions.o)
                0x0010a4dc                signed char flatbuffers::Table::GetField<signed char>(unsigned short, signed char) const
 *fill*         0x0010a4f2        0x2 
 .text._ZN6tflite11ParseConv2DEPKNS_8OperatorENS_15BuiltinOperatorEPNS_13ErrorReporterEPNS_20BuiltinDataAllocatorEPPv
                0x0010a4f4       0xc4 ../../../../../../prebuilts/lib/libtensorflow-microlite.a(flatbuffer_conversions.o)
                0x0010a4f4                tflite::ParseConv2D(tflite::Operator const*, tflite::BuiltinOperator, tflite::ErrorReporter*, tflite::BuiltinDataAllocator*, void**)
 .text._ZN6tflite20ParseDepthwiseConv2DEPKNS_8OperatorENS_15BuiltinOperatorEPNS_13ErrorReporterEPNS_20BuiltinDataAllocatorEPPv
                0x0010a5b8       0xd0 ../../../../../../prebuilts/lib/libtensorflow-microlite.a(flatbuffer_conversions.o)
                0x0010a5b8                tflite::ParseDepthwiseConv2D(tflite::Operator const*, tflite::BuiltinOperator, tflite::ErrorReporter*, tflite::BuiltinDataAllocator*, void**)
 .text._ZN6tflite19ParseFullyConnectedEPKNS_8OperatorENS_15BuiltinOperatorEPNS_13ErrorReporterEPNS_20BuiltinDataAllocatorEPPv
                0x0010a688       0xd0 ../../../../../../prebuilts/lib/libtensorflow-microlite.a(flatbuffer_conversions.o)
                0x0010a688                tflite::ParseFullyConnected(tflite::Operator const*, tflite::BuiltinOperator, tflite::ErrorReporter*, tflite::BuiltinDataAllocator*, void**)
 .text._ZN6tflite9ParseSvdfEPKNS_8OperatorENS_15BuiltinOperatorEPNS_13ErrorReporterEPNS_20BuiltinDataAllocatorEPPv
                0x0010a758       0xa4 ../../../../../../prebuilts/lib/libtensorflow-microlite.a(flatbuffer_conversions.o)
                0x0010a758                tflite::ParseSvdf(tflite::Operator const*, tflite::BuiltinOperator, tflite::ErrorReporter*, tflite::BuiltinDataAllocator*, void**)
 .text._ZNK11flatbuffers5Table8GetFieldIfEET_tS2_
                0x0010a7fc       0x24 ../../../../../../prebuilts/lib/libtensorflow-microlite.a(flatbuffer_conversions.o)
                0x0010a7fc                float flatbuffers::Table::GetField<float>(unsigned short, float) const
 .text._ZN6tflite12ParseSoftmaxEPKNS_8OperatorENS_15BuiltinOperatorEPNS_13ErrorReporterEPNS_20BuiltinDataAllocatorEPPv
                0x0010a820       0x84 ../../../../../../prebuilts/lib/libtensorflow-microlite.a(flatbuffer_conversions.o)
                0x0010a820                tflite::ParseSoftmax(tflite::Operator const*, tflite::BuiltinOperator, tflite::ErrorReporter*, tflite::BuiltinDataAllocator*, void**)
 .text._ZN6tflite11ParseOpDataEPKNS_8OperatorENS_15BuiltinOperatorEPNS_13ErrorReporterEPNS_20BuiltinDataAllocatorEPPv
                0x0010a8a4     0x1158 ../../../../../../prebuilts/lib/libtensorflow-microlite.a(flatbuffer_conversions.o)
                0x0010a8a4                tflite::ParseOpData(tflite::Operator const*, tflite::BuiltinOperator, tflite::ErrorReporter*, tflite::BuiltinDataAllocator*, void**)
 .text._ZN6tflite19ResetVariableTensorEP12TfLiteTensor
                0x0010b9fc       0x26 ../../../../../../prebuilts/lib/libtensorflow-microlite.a(tensor_utils.o)
                0x0010b9fc                tflite::ResetVariableTensor(TfLiteTensor*)
 .text._ZN6tflite12DynamicAgent4InitER13TfLiteContextPNS_13ErrorReporterEPhj
                0x0010ba22        0xe ../../../../../../prebuilts/lib/libtensorflow-microlite.a(dynamic_agent.o)
                0x0010ba22                tflite::DynamicAgent::Init(TfLiteContext&, tflite::ErrorReporter*, unsigned char*, unsigned int)
 .text._ZN6tflite12DynamicAgent8FinalizeEPNS_19NodeAndRegistrationEj
                0x0010ba30       0x30 ../../../../../../prebuilts/lib/libtensorflow-microlite.a(dynamic_agent.o)
                0x0010ba30                tflite::DynamicAgent::Finalize(tflite::NodeAndRegistration*, unsigned int)
 .text._ZN6tflite12DynamicAgent17DynamicLoadPolicyERNS_19NodeAndRegistrationE9DataIndexRj
                0x0010ba60       0xbc ../../../../../../prebuilts/lib/libtensorflow-microlite.a(dynamic_agent.o)
                0x0010ba60                tflite::DynamicAgent::DynamicLoadPolicy(tflite::NodeAndRegistration&, DataIndex, unsigned int&)
 .text._ZN6tflite12DynamicAgent17DefaultPreprocessEi
                0x0010bb1c       0xfc ../../../../../../prebuilts/lib/libtensorflow-microlite.a(dynamic_agent.o)
                0x0010bb1c                tflite::DynamicAgent::DefaultPreprocess(int)
 .text._ZN6tflite12DynamicAgent22MicroRuntimePreprocessEi
                0x0010bc18        0x4 ../../../../../../prebuilts/lib/libtensorflow-microlite.a(dynamic_agent.o)
                0x0010bc18                tflite::DynamicAgent::MicroRuntimePreprocess(int)
 .text._ZN6tflite12DynamicAgent18DefaultPostprocessEi
                0x0010bc1c       0x46 ../../../../../../prebuilts/lib/libtensorflow-microlite.a(dynamic_agent.o)
                0x0010bc1c                tflite::DynamicAgent::DefaultPostprocess(int)
 .text._ZN6tflite12DynamicAgent23MicroRuntimePostprocessEi
                0x0010bc62        0x4 ../../../../../../prebuilts/lib/libtensorflow-microlite.a(dynamic_agent.o)
                0x0010bc62                tflite::DynamicAgent::MicroRuntimePostprocess(int)
 *fill*         0x0010bc66        0x2 
 .text._ZN6tflite12DynamicAgent13RegisterCacheEPhj
                0x0010bc68       0x40 ../../../../../../prebuilts/lib/libtensorflow-microlite.a(dynamic_agent.o)
                0x0010bc68                tflite::DynamicAgent::RegisterCache(unsigned char*, unsigned int)
 .text.IsFineGrainedOPSupport
                0x0010bca8        0x4 ../../../../../../prebuilts/lib/libtensorflow-microlite.a(dynamic_context.o)
                0x0010bca8                IsFineGrainedOPSupport
 .text.LoadFromExternal
                0x0010bcac        0x4 ../../../../../../prebuilts/lib/libtensorflow-microlite.a(npu_platform.o)
                0x0010bcac                LoadFromExternal
 .text.IsExternalRegion
                0x0010bcb0       0x10 ../../../../../../prebuilts/lib/libtensorflow-microlite.a(npu_platform.o)
                0x0010bcb0                IsExternalRegion
 .text._ZN6tflite3ops5micro11activations11ReluPrepareEP13TfLiteContextP10TfLiteNode
                0x0010bcc0        0x4 ../../../../../../prebuilts/lib/libtensorflow-microlite.a(activations.o)
                0x0010bcc0                tflite::ops::micro::activations::ReluPrepare(TfLiteContext*, TfLiteNode*)
 .text._ZN6tflite3ops5micro11activations12Relu6PrepareEP13TfLiteContextP10TfLiteNode
                0x0010bcc4        0x4 ../../../../../../prebuilts/lib/libtensorflow-microlite.a(activations.o)
                0x0010bcc4                tflite::ops::micro::activations::Relu6Prepare(TfLiteContext*, TfLiteNode*)
 .text._ZN6tflite3ops5micro11activations8ReluEvalEP13TfLiteContextP10TfLiteNode
                0x0010bcc8      0x1f8 ../../../../../../prebuilts/lib/libtensorflow-microlite.a(activations.o)
                0x0010bcc8                tflite::ops::micro::activations::ReluEval(TfLiteContext*, TfLiteNode*)
 .text._ZN6tflite3ops5micro11activations9Relu6EvalEP13TfLiteContextP10TfLiteNode
                0x0010bec0      0x260 ../../../../../../prebuilts/lib/libtensorflow-microlite.a(activations.o)
                0x0010bec0                tflite::ops::micro::activations::Relu6Eval(TfLiteContext*, TfLiteNode*)
 .text._ZN6tflite3ops5micro13Register_RELUEv
                0x0010c120        0x8 ../../../../../../prebuilts/lib/libtensorflow-microlite.a(activations.o)
                0x0010c120                tflite::ops::micro::Register_RELU()
 .text._ZN6tflite3ops5micro14Register_RELU6Ev
                0x0010c128        0x8 ../../../../../../prebuilts/lib/libtensorflow-microlite.a(activations.o)
                0x0010c128                tflite::ops::micro::Register_RELU6()
 .text._ZN6tflite3ops5micro3add7EvalAddEP13TfLiteContextP10TfLiteNodeP15TfLiteAddParamsPKNS2_6OpDataEPK12TfLiteTensorSE_PSC_
                0x0010c130      0x594 ../../../../../../prebuilts/lib/libtensorflow-microlite.a(add.o)
                0x0010c130                tflite::ops::micro::add::EvalAdd(TfLiteContext*, TfLiteNode*, TfLiteAddParams*, tflite::ops::micro::add::OpData const*, TfLiteTensor const*, TfLiteTensor const*, TfLiteTensor*)
 .text._ZN6tflite3ops5micro3add16EvalAddQuantizedEP13TfLiteContextP10TfLiteNodeP15TfLiteAddParamsPKNS2_6OpDataEPK12TfLiteTensorSE_PSC_
                0x0010c6c4     0x1a14 ../../../../../../prebuilts/lib/libtensorflow-microlite.a(add.o)
                0x0010c6c4                tflite::ops::micro::add::EvalAddQuantized(TfLiteContext*, TfLiteNode*, TfLiteAddParams*, tflite::ops::micro::add::OpData const*, TfLiteTensor const*, TfLiteTensor const*, TfLiteTensor*)
 .text._ZN6tflite3ops5micro3add4EvalEP13TfLiteContextP10TfLiteNode
                0x0010e0d8      0x180 ../../../../../../prebuilts/lib/libtensorflow-microlite.a(add.o)
                0x0010e0d8                tflite::ops::micro::add::Eval(TfLiteContext*, TfLiteNode*)
 .text._ZN6tflite3ops5micro12Register_ADDEv
                0x0010e258        0x8 ../../../../../../prebuilts/lib/libtensorflow-microlite.a(add.o)
                0x0010e258                tflite::ops::micro::Register_ADD()
 .text._ZN6tflite3ops5micro11arg_min_max10ArgMaxEvalEP13TfLiteContextP10TfLiteNode
                0x0010e260      0x4e8 ../../../../../../prebuilts/lib/libtensorflow-microlite.a(arg_min_max.o)
                0x0010e260                tflite::ops::micro::arg_min_max::ArgMaxEval(TfLiteContext*, TfLiteNode*)
 .text._ZN6tflite3ops5micro11arg_min_max10ArgMinEvalEP13TfLiteContextP10TfLiteNode
                0x0010e748      0x4e8 ../../../../../../prebuilts/lib/libtensorflow-microlite.a(arg_min_max.o)
                0x0010e748                tflite::ops::micro::arg_min_max::ArgMinEval(TfLiteContext*, TfLiteNode*)
 .text._ZN6tflite3ops5micro16Register_ARG_MAXEv
                0x0010ec30        0x8 ../../../../../../prebuilts/lib/libtensorflow-microlite.a(arg_min_max.o)
                0x0010ec30                tflite::ops::micro::Register_ARG_MAX()
 .text._ZN6tflite3ops5micro16Register_ARG_MINEv
                0x0010ec38        0x8 ../../../../../../prebuilts/lib/libtensorflow-microlite.a(arg_min_max.o)
                0x0010ec38                tflite::ops::micro::Register_ARG_MIN()
 .text._ZN6tflite3ops5micro4ceil7PrepareEP13TfLiteContextP10TfLiteNode
                0x0010ec40      0x168 ../../../../../../prebuilts/lib/libtensorflow-microlite.a(ceil.o)
                0x0010ec40                tflite::ops::micro::ceil::Prepare(TfLiteContext*, TfLiteNode*)
 .text._ZN6tflite3ops5micro4ceil4EvalEP13TfLiteContextP10TfLiteNode
                0x0010eda8       0xa8 ../../../../../../prebuilts/lib/libtensorflow-microlite.a(ceil.o)
                0x0010eda8                tflite::ops::micro::ceil::Eval(TfLiteContext*, TfLiteNode*)
 .text._ZN6tflite3ops5micro13Register_CEILEv
                0x0010ee50        0x8 ../../../../../../prebuilts/lib/libtensorflow-microlite.a(ceil.o)
                0x0010ee50                tflite::ops::micro::Register_CEIL()
 .text._ZN6tflite13reference_ops35BroadcastComparison4DSlowPreprocessERKNS_12RuntimeShapeES3_S3_
                0x0010ee58      0x388 ../../../../../../prebuilts/lib/libtensorflow-microlite.a(comparisons.o)
                0x0010ee58                tflite::reference_ops::BroadcastComparison4DSlowPreprocess(tflite::RuntimeShape const&, tflite::RuntimeShape const&, tflite::RuntimeShape const&)
 .text._ZN6tflite3ops5micro11comparisons12_GLOBAL__N_19EqualEvalEP13TfLiteContextP10TfLiteNode
                0x0010f1e0     0x1a38 ../../../../../../prebuilts/lib/libtensorflow-microlite.a(comparisons.o)
 .text._ZN6tflite3ops5micro11comparisons12_GLOBAL__N_112NotEqualEvalEP13TfLiteContextP10TfLiteNode
                0x00110c18     0x1eb8 ../../../../../../prebuilts/lib/libtensorflow-microlite.a(comparisons.o)
 .text._ZN6tflite3ops5micro11comparisons12_GLOBAL__N_111GreaterEvalEP13TfLiteContextP10TfLiteNode
                0x00112ad0     0x20bc ../../../../../../prebuilts/lib/libtensorflow-microlite.a(comparisons.o)
 .text._ZN6tflite3ops5micro11comparisons12_GLOBAL__N_116GreaterEqualEvalEP13TfLiteContextP10TfLiteNode
                0x00114b8c     0x20bc ../../../../../../prebuilts/lib/libtensorflow-microlite.a(comparisons.o)
 .text._ZN6tflite3ops5micro11comparisons12_GLOBAL__N_18LessEvalEP13TfLiteContextP10TfLiteNode
                0x00116c48     0x20bc ../../../../../../prebuilts/lib/libtensorflow-microlite.a(comparisons.o)
 .text._ZN6tflite3ops5micro11comparisons12_GLOBAL__N_113LessEqualEvalEP13TfLiteContextP10TfLiteNode
                0x00118d04     0x20bc ../../../../../../prebuilts/lib/libtensorflow-microlite.a(comparisons.o)
 .text._ZN6tflite3ops5micro14Register_EQUALEv
                0x0011adc0        0x8 ../../../../../../prebuilts/lib/libtensorflow-microlite.a(comparisons.o)
                0x0011adc0                tflite::ops::micro::Register_EQUAL()
 .text._ZN6tflite3ops5micro18Register_NOT_EQUALEv
                0x0011adc8        0x8 ../../../../../../prebuilts/lib/libtensorflow-microlite.a(comparisons.o)
                0x0011adc8                tflite::ops::micro::Register_NOT_EQUAL()
 .text._ZN6tflite3ops5micro16Register_GREATEREv
                0x0011add0        0x8 ../../../../../../prebuilts/lib/libtensorflow-microlite.a(comparisons.o)
                0x0011add0                tflite::ops::micro::Register_GREATER()
 .text._ZN6tflite3ops5micro22Register_GREATER_EQUALEv
                0x0011add8        0x8 ../../../../../../prebuilts/lib/libtensorflow-microlite.a(comparisons.o)
                0x0011add8                tflite::ops::micro::Register_GREATER_EQUAL()
 .text._ZN6tflite3ops5micro13Register_LESSEv
                0x0011ade0        0x8 ../../../../../../prebuilts/lib/libtensorflow-microlite.a(comparisons.o)
                0x0011ade0                tflite::ops::micro::Register_LESS()
 .text._ZN6tflite3ops5micro19Register_LESS_EQUALEv
                0x0011ade8        0x8 ../../../../../../prebuilts/lib/libtensorflow-microlite.a(comparisons.o)
                0x0011ade8                tflite::ops::micro::Register_LESS_EQUAL()
 .text._ZN6tflite3ops5micro13concatenation7PrepareEP13TfLiteContextP10TfLiteNode
                0x0011adf0      0x184 ../../../../../../prebuilts/lib/libtensorflow-microlite.a(concatenation.o)
                0x0011adf0                tflite::ops::micro::concatenation::Prepare(TfLiteContext*, TfLiteNode*)
 .text._ZN6tflite3ops5micro13concatenation18EvalQuantizedUInt8EP13TfLiteContextP10TfLiteNode
                0x0011af74      0x438 ../../../../../../prebuilts/lib/libtensorflow-microlite.a(concatenation.o)
                0x0011af74                tflite::ops::micro::concatenation::EvalQuantizedUInt8(TfLiteContext*, TfLiteNode*)
 .text._ZN6tflite3ops5micro22Register_CONCATENATIONEv
                0x0011b3ac        0x8 ../../../../../../prebuilts/lib/libtensorflow-microlite.a(concatenation.o)
                0x0011b3ac                tflite::ops::micro::Register_CONCATENATION()
 .text._ZN6tflite3ops5micro13concatenation15EvalUnquantizedIfEEvP13TfLiteContextP10TfLiteNode
                0x0011b3b4      0x38c ../../../../../../prebuilts/lib/libtensorflow-microlite.a(concatenation.o)
                0x0011b3b4                void tflite::ops::micro::concatenation::EvalUnquantized<float>(TfLiteContext*, TfLiteNode*)
 .text._ZN6tflite3ops5micro13concatenation15EvalUnquantizedIlEEvP13TfLiteContextP10TfLiteNode
                0x0011b740      0x38c ../../../../../../prebuilts/lib/libtensorflow-microlite.a(concatenation.o)
                0x0011b740                void tflite::ops::micro::concatenation::EvalUnquantized<long>(TfLiteContext*, TfLiteNode*)
 .text._ZN6tflite3ops5micro13concatenation15EvalUnquantizedIaEEvP13TfLiteContextP10TfLiteNode
                0x0011bacc      0x360 ../../../../../../prebuilts/lib/libtensorflow-microlite.a(concatenation.o)
                0x0011bacc                void tflite::ops::micro::concatenation::EvalUnquantized<signed char>(TfLiteContext*, TfLiteNode*)
 .text._ZN6tflite3ops5micro13concatenation15EvalUnquantizedIxEEvP13TfLiteContextP10TfLiteNode
                0x0011be2c      0x38c ../../../../../../prebuilts/lib/libtensorflow-microlite.a(concatenation.o)
                0x0011be2c                void tflite::ops::micro::concatenation::EvalUnquantized<long long>(TfLiteContext*, TfLiteNode*)
 .text._ZN6tflite3ops5micro13concatenation4EvalEP13TfLiteContextP10TfLiteNode
                0x0011c1b8       0x6c ../../../../../../prebuilts/lib/libtensorflow-microlite.a(concatenation.o)
                0x0011c1b8                tflite::ops::micro::concatenation::Eval(TfLiteContext*, TfLiteNode*)
 .text._ZN6tflite3ops5micro10dequantize4InitEP13TfLiteContextPKcj
                0x0011c224       0x20 ../../../../../../prebuilts/lib/libtensorflow-microlite.a(dequantize.o)
                0x0011c224                tflite::ops::micro::dequantize::Init(TfLiteContext*, char const*, unsigned int)
 .text._ZN6tflite3ops5micro10dequantize7PrepareEP13TfLiteContextP10TfLiteNode
                0x0011c244      0x104 ../../../../../../prebuilts/lib/libtensorflow-microlite.a(dequantize.o)
                0x0011c244                tflite::ops::micro::dequantize::Prepare(TfLiteContext*, TfLiteNode*)
 .text._ZN6tflite3ops5micro10dequantize4EvalEP13TfLiteContextP10TfLiteNode
                0x0011c348      0x62c ../../../../../../prebuilts/lib/libtensorflow-microlite.a(dequantize.o)
                0x0011c348                tflite::ops::micro::dequantize::Eval(TfLiteContext*, TfLiteNode*)
 .text._ZN6tflite3ops5micro19Register_DEQUANTIZEEv
                0x0011c974        0x8 ../../../../../../prebuilts/lib/libtensorflow-microlite.a(dequantize.o)
                0x0011c974                tflite::ops::micro::Register_DEQUANTIZE()
 .text._ZN6tflite3ops5micro11elementwise12_GLOBAL__N_114GenericPrepareIXadL_ZNS3_22IsNumericSupportedTypeE10TfLiteTypeEEEE12TfLiteStatusP13TfLiteContextP10TfLiteNode
                0x0011c97c       0xc8 ../../../../../../prebuilts/lib/libtensorflow-microlite.a(elementwise.o)
 .text._ZN6tflite3ops5micro11elementwise12_GLOBAL__N_114GenericPrepareIXadL_ZNS3_22IsLogicalSupportedTypeE10TfLiteTypeEEEE12TfLiteStatusP13TfLiteContextP10TfLiteNode
                0x0011ca44       0xc8 ../../../../../../prebuilts/lib/libtensorflow-microlite.a(elementwise.o)
 .text._ZN6tflite3ops5micro11elementwise12_GLOBAL__N_114LogicalNotEvalEP13TfLiteContextP10TfLiteNode
                0x0011cb0c       0xb4 ../../../../../../prebuilts/lib/libtensorflow-microlite.a(elementwise.o)
 .text._ZN6tflite3ops5micro11elementwise12_GLOBAL__N_17AbsEvalEP13TfLiteContextP10TfLiteNode
                0x0011cbc0       0xbc ../../../../../../prebuilts/lib/libtensorflow-microlite.a(elementwise.o)
 .text._ZN6tflite3ops5micro11elementwise12_GLOBAL__N_110SquareEvalEP13TfLiteContextP10TfLiteNode
                0x0011cc7c       0xbc ../../../../../../prebuilts/lib/libtensorflow-microlite.a(elementwise.o)
 .text._ZN6tflite3ops5micro11elementwise12_GLOBAL__N_17CosEvalEP13TfLiteContextP10TfLiteNode
                0x0011cd38       0xbc ../../../../../../prebuilts/lib/libtensorflow-microlite.a(elementwise.o)
 .text._ZN6tflite3ops5micro11elementwise12_GLOBAL__N_17LogEvalEP13TfLiteContextP10TfLiteNode
                0x0011cdf4       0xcc ../../../../../../prebuilts/lib/libtensorflow-microlite.a(elementwise.o)
 .text._ZN6tflite3ops5micro11elementwise12_GLOBAL__N_17SinEvalEP13TfLiteContextP10TfLiteNode
                0x0011cec0       0xbc ../../../../../../prebuilts/lib/libtensorflow-microlite.a(elementwise.o)
 .text._ZN6tflite3ops5micro11elementwise12_GLOBAL__N_18SqrtEvalEP13TfLiteContextP10TfLiteNode
                0x0011cf7c       0xe0 ../../../../../../prebuilts/lib/libtensorflow-microlite.a(elementwise.o)
 .text._ZN6tflite3ops5micro11elementwise12_GLOBAL__N_19RsqrtEvalEP13TfLiteContextP10TfLiteNode
                0x0011d05c       0xf4 ../../../../../../prebuilts/lib/libtensorflow-microlite.a(elementwise.o)
 .text._ZN6tflite3ops5micro12Register_ABSEv
                0x0011d150        0x8 ../../../../../../prebuilts/lib/libtensorflow-microlite.a(elementwise.o)
                0x0011d150                tflite::ops::micro::Register_ABS()
 .text._ZN6tflite3ops5micro12Register_SINEv
                0x0011d158        0x8 ../../../../../../prebuilts/lib/libtensorflow-microlite.a(elementwise.o)
                0x0011d158                tflite::ops::micro::Register_SIN()
 .text._ZN6tflite3ops5micro12Register_COSEv
                0x0011d160        0x8 ../../../../../../prebuilts/lib/libtensorflow-microlite.a(elementwise.o)
                0x0011d160                tflite::ops::micro::Register_COS()
 .text._ZN6tflite3ops5micro12Register_LOGEv
                0x0011d168        0x8 ../../../../../../prebuilts/lib/libtensorflow-microlite.a(elementwise.o)
                0x0011d168                tflite::ops::micro::Register_LOG()
 .text._ZN6tflite3ops5micro13Register_SQRTEv
                0x0011d170        0x8 ../../../../../../prebuilts/lib/libtensorflow-microlite.a(elementwise.o)
                0x0011d170                tflite::ops::micro::Register_SQRT()
 .text._ZN6tflite3ops5micro14Register_RSQRTEv
                0x0011d178        0x8 ../../../../../../prebuilts/lib/libtensorflow-microlite.a(elementwise.o)
                0x0011d178                tflite::ops::micro::Register_RSQRT()
 .text._ZN6tflite3ops5micro15Register_SQUAREEv
                0x0011d180        0x8 ../../../../../../prebuilts/lib/libtensorflow-microlite.a(elementwise.o)
                0x0011d180                tflite::ops::micro::Register_SQUARE()
 .text._ZN6tflite3ops5micro20Register_LOGICAL_NOTEv
                0x0011d188        0x8 ../../../../../../prebuilts/lib/libtensorflow-microlite.a(elementwise.o)
                0x0011d188                tflite::ops::micro::Register_LOGICAL_NOT()
 .text._ZN6tflite3ops5micro6custom15Register_ETHOSUEv
                0x0011d190        0x4 ../../../../../../prebuilts/lib/libtensorflow-microlite.a(ethosu.o)
                0x0011d190                tflite::ops::micro::custom::Register_ETHOSU()
 .text._ZN6tflite3ops5micro6custom16GetString_ETHOSUEv
                0x0011d194        0x8 ../../../../../../prebuilts/lib/libtensorflow-microlite.a(ethosu.o)
                0x0011d194                tflite::ops::micro::custom::GetString_ETHOSU()
 .text._ZN6tflite3ops5micro5floor4EvalEP13TfLiteContextP10TfLiteNode
                0x0011d19c       0xd0 ../../../../../../prebuilts/lib/libtensorflow-microlite.a(floor.o)
                0x0011d19c                tflite::ops::micro::floor::Eval(TfLiteContext*, TfLiteNode*)
 .text._ZN6tflite3ops5micro14Register_FLOOREv
                0x0011d26c        0x8 ../../../../../../prebuilts/lib/libtensorflow-microlite.a(floor.o)
                0x0011d26c                tflite::ops::micro::Register_FLOOR()
 .text._ZN6tflite3ops5micro15fully_connected4InitEP13TfLiteContextPKcj
                0x0011d274       0x18 ../../../../../../prebuilts/lib/libtensorflow-microlite.a(fully_connected.o)
                0x0011d274                tflite::ops::micro::fully_connected::Init(TfLiteContext*, char const*, unsigned int)
 .text._ZN6tflite3ops5micro15fully_connected7PrepareEP13TfLiteContextP10TfLiteNode
                0x0011d28c       0xa8 ../../../../../../prebuilts/lib/libtensorflow-microlite.a(fully_connected.o)
                0x0011d28c                tflite::ops::micro::fully_connected::Prepare(TfLiteContext*, TfLiteNode*)
 .text._ZN6tflite3ops5micro15fully_connected13EvalQuantizedEP13TfLiteContextP10TfLiteNodeP26TfLiteFullyConnectedParamsPNS2_12_GLOBAL__N_16OpDataEPK12TfLiteTensorSE_SE_PSC_.isra.9
                0x0011d334      0x584 ../../../../../../prebuilts/lib/libtensorflow-microlite.a(fully_connected.o)
 .text._ZN6tflite3ops5micro15fully_connected4EvalEP13TfLiteContextP10TfLiteNode
                0x0011d8b8      0x484 ../../../../../../prebuilts/lib/libtensorflow-microlite.a(fully_connected.o)
                0x0011d8b8                tflite::ops::micro::fully_connected::Eval(TfLiteContext*, TfLiteNode*)
 .text._ZN6tflite3ops5micro24Register_FULLY_CONNECTEDEv
                0x0011dd3c        0x8 ../../../../../../prebuilts/lib/libtensorflow-microlite.a(fully_connected.o)
                0x0011dd3c                tflite::ops::micro::Register_FULLY_CONNECTED()
 .text._ZN6tflite3ops5micro6l2norm7PrepareEP13TfLiteContextP10TfLiteNode
                0x0011dd44        0x4 ../../../../../../prebuilts/lib/libtensorflow-microlite.a(l2norm.o)
                0x0011dd44                tflite::ops::micro::l2norm::Prepare(TfLiteContext*, TfLiteNode*)
 .text._ZN6tflite3ops5micro6l2norm4EvalEP13TfLiteContextP10TfLiteNode
                0x0011dd48      0xccc ../../../../../../prebuilts/lib/libtensorflow-microlite.a(l2norm.o)
                0x0011dd48                tflite::ops::micro::l2norm::Eval(TfLiteContext*, TfLiteNode*)
 .text._ZN6tflite3ops5micro25Register_L2_NORMALIZATIONEv
                0x0011ea14        0x8 ../../../../../../prebuilts/lib/libtensorflow-microlite.a(l2norm.o)
                0x0011ea14                tflite::ops::micro::Register_L2_NORMALIZATION()
 .text._ZN6tflite3ops5micro7logical12_GLOBAL__N_113LogicalOrEvalEP13TfLiteContextP10TfLiteNode
                0x0011ea1c      0x468 ../../../../../../prebuilts/lib/libtensorflow-microlite.a(logical.o)
 .text._ZN6tflite3ops5micro7logical12_GLOBAL__N_114LogicalAndEvalEP13TfLiteContextP10TfLiteNode
                0x0011ee84      0x468 ../../../../../../prebuilts/lib/libtensorflow-microlite.a(logical.o)
 .text._ZN6tflite3ops5micro19Register_LOGICAL_OREv
                0x0011f2ec        0x8 ../../../../../../prebuilts/lib/libtensorflow-microlite.a(logical.o)
                0x0011f2ec                tflite::ops::micro::Register_LOGICAL_OR()
 .text._ZN6tflite3ops5micro20Register_LOGICAL_ANDEv
                0x0011f2f4        0x8 ../../../../../../prebuilts/lib/libtensorflow-microlite.a(logical.o)
                0x0011f2f4                tflite::ops::micro::Register_LOGICAL_AND()
 .text._ZN6tflite3ops5micro17Register_LOGISTICEv
                0x0011f2fc        0x8 ../../../../../../prebuilts/lib/libtensorflow-microlite.a(logistic.o)
                0x0011f2fc                tflite::ops::micro::Register_LOGISTIC()
 .text._ZN8gemmlowp32one_over_one_plus_x_for_x_in_0_1IlEENS_10FixedPointIT_Li0EEES3_
                0x0011f304      0x3b4 ../../../../../../prebuilts/lib/libtensorflow-microlite.a(logistic.o)
                0x0011f304                gemmlowp::FixedPoint<long, 0> gemmlowp::one_over_one_plus_x_for_x_in_0_1<long>(gemmlowp::FixedPoint<long, 0>)
 .text._ZN8gemmlowp55exp_on_interval_between_negative_one_quarter_and_0_exclIlEENS_10FixedPointIT_Li0EEES3_
                0x0011f6b8      0x184 ../../../../../../prebuilts/lib/libtensorflow-microlite.a(logistic.o)
                0x0011f6b8                gemmlowp::FixedPoint<long, 0> gemmlowp::exp_on_interval_between_negative_one_quarter_and_0_excl<long>(gemmlowp::FixedPoint<long, 0>)
 .text._ZN8gemmlowp22exp_on_negative_valuesIlLi4EEENS_10FixedPointIT_Li0EEENS1_IS2_XT0_EEE
                0x0011f83c      0x224 ../../../../../../prebuilts/lib/libtensorflow-microlite.a(logistic.o)
                0x0011f83c                gemmlowp::FixedPoint<long, 0> gemmlowp::exp_on_negative_values<long, 4>(gemmlowp::FixedPoint<long, 4>)
 .text._ZN6tflite3ops5micro11activations12LogisticEvalEP13TfLiteContextP10TfLiteNode
                0x0011fa60      0x428 ../../../../../../prebuilts/lib/libtensorflow-microlite.a(logistic.o)
                0x0011fa60                tflite::ops::micro::activations::LogisticEval(TfLiteContext*, TfLiteNode*)
 .text._ZN6tflite3ops5micro15maximum_minimum12_GLOBAL__N_19MaximumOp2opIfEET_S6_S6_
                0x0011fe88       0x10 ../../../../../../prebuilts/lib/libtensorflow-microlite.a(maximum_minimum.o)
 .text._ZN6tflite3ops5micro15maximum_minimum12_GLOBAL__N_19MaximumOp2opIhEET_S6_S6_
                0x0011fe98        0x8 ../../../../../../prebuilts/lib/libtensorflow-microlite.a(maximum_minimum.o)
 .text._ZN6tflite3ops5micro15maximum_minimum12_GLOBAL__N_19MaximumOp2opIaEET_S6_S6_
                0x0011fea0        0x8 ../../../../../../prebuilts/lib/libtensorflow-microlite.a(maximum_minimum.o)
 .text._ZN6tflite3ops5micro15maximum_minimum12_GLOBAL__N_19MaximumOp2opIlEET_S6_S6_
                0x0011fea8        0x8 ../../../../../../prebuilts/lib/libtensorflow-microlite.a(maximum_minimum.o)
 .text._ZN6tflite3ops5micro15maximum_minimum12_GLOBAL__N_19MaximumOp2opIxEET_S6_S6_
                0x0011feb0       0x14 ../../../../../../prebuilts/lib/libtensorflow-microlite.a(maximum_minimum.o)
 .text._ZN6tflite3ops5micro15maximum_minimum12_GLOBAL__N_19MinimumOp2opIfEET_S6_S6_
                0x0011fec4       0x10 ../../../../../../prebuilts/lib/libtensorflow-microlite.a(maximum_minimum.o)
 .text._ZN6tflite3ops5micro15maximum_minimum12_GLOBAL__N_19MinimumOp2opIhEET_S6_S6_
                0x0011fed4        0x8 ../../../../../../prebuilts/lib/libtensorflow-microlite.a(maximum_minimum.o)
 .text._ZN6tflite3ops5micro15maximum_minimum12_GLOBAL__N_19MinimumOp2opIaEET_S6_S6_
                0x0011fedc        0x8 ../../../../../../prebuilts/lib/libtensorflow-microlite.a(maximum_minimum.o)
 .text._ZN6tflite3ops5micro15maximum_minimum12_GLOBAL__N_19MinimumOp2opIlEET_S6_S6_
                0x0011fee4        0x8 ../../../../../../prebuilts/lib/libtensorflow-microlite.a(maximum_minimum.o)
 .text._ZN6tflite3ops5micro15maximum_minimum12_GLOBAL__N_19MinimumOp2opIxEET_S6_S6_
                0x0011feec       0x14 ../../../../../../prebuilts/lib/libtensorflow-microlite.a(maximum_minimum.o)
 .text._ZN6tflite3ops5micro16Register_MAXIMUMEv
                0x0011ff00        0x8 ../../../../../../prebuilts/lib/libtensorflow-microlite.a(maximum_minimum.o)
                0x0011ff00                tflite::ops::micro::Register_MAXIMUM()
 .text._ZN6tflite3ops5micro16Register_MINIMUMEv
                0x0011ff08        0x8 ../../../../../../prebuilts/lib/libtensorflow-microlite.a(maximum_minimum.o)
                0x0011ff08                tflite::ops::micro::Register_MINIMUM()
 .text._ZN6tflite15NDOpsHelperImplILi5ELi0EZNS_13reference_ops27MaximumMinimumBroadcastSlowIfPFfffELi5EEEvRKNS_12RuntimeShapeEPKT_S7_SA_S7_PS8_T0_EUlPiE_EENSt9enable_ifIXneT0_miT_Li1EEvE4typeERKNS_11NdArrayDescIXT_EEERKT1_SD_
                0x0011ff10      0x160 ../../../../../../prebuilts/lib/libtensorflow-microlite.a(maximum_minimum.o)
                0x0011ff10                std::enable_if<(0)!=((5)-(1)), void>::type tflite::NDOpsHelperImpl<5, 0, tflite::reference_ops::MaximumMinimumBroadcastSlow<float, float (*)(float, float), 5>(tflite::RuntimeShape const&, float const*, tflite::RuntimeShape const&, float const*, tflite::RuntimeShape const&, float*, float (*)(float, float))::{lambda(int*)#1}>(tflite::NdArrayDesc<5> const&, tflite::reference_ops::MaximumMinimumBroadcastSlow<float, float (*)(float, float), 5>(tflite::RuntimeShape const&, float const*, tflite::RuntimeShape const&, float const*, tflite::RuntimeShape const&, float*, float (*)(float, float))::{lambda(int*)#1} const&, int*)
 .text._ZN6tflite13reference_ops27MaximumMinimumBroadcastSlowIfPFfffELi5EEEvRKNS_12RuntimeShapeEPKT_S6_S9_S6_PS7_T0_
                0x00120070      0x5d4 ../../../../../../prebuilts/lib/libtensorflow-microlite.a(maximum_minimum.o)
                0x00120070                void tflite::reference_ops::MaximumMinimumBroadcastSlow<float, float (*)(float, float), 5>(tflite::RuntimeShape const&, float const*, tflite::RuntimeShape const&, float const*, tflite::RuntimeShape const&, float*, float (*)(float, float))
 .text._ZN6tflite15NDOpsHelperImplILi5ELi0EZNS_13reference_ops27MaximumMinimumBroadcastSlowIhPFhhhELi5EEEvRKNS_12RuntimeShapeEPKT_S7_SA_S7_PS8_T0_EUlPiE_EENSt9enable_ifIXneT0_miT_Li1EEvE4typeERKNS_11NdArrayDescIXT_EEERKT1_SD_
                0x00120644      0x174 ../../../../../../prebuilts/lib/libtensorflow-microlite.a(maximum_minimum.o)
                0x00120644                std::enable_if<(0)!=((5)-(1)), void>::type tflite::NDOpsHelperImpl<5, 0, tflite::reference_ops::MaximumMinimumBroadcastSlow<unsigned char, unsigned char (*)(unsigned char, unsigned char), 5>(tflite::RuntimeShape const&, unsigned char const*, tflite::RuntimeShape const&, unsigned char const*, tflite::RuntimeShape const&, unsigned char*, unsigned char (*)(unsigned char, unsigned char))::{lambda(int*)#1}>(tflite::NdArrayDesc<5> const&, tflite::reference_ops::MaximumMinimumBroadcastSlow<unsigned char, unsigned char (*)(unsigned char, unsigned char), 5>(tflite::RuntimeShape const&, unsigned char const*, tflite::RuntimeShape const&, unsigned char const*, tflite::RuntimeShape const&, unsigned char*, unsigned char (*)(unsigned char, unsigned char))::{lambda(int*)#1} const&, int*)
 .text._ZN6tflite13reference_ops27MaximumMinimumBroadcastSlowIhPFhhhELi5EEEvRKNS_12RuntimeShapeEPKT_S6_S9_S6_PS7_T0_
                0x001207b8      0x5c4 ../../../../../../prebuilts/lib/libtensorflow-microlite.a(maximum_minimum.o)
                0x001207b8                void tflite::reference_ops::MaximumMinimumBroadcastSlow<unsigned char, unsigned char (*)(unsigned char, unsigned char), 5>(tflite::RuntimeShape const&, unsigned char const*, tflite::RuntimeShape const&, unsigned char const*, tflite::RuntimeShape const&, unsigned char*, unsigned char (*)(unsigned char, unsigned char))
 .text._ZN6tflite15NDOpsHelperImplILi5ELi1EZNS_13reference_ops27MaximumMinimumBroadcastSlowIaPFaaaELi5EEEvRKNS_12RuntimeShapeEPKT_S7_SA_S7_PS8_T0_EUlPiE_EENSt9enable_ifIXneT0_miT_Li1EEvE4typeERKNS_11NdArrayDescIXT_EEERKT1_SD_
                0x00120d7c      0x154 ../../../../../../prebuilts/lib/libtensorflow-microlite.a(maximum_minimum.o)
                0x00120d7c                std::enable_if<(1)!=((5)-(1)), void>::type tflite::NDOpsHelperImpl<5, 1, tflite::reference_ops::MaximumMinimumBroadcastSlow<signed char, signed char (*)(signed char, signed char), 5>(tflite::RuntimeShape const&, signed char const*, tflite::RuntimeShape const&, signed char const*, tflite::RuntimeShape const&, signed char*, signed char (*)(signed char, signed char))::{lambda(int*)#1}>(tflite::NdArrayDesc<5> const&, tflite::reference_ops::MaximumMinimumBroadcastSlow<signed char, signed char (*)(signed char, signed char), 5>(tflite::RuntimeShape const&, signed char const*, tflite::RuntimeShape const&, signed char const*, tflite::RuntimeShape const&, signed char*, signed char (*)(signed char, signed char))::{lambda(int*)#1} const&, int*)
 .text._ZN6tflite13reference_ops27MaximumMinimumBroadcastSlowIaPFaaaELi5EEEvRKNS_12RuntimeShapeEPKT_S6_S9_S6_PS7_T0_
                0x00120ed0      0x5d0 ../../../../../../prebuilts/lib/libtensorflow-microlite.a(maximum_minimum.o)
                0x00120ed0                void tflite::reference_ops::MaximumMinimumBroadcastSlow<signed char, signed char (*)(signed char, signed char), 5>(tflite::RuntimeShape const&, signed char const*, tflite::RuntimeShape const&, signed char const*, tflite::RuntimeShape const&, signed char*, signed char (*)(signed char, signed char))
 .text._ZN6tflite15NDOpsHelperImplILi5ELi1EZNS_13reference_ops27MaximumMinimumBroadcastSlowIlPFlllELi5EEEvRKNS_12RuntimeShapeEPKT_S7_SA_S7_PS8_T0_EUlPiE_EENSt9enable_ifIXneT0_miT_Li1EEvE4typeERKNS_11NdArrayDescIXT_EEERKT1_SD_
                0x001214a0      0x13c ../../../../../../prebuilts/lib/libtensorflow-microlite.a(maximum_minimum.o)
                0x001214a0                std::enable_if<(1)!=((5)-(1)), void>::type tflite::NDOpsHelperImpl<5, 1, tflite::reference_ops::MaximumMinimumBroadcastSlow<long, long (*)(long, long), 5>(tflite::RuntimeShape const&, long const*, tflite::RuntimeShape const&, long const*, tflite::RuntimeShape const&, long*, long (*)(long, long))::{lambda(int*)#1}>(tflite::NdArrayDesc<5> const&, tflite::reference_ops::MaximumMinimumBroadcastSlow<long, long (*)(long, long), 5>(tflite::RuntimeShape const&, long const*, tflite::RuntimeShape const&, long const*, tflite::RuntimeShape const&, long*, long (*)(long, long))::{lambda(int*)#1} const&, int*)
 .text._ZN6tflite13reference_ops27MaximumMinimumBroadcastSlowIlPFlllELi5EEEvRKNS_12RuntimeShapeEPKT_S6_S9_S6_PS7_T0_
                0x001215dc      0x5d4 ../../../../../../prebuilts/lib/libtensorflow-microlite.a(maximum_minimum.o)
                0x001215dc                void tflite::reference_ops::MaximumMinimumBroadcastSlow<long, long (*)(long, long), 5>(tflite::RuntimeShape const&, long const*, tflite::RuntimeShape const&, long const*, tflite::RuntimeShape const&, long*, long (*)(long, long))
 .text._ZN6tflite15NDOpsHelperImplILi5ELi1EZNS_13reference_ops27MaximumMinimumBroadcastSlowIxPFxxxELi5EEEvRKNS_12RuntimeShapeEPKT_S7_SA_S7_PS8_T0_EUlPiE_EENSt9enable_ifIXneT0_miT_Li1EEvE4typeERKNS_11NdArrayDescIXT_EEERKT1_SD_
                0x00121bb0      0x14c ../../../../../../prebuilts/lib/libtensorflow-microlite.a(maximum_minimum.o)
                0x00121bb0                std::enable_if<(1)!=((5)-(1)), void>::type tflite::NDOpsHelperImpl<5, 1, tflite::reference_ops::MaximumMinimumBroadcastSlow<long long, long long (*)(long long, long long), 5>(tflite::RuntimeShape const&, long long const*, tflite::RuntimeShape const&, long long const*, tflite::RuntimeShape const&, long long*, long long (*)(long long, long long))::{lambda(int*)#1}>(tflite::NdArrayDesc<5> const&, tflite::reference_ops::MaximumMinimumBroadcastSlow<long long, long long (*)(long long, long long), 5>(tflite::RuntimeShape const&, long long const*, tflite::RuntimeShape const&, long long const*, tflite::RuntimeShape const&, long long*, long long (*)(long long, long long))::{lambda(int*)#1} const&, int*)
 .text._ZN6tflite13reference_ops27MaximumMinimumBroadcastSlowIxPFxxxELi5EEEvRKNS_12RuntimeShapeEPKT_S6_S9_S6_PS7_T0_
                0x00121cfc      0x5e8 ../../../../../../prebuilts/lib/libtensorflow-microlite.a(maximum_minimum.o)
                0x00121cfc                void tflite::reference_ops::MaximumMinimumBroadcastSlow<long long, long long (*)(long long, long long), 5>(tflite::RuntimeShape const&, long long const*, tflite::RuntimeShape const&, long long const*, tflite::RuntimeShape const&, long long*, long long (*)(long long, long long))
 .text._ZN6tflite3ops5micro15maximum_minimum4EvalILNS2_12_GLOBAL__N_110KernelTypeE0ENS4_9MaximumOpEEE12TfLiteStatusP13TfLiteContextP10TfLiteNode
                0x001222e4      0x334 ../../../../../../prebuilts/lib/libtensorflow-microlite.a(maximum_minimum.o)
 .text._ZN6tflite3ops5micro15maximum_minimum4EvalILNS2_12_GLOBAL__N_110KernelTypeE0ENS4_9MinimumOpEEE12TfLiteStatusP13TfLiteContextP10TfLiteNode
                0x00122618      0x334 ../../../../../../prebuilts/lib/libtensorflow-microlite.a(maximum_minimum.o)
 .text._ZN6tflite3ops5micro3mul13EvalQuantizedEP13TfLiteContextP10TfLiteNodeP15TfLiteMulParamsPNS2_6OpDataEPK12TfLiteTensorSD_PSB_
                0x0012294c     0x12ec ../../../../../../prebuilts/lib/libtensorflow-microlite.a(mul.o)
                0x0012294c                tflite::ops::micro::mul::EvalQuantized(TfLiteContext*, TfLiteNode*, TfLiteMulParams*, tflite::ops::micro::mul::OpData*, TfLiteTensor const*, TfLiteTensor const*, TfLiteTensor*)
 .text._ZN6tflite3ops5micro12Register_MULEv
                0x00123c38        0x8 ../../../../../../prebuilts/lib/libtensorflow-microlite.a(mul.o)
                0x00123c38                tflite::ops::micro::Register_MUL()
 .text._ZN6tflite13reference_ops18BroadcastMul4DSlowIfEEvRKNS_16ArithmeticParamsERKNS_12RuntimeShapeEPKT_S7_SA_S7_PS8_
                0x00123c40      0x384 ../../../../../../prebuilts/lib/libtensorflow-microlite.a(mul.o)
                0x00123c40                void tflite::reference_ops::BroadcastMul4DSlow<float>(tflite::ArithmeticParams const&, tflite::RuntimeShape const&, float const*, tflite::RuntimeShape const&, float const*, tflite::RuntimeShape const&, float*)
 .text._ZN6tflite3ops5micro3mul9EvalFloatEP13TfLiteContextP10TfLiteNodeP15TfLiteMulParamsPNS2_6OpDataEPK12TfLiteTensorSD_PSB_
                0x00123fc4      0xba4 ../../../../../../prebuilts/lib/libtensorflow-microlite.a(mul.o)
                0x00123fc4                tflite::ops::micro::mul::EvalFloat(TfLiteContext*, TfLiteNode*, TfLiteMulParams*, tflite::ops::micro::mul::OpData*, TfLiteTensor const*, TfLiteTensor const*, TfLiteTensor*)
 .text._ZN6tflite3ops5micro3mul4EvalEP13TfLiteContextP10TfLiteNode
                0x00124b68      0x17c ../../../../../../prebuilts/lib/libtensorflow-microlite.a(mul.o)
                0x00124b68                tflite::ops::micro::mul::Eval(TfLiteContext*, TfLiteNode*)
 .text._ZN6tflite3ops5micro3neg4EvalEP13TfLiteContextP10TfLiteNode
                0x00124ce4       0xc4 ../../../../../../prebuilts/lib/libtensorflow-microlite.a(neg.o)
                0x00124ce4                tflite::ops::micro::neg::Eval(TfLiteContext*, TfLiteNode*)
 .text._ZN6tflite3ops5micro12Register_NEGEv
                0x00124da8        0x8 ../../../../../../prebuilts/lib/libtensorflow-microlite.a(neg.o)
                0x00124da8                tflite::ops::micro::Register_NEG()
 .text._ZN6tflite3ops5micro4pack12_GLOBAL__N_14EvalEP13TfLiteContextP10TfLiteNode
                0x00124db0      0x520 ../../../../../../prebuilts/lib/libtensorflow-microlite.a(pack.o)
 .text._ZN6tflite3ops5micro13Register_PACKEv
                0x001252d0        0x8 ../../../../../../prebuilts/lib/libtensorflow-microlite.a(pack.o)
                0x001252d0                tflite::ops::micro::Register_PACK()
 .text._ZN6tflite3ops5micro3pad7PrepareEP13TfLiteContextP10TfLiteNode
                0x001252d8      0x290 ../../../../../../prebuilts/lib/libtensorflow-microlite.a(pad.o)
                0x001252d8                tflite::ops::micro::pad::Prepare(TfLiteContext*, TfLiteNode*)
 .text._ZN6tflite3ops5micro3pad4EvalEP13TfLiteContextP10TfLiteNode
                0x00125568     0x199c ../../../../../../prebuilts/lib/libtensorflow-microlite.a(pad.o)
                0x00125568                tflite::ops::micro::pad::Eval(TfLiteContext*, TfLiteNode*)
 .text._ZN6tflite3ops5micro12Register_PADEv
                0x00126f04        0x8 ../../../../../../prebuilts/lib/libtensorflow-microlite.a(pad.o)
                0x00126f04                tflite::ops::micro::Register_PAD()
 .text._ZN6tflite3ops5micro14Register_PADV2Ev
                0x00126f0c        0x8 ../../../../../../prebuilts/lib/libtensorflow-microlite.a(pad.o)
                0x00126f0c                tflite::ops::micro::Register_PADV2()
 .text._ZN6tflite3ops5micro7pooling4InitEP13TfLiteContextPKcj
                0x00126f14       0x18 ../../../../../../prebuilts/lib/libtensorflow-microlite.a(pooling.o)
                0x00126f14                tflite::ops::micro::pooling::Init(TfLiteContext*, char const*, unsigned int)
 .text._ZN6tflite3ops5micro7pooling12_GLOBAL__N_115CalculateOpDataEPK13TfLiteContextPK16TfLitePoolParamsPK12TfLiteTensorSC_PNS3_6OpDataE.isra.7
                0x00126f2c       0x98 ../../../../../../prebuilts/lib/libtensorflow-microlite.a(pooling.o)
 .text._ZN6tflite3ops5micro7pooling7PrepareEP13TfLiteContextP10TfLiteNode
                0x00126fc4       0x8c ../../../../../../prebuilts/lib/libtensorflow-microlite.a(pooling.o)
                0x00126fc4                tflite::ops::micro::pooling::Prepare(TfLiteContext*, TfLiteNode*)
 .text._ZN6tflite3ops5micro7pooling7MaxEvalEP13TfLiteContextP10TfLiteNode
                0x00127050      0x694 ../../../../../../prebuilts/lib/libtensorflow-microlite.a(pooling.o)
                0x00127050                tflite::ops::micro::pooling::MaxEval(TfLiteContext*, TfLiteNode*)
 .text._ZN6tflite3ops5micro7pooling11AverageEvalEP13TfLiteContextP10TfLiteNode
                0x001276e4      0x654 ../../../../../../prebuilts/lib/libtensorflow-microlite.a(pooling.o)
                0x001276e4                tflite::ops::micro::pooling::AverageEval(TfLiteContext*, TfLiteNode*)
 .text._ZN6tflite3ops5micro24Register_AVERAGE_POOL_2DEv
                0x00127d38        0x8 ../../../../../../prebuilts/lib/libtensorflow-microlite.a(pooling.o)
                0x00127d38                tflite::ops::micro::Register_AVERAGE_POOL_2D()
 .text._ZN6tflite3ops5micro20Register_MAX_POOL_2DEv
                0x00127d40        0x8 ../../../../../../prebuilts/lib/libtensorflow-microlite.a(pooling.o)
                0x00127d40                tflite::ops::micro::Register_MAX_POOL_2D()
 .text._ZN6tflite3ops5micro11activations12PreluPrepareEP13TfLiteContextP10TfLiteNode
                0x00127d48        0x4 ../../../../../../prebuilts/lib/libtensorflow-microlite.a(prelu.o)
                0x00127d48                tflite::ops::micro::activations::PreluPrepare(TfLiteContext*, TfLiteNode*)
 .text._ZN6tflite3ops5micro11activations9PreluEvalEP13TfLiteContextP10TfLiteNode
                0x00127d4c      0xf20 ../../../../../../prebuilts/lib/libtensorflow-microlite.a(prelu.o)
                0x00127d4c                tflite::ops::micro::activations::PreluEval(TfLiteContext*, TfLiteNode*)
 .text._ZN6tflite3ops5micro14Register_PRELUEv
                0x00128c6c        0x8 ../../../../../../prebuilts/lib/libtensorflow-microlite.a(prelu.o)
                0x00128c6c                tflite::ops::micro::Register_PRELU()
 .text._ZN6tflite3ops5micro8quantize4InitEP13TfLiteContextPKcj
                0x00128c74       0x20 ../../../../../../prebuilts/lib/libtensorflow-microlite.a(quantize.o)
                0x00128c74                tflite::ops::micro::quantize::Init(TfLiteContext*, char const*, unsigned int)
 .text._ZN6tflite3ops5micro8quantize7PrepareEP13TfLiteContextP10TfLiteNode
                0x00128c94      0x188 ../../../../../../prebuilts/lib/libtensorflow-microlite.a(quantize.o)
                0x00128c94                tflite::ops::micro::quantize::Prepare(TfLiteContext*, TfLiteNode*)
 .text._ZN6tflite3ops5micro8quantize4EvalEP13TfLiteContextP10TfLiteNode
                0x00128e1c      0x56c ../../../../../../prebuilts/lib/libtensorflow-microlite.a(quantize.o)
                0x00128e1c                tflite::ops::micro::quantize::Eval(TfLiteContext*, TfLiteNode*)
 .text._ZN6tflite3ops5micro17Register_QUANTIZEEv
                0x00129388        0x8 ../../../../../../prebuilts/lib/libtensorflow-microlite.a(quantize.o)
                0x00129388                tflite::ops::micro::Register_QUANTIZE()
 .text._ZN6tflite3ops5micro7reshape4EvalEP13TfLiteContextP10TfLiteNode
                0x00129390       0x3c ../../../../../../prebuilts/lib/libtensorflow-microlite.a(reshape.o)
                0x00129390                tflite::ops::micro::reshape::Eval(TfLiteContext*, TfLiteNode*)
 .text._ZN6tflite3ops5micro7reshape13ReshapeOutputEP13TfLiteContextP10TfLiteNode
                0x001293cc      0x158 ../../../../../../prebuilts/lib/libtensorflow-microlite.a(reshape.o)
                0x001293cc                tflite::ops::micro::reshape::ReshapeOutput(TfLiteContext*, TfLiteNode*)
 .text._ZN6tflite3ops5micro7reshape7PrepareEP13TfLiteContextP10TfLiteNode
                0x00129524       0x9c ../../../../../../prebuilts/lib/libtensorflow-microlite.a(reshape.o)
                0x00129524                tflite::ops::micro::reshape::Prepare(TfLiteContext*, TfLiteNode*)
 .text._ZN6tflite3ops5micro16Register_RESHAPEEv
                0x001295c0        0x8 ../../../../../../prebuilts/lib/libtensorflow-microlite.a(reshape.o)
                0x001295c0                tflite::ops::micro::Register_RESHAPE()
 .text._ZN6tflite3ops5micro23resize_nearest_neighbor7PrepareEP13TfLiteContextP10TfLiteNode
                0x001295c8        0x4 ../../../../../../prebuilts/lib/libtensorflow-microlite.a(resize_nearest_neighbor.o)
                0x001295c8                tflite::ops::micro::resize_nearest_neighbor::Prepare(TfLiteContext*, TfLiteNode*)
 .text._ZN6tflite3ops5micro23resize_nearest_neighbor4EvalEP13TfLiteContextP10TfLiteNode
                0x001295cc      0xb20 ../../../../../../prebuilts/lib/libtensorflow-microlite.a(resize_nearest_neighbor.o)
                0x001295cc                tflite::ops::micro::resize_nearest_neighbor::Eval(TfLiteContext*, TfLiteNode*)
 .text._ZN6tflite3ops5micro32Register_RESIZE_NEAREST_NEIGHBOREv
                0x0012a0ec        0x8 ../../../../../../prebuilts/lib/libtensorflow-microlite.a(resize_nearest_neighbor.o)
                0x0012a0ec                tflite::ops::micro::Register_RESIZE_NEAREST_NEIGHBOR()
 .text._ZN6tflite3ops5micro5round7PrepareEP13TfLiteContextP10TfLiteNode
                0x0012a0f4      0x168 ../../../../../../prebuilts/lib/libtensorflow-microlite.a(round.o)
                0x0012a0f4                tflite::ops::micro::round::Prepare(TfLiteContext*, TfLiteNode*)
 .text._ZN6tflite3ops5micro5round4EvalEP13TfLiteContextP10TfLiteNode
                0x0012a25c       0xe8 ../../../../../../prebuilts/lib/libtensorflow-microlite.a(round.o)
                0x0012a25c                tflite::ops::micro::round::Eval(TfLiteContext*, TfLiteNode*)
 .text._ZN6tflite3ops5micro14Register_ROUNDEv
                0x0012a344        0x8 ../../../../../../prebuilts/lib/libtensorflow-microlite.a(round.o)
                0x0012a344                tflite::ops::micro::Register_ROUND()
 .text._ZN6tflite3ops5micro11activations14SoftmaxPrepareEP13TfLiteContextP10TfLiteNode
                0x0012a34c       0x94 ../../../../../../prebuilts/lib/libtensorflow-microlite.a(softmax.o)
                0x0012a34c                tflite::ops::micro::activations::SoftmaxPrepare(TfLiteContext*, TfLiteNode*)
 .text._ZN6tflite3ops5micro11activations12SoftmaxFloatEPK12TfLiteTensorPS3_RKNS_13SoftmaxParamsE
                0x0012a3e0      0x19c ../../../../../../prebuilts/lib/libtensorflow-microlite.a(softmax.o)
                0x0012a3e0                tflite::ops::micro::activations::SoftmaxFloat(TfLiteTensor const*, TfLiteTensor*, tflite::SoftmaxParams const&)
 .text._ZN6tflite3ops5micro16Register_SOFTMAXEv
                0x0012a57c        0x8 ../../../../../../prebuilts/lib/libtensorflow-microlite.a(softmax.o)