Archive member included to satisfy reference by file (symbol)

lib/MT3620_M4_Driver/libMT3620_M4_Driver.a(printf.c.obj)
                              CMakeFiles/azure-sphere-combo-cifar10-rtcore.dir/main.c.obj (printf_)
lib/MT3620_M4_Driver/libMT3620_M4_Driver.a(mhal_gpio.c.obj)
                              CMakeFiles/azure-sphere-combo-cifar10-rtcore.dir/f0775b8a0a1a4f21b831569dbc2a2e8d/project/source/RTCORE_OS_HAL/src/os_hal_gpio.c.obj (mtk_mhal_gpio_get_input)
lib/MT3620_M4_Driver/libMT3620_M4_Driver.a(hdl_gpio.c.obj)
                              lib/MT3620_M4_Driver/libMT3620_M4_Driver.a(mhal_gpio.c.obj) (mtk_hdl_gpio_modify_reg)
lib/MT3620_M4_Driver/libMT3620_M4_Driver.a(mhal_uart.c.obj)
                              CMakeFiles/azure-sphere-combo-cifar10-rtcore.dir/f0775b8a0a1a4f21b831569dbc2a2e8d/project/source/RTCORE_OS_HAL/src/os_hal_uart.c.obj (mtk_mhal_uart_enable_clk)
lib/MT3620_M4_Driver/libMT3620_M4_Driver.a(hdl_uart.c.obj)
                              lib/MT3620_M4_Driver/libMT3620_M4_Driver.a(mhal_uart.c.obj) (mtk_hdl_uart_cg_config)
lib/MT3620_M4_Driver/libMT3620_M4_Driver.a(mhal_mbox.c.obj)
                              CMakeFiles/azure-sphere-combo-cifar10-rtcore.dir/f0775b8a0a1a4f21b831569dbc2a2e8d/project/source/RTCORE_OS_HAL/src/os_hal_mbox.c.obj (mtk_mhal_mbox_reset)
lib/MT3620_M4_Driver/libMT3620_M4_Driver.a(hdl_mbox.c.obj)
                              lib/MT3620_M4_Driver/libMT3620_M4_Driver.a(mhal_mbox.c.obj) (mtk_hdl_mbox_sem_post)
lib/MT3620_M4_Driver/libMT3620_M4_Driver.a(mhal_osai.c.obj)
                              lib/MT3620_M4_Driver/libMT3620_M4_Driver.a(hdl_gpio.c.obj) (osai_readl)
../../../../../../prebuilts/lib/libtensorflow-microlite.a(micro_error_reporter.o)
                              CMakeFiles/azure-sphere-combo-cifar10-rtcore.dir/f0775b8a0a1a4f21b831569dbc2a2e8d/project/app/lib_src/person_detection_demo/main.cc.obj (vtable for tflite::MicroErrorReporter)
../../../../../../prebuilts/lib/libtensorflow-microlite.a(micro_interpreter.o)
                              CMakeFiles/azure-sphere-combo-cifar10-rtcore.dir/f0775b8a0a1a4f21b831569dbc2a2e8d/project/app/lib_src/person_detection_demo/main.cc.obj (tflite::MicroInterpreter::~MicroInterpreter())
../../../../../../prebuilts/lib/libtensorflow-microlite.a(micro_string.o)
                              ../../../../../../prebuilts/lib/libtensorflow-microlite.a(micro_error_reporter.o) (MicroVsnprintf)
../../../../../../prebuilts/lib/libtensorflow-microlite.a(simple_memory_allocator.o)
                              ../../../../../../prebuilts/lib/libtensorflow-microlite.a(micro_interpreter.o) (tflite::SimpleMemoryAllocator::GetHead() const)
../../../../../../prebuilts/lib/libtensorflow-microlite.a(error_reporter.o)
                              CMakeFiles/azure-sphere-combo-cifar10-rtcore.dir/f0775b8a0a1a4f21b831569dbc2a2e8d/project/app/lib_src/person_detection_demo/main.cc.obj (tflite::ErrorReporter::Report(char const*, ...))
../../../../../../prebuilts/lib/libtensorflow-microlite.a(flatbuffer_conversions.o)
                              CMakeFiles/azure-sphere-combo-cifar10-rtcore.dir/f0775b8a0a1a4f21b831569dbc2a2e8d/project/app/lib_src/person_detection_demo/main.cc.obj (tflite::ParseOpData(tflite::Operator const*, tflite::BuiltinOperator, tflite::ErrorReporter*, tflite::BuiltinDataAllocator*, void**))
../../../../../../prebuilts/lib/libtensorflow-microlite.a(tensor_utils.o)
                              ../../../../../../prebuilts/lib/libtensorflow-microlite.a(micro_interpreter.o) (tflite::ResetVariableTensor(TfLiteTensor*))
../../../../../../prebuilts/lib/libtensorflow-microlite.a(dynamic_agent.o)
                              ../../../../../../prebuilts/lib/libtensorflow-microlite.a(micro_interpreter.o) (tflite::DynamicAgent::Init(TfLiteContext&, tflite::ErrorReporter*, unsigned char*, unsigned int))
../../../../../../prebuilts/lib/libtensorflow-microlite.a(dynamic_context.o)
                              ../../../../../../prebuilts/lib/libtensorflow-microlite.a(dynamic_agent.o) (IsFineGrainedOPSupport)
../../../../../../prebuilts/lib/libtensorflow-microlite.a(npu_platform.o)
                              ../../../../../../prebuilts/lib/libtensorflow-microlite.a(dynamic_agent.o) (LoadFromExternal)
../../../../../../prebuilts/lib/libtensorflow-microlite.a(pooling.o)
                              CMakeFiles/azure-sphere-combo-cifar10-rtcore.dir/f0775b8a0a1a4f21b831569dbc2a2e8d/project/app/lib_src/person_detection_demo/main.cc.obj (tflite::ops::micro::Register_AVERAGE_POOL_2D())
../../../../../../prebuilts/lib/libtensorflow-microlite.a(kernel_util.o)
                              ../../../../../../prebuilts/lib/libtensorflow-microlite.a(pooling.o) (tflite::CalculateActivationRangeQuantized(TfLiteContext*, TfLiteFusedActivation, TfLiteTensor*, long*, long*))
../../../../../../prebuilts/lib/libtensorflow-microlite.a(conv.o)
[...]
Memory Configuration

Name             Origin             Length             Attributes
TCM              0x00100000         0x00030000         xrw
SYSRAM           0x22000000         0x00010000         xrw
FLASH            0x10000000         0x00100000         xr
*default*        0x00000000         0xffffffff

Linker script and memory map

LOAD CMakeFiles/azure-sphere-combo-cifar10-rtcore.dir/main.c.obj
LOAD CMakeFiles/azure-sphere-combo-cifar10-rtcore.dir/f0775b8a0a1a4f21b831569dbc2a2e8d/project/source/RTCORE_OS_HAL/src/os_hal_gpio.c.obj
LOAD CMakeFiles/azure-sphere-combo-cifar10-rtcore.dir/f0775b8a0a1a4f21b831569dbc2a2e8d/project/source/RTCORE_OS_HAL/src/os_hal_uart.c.obj
LOAD CMakeFiles/azure-sphere-combo-cifar10-rtcore.dir/f0775b8a0a1a4f21b831569dbc2a2e8d/project/source/RTCORE_OS_HAL/src/os_hal_mbox.c.obj
LOAD CMakeFiles/azure-sphere-combo-cifar10-rtcore.dir/e19389ff1b18dd4296d4faeafb009a24/source/RTCORE_OS_HAL/src/os_hal_mbox_shared_mem.c.obj
LOAD CMakeFiles/azure-sphere-combo-cifar10-rtcore.dir/18487c8cb30a07126fe56b16204313cc/person_detection_demo/person_detect_model_data.cc.obj
LOAD CMakeFiles/azure-sphere-combo-cifar10-rtcore.dir/f0775b8a0a1a4f21b831569dbc2a2e8d/project/app/lib_src/person_detection_demo/main.cc.obj
LOAD lib/MT3620_M4_Driver/libMT3620_M4_Driver.a
LOAD ../../../../../../prebuilts/lib/libtensorflow-microlite.a
LOAD ../../../../../../prebuilts/lib/libcmsis.a
LOAD c:/progra~2/microsoft visual studio/2019/community/linux/gcc_arm/bin/../lib/gcc/arm-none-eabi/8.2.1/../../../../arm-none-eabi/lib/thumb/v7e-m+fp/hard\libstdc++_nano.a
LOAD c:/progra~2/microsoft visual studio/2019/community/linux/gcc_arm/bin/../lib/gcc/arm-none-eabi/8.2.1/../../../../arm-none-eabi/lib/thumb/v7e-m+fp/hard\libsupc++_nano.a
LOAD c:/progra~2/microsoft visual studio/2019/community/linux/gcc_arm/bin/../lib/gcc/arm-none-eabi/8.2.1/thumb/v7e-m+fp/hard\libgcc.a
LOAD c:/progra~2/microsoft visual studio/2019/community/linux/gcc_arm/bin/../lib/gcc/arm-none-eabi/8.2.1/../../../../arm-none-eabi/lib/thumb/v7e-m+fp/hard\libnosys.a
LOAD lib/MT3620_M4_Driver/lib/MT3620_M4_BSP/libMT3620_M4_BSP.a
LOAD lib/MT3620_M4_Driver/MT3620_M4_BSP/FreeRTOS/libMT3620_M4_FreeRTOS.a
LOAD c:/progra~2/microsoft visual studio/2019/community/linux/gcc_arm/bin/../lib/gcc/arm-none-eabi/8.2.1/../../../../arm-none-eabi/lib/thumb/v7e-m+fp/hard\libstdc++_nano.a
LOAD c:/progra~2/microsoft visual studio/2019/community/linux/gcc_arm/bin/../lib/gcc/arm-none-eabi/8.2.1/../../../../arm-none-eabi/lib/thumb/v7e-m+fp/hard\libm.a
LOAD c:/progra~2/microsoft visual studio/2019/community/linux/gcc_arm/bin/../lib/gcc/arm-none-eabi/8.2.1/../../../../arm-none-eabi/lib/thumb/v7e-m+fp/hard\libc_nano.a
START GROUP
LOAD c:/progra~2/microsoft visual studio/2019/community/linux/gcc_arm/bin/../lib/gcc/arm-none-eabi/8.2.1/thumb/v7e-m+fp/hard\libgcc.a
LOAD c:/progra~2/microsoft visual studio/2019/community/linux/gcc_arm/bin/../lib/gcc/arm-none-eabi/8.2.1/../../../../arm-none-eabi/lib/thumb/v7e-m+fp/hard\libg_nano.a
LOAD c:/progra~2/microsoft visual studio/2019/community/linux/gcc_arm/bin/../lib/gcc/arm-none-eabi/8.2.1/../../../../arm-none-eabi/lib/thumb/v7e-m+fp/hard\libc_nano.a
END GROUP
START GROUP
LOAD c:/progra~2/microsoft visual studio/2019/community/linux/gcc_arm/bin/../lib/gcc/arm-none-eabi/8.2.1/thumb/v7e-m+fp/hard\libgcc.a
LOAD c:/progra~2/microsoft visual studio/2019/community/linux/gcc_arm/bin/../lib/gcc/arm-none-eabi/8.2.1/../../../../arm-none-eabi/lib/thumb/v7e-m+fp/hard\libc_nano.a
LOAD c:/progra~2/microsoft visual studio/2019/community/linux/gcc_arm/bin/../lib/gcc/arm-none-eabi/8.2.1/../../../../arm-none-eabi/lib/thumb/v7e-m+fp/hard\libnosys.a
END GROUP
START GROUP
LOAD c:/progra~2/microsoft visual studio/2019/community/linux/gcc_arm/bin/../lib/gcc/arm-none-eabi/8.2.1/thumb/v7e-m+fp/hard\libgcc.a
LOAD c:/progra~2/microsoft visual studio/2019/community/linux/gcc_arm/bin/../lib/gcc/arm-none-eabi/8.2.1/../../../../arm-none-eabi/lib/thumb/v7e-m+fp/hard\libc_nano.a
LOAD c:/progra~2/microsoft visual studio/2019/community/linux/gcc_arm/bin/../lib/gcc/arm-none-eabi/8.2.1/../../../../arm-none-eabi/lib/thumb/v7e-m+fp/hard\libnosys.a
END GROUP

.text           0x00100000    0x13f50
 *(.vector_table)
 .vector_table  0x00100000      0x1d0 lib/MT3620_M4_Driver/lib/MT3620_M4_BSP/libMT3620_M4_BSP.a(vector_table.c.obj)
                0x00100000                __isr_vector
 *(.text)
 .text          0x001001d0      0x204 CMakeFiles/azure-sphere-combo-cifar10-rtcore.dir/main.c.obj
                0x001002d0                mbox_swint_cb
                0x00100314                mbox_fifo_cb
                0x00100354                vApplicationStackOverflowHook
                0x00100368                vApplicationMallocFailedHook
                0x00100378                _putchar
                0x00100398                RTCoreMain
 .text          0x001003d4      0x4b0 CMakeFiles/azure-sphere-combo-cifar10-rtcore.dir/f0775b8a0a1a4f21b831569dbc2a2e8d/project/source/RTCORE_OS_HAL/src/os_hal_uart.c.obj
                0x00100434                mtk_os_hal_uart_ctlr_init
                0x001004a0                mtk_os_hal_uart_ctlr_deinit
                0x001004c4                mtk_os_hal_uart_dumpreg
                0x001004dc                mtk_os_hal_uart_set_baudrate
                0x001004f8                mtk_os_hal_uart_set_format
                0x0010051c                mtk_os_hal_uart_get_char
                0x0010053c                mtk_os_hal_uart_get_char_nowait
                0x0010055c                mtk_os_hal_uart_put_char
                0x00100574                mtk_os_hal_uart_clear_irq_status
                0x00100590                mtk_os_hal_uart_set_irq
                0x001005a8                mtk_os_hal_uart_set_hw_fc
                0x001005c0                mtk_os_hal_uart_disable_sw_fc
                0x001005d8                mtk_os_hal_uart_set_sw_fc
                0x00100604                mtk_os_hal_uart_dma_send_data
                0x00100744                mtk_os_hal_uart_dma_get_data
 .text          0x00100884      0xe60 CMakeFiles/azure-sphere-combo-cifar10-rtcore.dir/f0775b8a0a1a4f21b831569dbc2a2e8d/project/source/RTCORE_OS_HAL/src/os_hal_mbox.c.obj
                0x00100c50                mtk_os_hal_mbox_sw_int_register_cb
                0x00100db8                mtk_os_hal_mbox_sw_int_unregister_cb
                0x00100e94                mtk_os_hal_mbox_fifo_register_cb
                0x00101104                mtk_os_hal_mbox_fifo_unregister_cb
                0x00101294                mtk_os_hal_mbox_open_channel
                0x00101378                mtk_os_hal_mbox_close_channel
                0x001013d4                mtk_os_hal_mbox_fifo_read
                0x001014d8                mtk_os_hal_mbox_fifo_write
                0x001015d8                mtk_os_hal_mbox_ioctl
 .text          0x001016e4      0x284 CMakeFiles/azure-sphere-combo-cifar10-rtcore.dir/e19389ff1b18dd4296d4faeafb009a24/source/RTCORE_OS_HAL/src/os_hal_mbox_shared_mem.c.obj
                0x001016e4                GetIntercoreBuffers
                0x001017c0                EnqueueData
                0x00101878                DequeueData
 .text          0x00101968     0x1740 lib/MT3620_M4_Driver/libMT3620_M4_Driver.a(printf.c.obj)
                0x00102fbc                printf_
                0x00102fe8                sprintf_
                0x00103014                snprintf_
                0x0010303c                vprintf_
                0x0010305c                vsnprintf_
                0x00103078                fctprintf
 .text          0x001030a8      0x4e4 lib/MT3620_M4_Driver/libMT3620_M4_Driver.a(mhal_uart.c.obj)
                0x001030e8                mtk_mhal_uart_enable_clk
                0x00103100                mtk_mhal_uart_disable_clk
                0x00103118                mtk_mhal_uart_sw_reset
                0x0010312c                mtk_mhal_uart_dumpreg
                0x00103140                mtk_mhal_uart_hw_init
                0x0010316c                mtk_mhal_uart_set_baudrate
                0x00103198                mtk_mhal_uart_set_format
                0x001031dc                mtk_mhal_uart_set_hw_fc
                0x001031fc                mtk_mhal_uart_disable_sw_fc
                0x00103210                mtk_mhal_uart_set_sw_fc
                0x00103248                mtk_mhal_uart_set_dma
                0x0010325c                mtk_mhal_uart_clear_irq_status
                0x00103270                mtk_mhal_uart_set_irq
                0x00103284                mtk_mhal_uart_putc
                0x00103298                mtk_mhal_uart_getc
                0x001032b0                mtk_mhal_uart_getc_nowait
                0x001032c4                mtk_mhal_uart_dma_tx_callback_register
                0x001032dc                mtk_mhal_uart_dma_rx_callback_register
                0x001032f4                mtk_mhal_uart_allocate_dma_tx_ch
                0x00103310                mtk_mhal_uart_allocate_dma_rx_ch
                0x0010332c                mtk_mhal_uart_release_dma_tx_ch
                0x00103348                mtk_mhal_uart_release_dma_rx_ch
                0x00103364                mtk_mhal_uart_dma_tx_config
                0x001033d8                mtk_mhal_uart_dma_rx_config
                0x00103450                mtk_mhal_uart_start_dma_tx
                0x00103498                mtk_mhal_uart_start_dma_rx
                0x001034cc                mtk_mhal_uart_stop_dma_tx
                0x001034f4                mtk_mhal_uart_stop_dma_rx
                0x0010351c                mtk_mhal_uart_update_dma_tx_info
                0x00103554                mtk_mhal_uart_update_dma_rx_info
 .text          0x0010358c      0x404 lib/MT3620_M4_Driver/libMT3620_M4_Driver.a(hdl_uart.c.obj)
                0x0010358c                mtk_hdl_uart_cg_config
                0x001035b4                mtk_hdl_uart_reset
                0x001035d8                mtk_hdl_uart_dmreg
                0x001035dc                mtk_hdl_uart_init
                0x00103600                mtk_hdl_uart_set_baudrate
                0x00103714                mtk_hdl_uart_set_format
                0x00103744                mtk_hdl_uart_dma_en
                0x0010377c                mtk_hdl_uart_tx_dma_handshake
                0x001037ac                mtk_hdl_uart_rx_dma_handshake
                0x001037dc                mtk_hdl_uart_clear_irq_status
                0x00103810                mtk_hdl_uart_set_irq
                0x0010381c                mtk_hdl_uart_set_hw_fc
                0x00103884                mtk_hdl_uart_disable_sw_fc
                0x001038b4                mtk_hdl_uart_set_sw_fc
                0x00103954                mtk_hdl_uart_output_char
                0x00103974                mtk_hdl_uart_input_char
 .text          0x00103990      0x384 lib/MT3620_M4_Driver/libMT3620_M4_Driver.a(mhal_mbox.c.obj)
                0x00103990                mtk_mhal_mbox_reset
                0x001039b4                mtk_mhal_mbox_fifo_read
                0x00103a34                mtk_mhal_mbox_fifo_write
                0x00103ab8                mtk_mhal_mbox_ioctl
 .text          0x00103d14      0x18c lib/MT3620_M4_Driver/libMT3620_M4_Driver.a(hdl_mbox.c.obj)
                0x00103d14                mtk_hdl_mbox_sem_post
                0x00103d20                mtk_hdl_mbox_sem_pend
                0x00103d30                mtk_hdl_mbox_data_fifo_post
                0x00103d3c                mtk_hdl_mbox_cmd_fifo_post
                0x00103d48                mtk_hdl_mbox_get_post_fifo_cnt
                0x00103d58                mtk_hdl_mbox_data_fifo_acpt
                0x00103d68                mtk_hdl_mbox_cmd_fifo_acpt
                0x00103d78                mtk_hdl_mbox_get_acpt_fifo_cnt
                0x00103d88                mtk_hdl_mbox_get_nf_thrs
                0x00103d98                mtk_hdl_mbox_set_nf_thrs
                0x00103da8                mtk_hdl_mbox_get_ne_thrs
                0x00103db8                mtk_hdl_mbox_set_ne_thrs
                0x00103dc8                mtk_hdl_mbox_trig_sw_int
                0x00103dd8                mtk_hdl_mbox_sw_int_en
                0x00103de4                mtk_hdl_mbox_get_sw_int_en
                0x00103df4                mtk_hdl_mbox_sw_int_ctrl
                0x00103e24                mtk_hdl_mbox_get_sw_int_sts
                0x00103e34                mtk_hdl_mbox_clear_sw_int_sts
                0x00103e40                mtk_hdl_mbox_int_en
                0x00103e6c                mtk_hdl_mbox_get_int_en
                0x00103e7c                mtk_hdl_mbox_get_int_sts
                0x00103e8c                mtk_hdl_mbox_clear_int_sts
                0x00103e98                mtk_hdl_mbox_reset
 .text          0x00103ea0       0xc4 lib/MT3620_M4_Driver/libMT3620_M4_Driver.a(mhal_osai.c.obj)
                0x00103ea0                osai_delay_us
                0x00103f08                osai_delay_ms
                0x00103f20                osai_readl
                0x00103f24                osai_writel
                0x00103f28                osai_get_phyaddr
                0x00103f2c                osai_clean_cache
                0x00103f30                osai_invalid_cache
                0x00103f34                osai_dma_allocate_chan
                0x00103f38                osai_dma_config
                0x00103f3c                osai_dma_start
                0x00103f40                osai_dma_stop
                0x00103f44                osai_dma_set_param
                0x00103f48                osai_dma_get_param
                0x00103f4c                osai_dma_release_chan
                0x00103f50                osai_dma_get_status
                0x00103f54                osai_dma_update_vfifo_swptr
                0x00103f58                osai_dma_vff_read_data
                0x00103f5c                osai_dma_reset
                0x00103f60                osai_dma_clr_dreq
 .text          0x00103f64      0x378 c:/progra~2/microsoft visual studio/2019/community/linux/gcc_arm/bin/../lib/gcc/arm-none-eabi/8.2.1/thumb/v7e-m+fp/hard\libgcc.a(_arm_addsubdf3.o)
                0x00103f64                __aeabi_drsub
                0x00103f6c                __aeabi_dsub
                0x00103f6c                __subdf3
                0x00103f70                __aeabi_dadd
                0x00103f70                __adddf3
                0x001041e8                __floatunsidf
                0x001041e8                __aeabi_ui2d
                0x00104208                __floatsidf
                0x00104208                __aeabi_i2d
                0x0010422c                __aeabi_f2d
                0x0010422c                __extendsfdf2
                0x00104270                __floatundidf
                0x00104270                __aeabi_ul2d
                0x00104280                __floatdidf
                0x00104280                __aeabi_l2d
 .text          0x001042dc      0x424 c:/progra~2/microsoft visual studio/2019/community/linux/gcc_arm/bin/../lib/gcc/arm-none-eabi/8.2.1/thumb/v7e-m+fp/hard\libgcc.a(_arm_muldivdf3.o)
                0x001042dc                __aeabi_dmul
                0x001042dc                __muldf3
                0x00104530                __divdf3
                0x00104530                __aeabi_ddiv
 .text          0x00104700      0x110 c:/progra~2/microsoft visual studio/2019/community/linux/gcc_arm/bin/../lib/gcc/arm-none-eabi/8.2.1/thumb/v7e-m+fp/hard\libgcc.a(_arm_cmpdf2.o)
                0x00104700                __gtdf2
                0x00104700                __gedf2
                0x00104708                __ltdf2
                0x00104708                __ledf2
                0x00104710                __nedf2
                0x00104710                __eqdf2
                0x00104710                __cmpdf2
                0x0010478c                __aeabi_cdrcmple
                0x0010479c                __aeabi_cdcmpeq
                0x0010479c                __aeabi_cdcmple
                0x001047ac                __aeabi_dcmpeq
                0x001047c0                __aeabi_dcmplt
                0x001047d4                __aeabi_dcmple
                0x001047e8                __aeabi_dcmpge
                0x001047fc                __aeabi_dcmpgt
 .text          0x00104810       0x50 c:/progra~2/microsoft visual studio/2019/community/linux/gcc_arm/bin/../lib/gcc/arm-none-eabi/8.2.1/thumb/v7e-m+fp/hard\libgcc.a(_arm_fixdfsi.o)
                0x00104810                __aeabi_d2iz
                0x00104810                __fixdfsi
 .text          0x00104860       0x40 c:/progra~2/microsoft visual studio/2019/community/linux/gcc_arm/bin/../lib/gcc/arm-none-eabi/8.2.1/thumb/v7e-m+fp/hard\libgcc.a(_arm_fixunsdfsi.o)
                0x00104860                __aeabi_d2uiz
                0x00104860                __fixunsdfsi
 .text          0x001048a0       0xa0 c:/progra~2/microsoft visual studio/2019/community/linux/gcc_arm/bin/../lib/gcc/arm-none-eabi/8.2.1/thumb/v7e-m+fp/hard\libgcc.a(_arm_truncdfsf2.o)
                0x001048a0                __truncdfsf2
                0x001048a0                __aeabi_d2f
 .text          0x00104940       0x30 c:/progra~2/microsoft visual studio/2019/community/linux/gcc_arm/bin/../lib/gcc/arm-none-eabi/8.2.1/thumb/v7e-m+fp/hard\libgcc.a(_aeabi_uldivmod.o)
                0x00104940                __aeabi_uldivmod
 .text          0x00104970       0x30 c:/progra~2/microsoft visual studio/2019/community/linux/gcc_arm/bin/../lib/gcc/arm-none-eabi/8.2.1/thumb/v7e-m+fp/hard\libgcc.a(_fixdfdi.o)
                0x00104970                __fixdfdi
                0x00104970                __aeabi_d2lz
 .text          0x001049a0       0x3c c:/progra~2/microsoft visual studio/2019/community/linux/gcc_arm/bin/../lib/gcc/arm-none-eabi/8.2.1/thumb/v7e-m+fp/hard\libgcc.a(_fixunsdfdi.o)
                0x001049a0                __fixunsdfdi
                0x001049a0                __aeabi_d2ulz
 .text          0x001049dc      0x2d0 c:/progra~2/microsoft visual studio/2019/community/linux/gcc_arm/bin/../lib/gcc/arm-none-eabi/8.2.1/thumb/v7e-m+fp/hard\libgcc.a(_udivmoddi4.o)
                0x001049dc                __udivmoddi4
 .text          0x00104cac        0x4 c:/progra~2/microsoft visual studio/2019/community/linux/gcc_arm/bin/../lib/gcc/arm-none-eabi/8.2.1/thumb/v7e-m+fp/hard\libgcc.a(_dvmd_tls.o)
                0x00104cac                __aeabi_idiv0
                0x00104cac                __aeabi_ldiv0
 .text          0x00104cb0      0x298 lib/MT3620_M4_Driver/lib/MT3620_M4_BSP/libMT3620_M4_BSP.a(nvic.c.obj)
                0x00104cb0                SystmTick_Handler
                0x00104cc0                NVIC_Register
                0x00104d00                NVIC_UnRegister
                0x00104d44                NVIC_SetupVectorTable
                0x00104d94                NVIC_SWInt
                0x00104da0                NVIC_ISR_Check_and_backup
                0x00104dbc                NVIC_ISR_Restore
                0x00104e08                CM4_Install_NVIC
                0x00104ee4                cm4_irq_set_sw_reset
                0x00104ef4                cm4_irq_clear_sw_reset
                0x00104f04                cm4_irq_sw_reset
 .text          0x00104f48      0x7a0 lib/MT3620_M4_Driver/lib/MT3620_M4_BSP/libMT3620_M4_BSP.a(cirq_common.c.obj)
                0x00104f48                cirq_gpio_irq_ctl_set_level
                0x00104fe0                cirq_gpio_irq_ctl_set_edge
                0x00105074                cirq_gpio_irq_ctl_set_edge2lvl
                0x0010510c                cirq_gpio_irq_ctl_clr_edge2lvl
                0x001051a0                cirq_gpio_irq_ctl_ack_edge2lvl
                0x00105238                cirq_irq_test_set_trigger
                0x00105338                cirq_irq_test_clr_trigger
                0x0010543c                cirq_irq_dis_set_trigger
                0x001054cc                cirq_irq_dis_clr_trigger
                0x00105570                cirq_irq_ctl_set_level
                0x001055c4                cirq_irq_ctl_set_edge
                0x0010562c                cirq_cm4_wic_enable
                0x00105694                cirq_cm4_wic_disable
 .text          0x001056e8        0x4 lib/MT3620_M4_Driver/lib/MT3620_M4_BSP/libMT3620_M4_BSP.a(vector_table.c.obj)
                0x001056e8                MPU_Fault_Handler
                0x001056e8                Bus_Fault_Handler
                0x001056e8                Usage_Fault_Handler
                0x001056e8                Debug_Monitor_Handler
                0x001056e8                Hard_Fault_Handler
                0x001056e8                NMI_Handler
 .text          0x001056ec       0x20 lib/MT3620_M4_Driver/lib/MT3620_M4_BSP/libMT3620_M4_BSP.a(startup_mt3620.s.obj)
                0x001056ec                Reset_Handler
 .text          0x0010570c     0x1548 lib/MT3620_M4_Driver/MT3620_M4_BSP/FreeRTOS/libMT3620_M4_FreeRTOS.a(queue.c.obj)
                0x00105784                xQueueGenericReset
                0x00105810                xQueueGenericCreate
                0x001058a0                xQueueCreateCountingSemaphore
                0x00105928                xQueueGenericSend
                0x00105c40                xQueueCreateMutex
                0x00105cac                xQueueGiveMutexRecursive
                0x00105cec                xQueueGenericSendFromISR
                0x00105db8                xQueueGiveFromISR
                0x00105e68                xQueueReceive
                0x0010617c                xQueueSemaphoreTake
                0x001064ac                xQueueTakeMutexRecursive
                0x001064ec                xQueuePeek
                0x001067e8                xQueueReceiveFromISR
                0x001068a0                xQueuePeekFromISR
                0x0010692c                uxQueueMessagesWaiting
                0x00106954                uxQueueSpacesAvailable
                0x00106980                uxQueueMessagesWaitingFromISR
                0x00106998                vQueueDelete
                0x00106a18                uxQueueGetQueueNumber
                0x00106a1c                vQueueSetQueueNumber
                0x00106a20                ucQueueGetQueueType
                0x00106a28                xQueueIsQueueEmptyFromISR
                0x00106a48                xQueueIsQueueFullFromISR
                0x00106a6c                vQueueAddToRegistry
                0x00106ac0                pcQueueGetName
                0x00106b20                vQueueUnregisterQueue
                0x00106b84                vQueueWaitForMessageRestricted
 .text          0x00106c54     0x1b74 lib/MT3620_M4_Driver/MT3620_M4_BSP/FreeRTOS/libMT3620_M4_FreeRTOS.a(tasks.c.obj)
                0x00106d34                xTaskCreate
                0x00106f24                vTaskDelete
                0x0010700c                eTaskGetState
                0x0010708c                uxTaskPriorityGet
                0x001070b4                uxTaskPriorityGetFromISR
                0x001070ec                vTaskPrioritySet
                0x001071d8                vTaskResume
                0x00107270                xTaskResumeFromISR
                0x00107324                vTaskStartScheduler
                0x001074e4                vTaskEndScheduler
                0x00107504                vTaskSuspendAll
                0x00107518                xTaskGetTickCount
                0x00107524                xTaskGetTickCountFromISR
                0x00107538                uxTaskGetNumberOfTasks
                0x00107544                pcTaskGetName
                0x0010756c                xTaskIncrementTick
                0x00107780                xTaskResumeAll
                0x001077a0                vTaskDelay
                0x0010790c                uxTaskGetSystemState
                0x00107a0c                vTaskDelayUntil
                0x00107abc                vTaskSetApplicationTaskTag
                0x00107aec                xTaskGetApplicationTaskTag
                0x00107b18                xTaskGetApplicationTaskTagFromISR
                0x00107b44                xTaskCallApplicationTaskHook
                0x00107b64                vTaskSwitchContext
                0x00107be8                vTaskSuspend
                0x00107cdc                vTaskPlaceOnEventList
                0x00107d7c                vTaskPlaceOnUnorderedEventList
                0x00107dd4                vTaskPlaceOnEventListRestricted
                0x00107e14                xTaskRemoveFromEventList
                0x00107e90                vTaskRemoveFromUnorderedEventList
                0x00107f10                vTaskSetTimeOutState
                0x00107f48                vTaskInternalSetTimeOutState
                0x00107f5c                xTaskCheckForTimeOut
                0x00107fe8                vTaskMissedYield
                0x00107ff8                uxTaskGetTaskNumber
                0x00108000                vTaskSetTaskNumber
                0x00108008                vTaskGetInfo
                0x00108124                xTaskGetCurrentTaskHandle
                0x00108130                xTaskGetSchedulerState
                0x00108150                xTaskPriorityInherit
                0x00108204                xTaskPriorityDisinherit
                0x001082b4                vTaskPriorityDisinheritAfterTimeout
                0x00108378                uxTaskResetEventItemValue
                0x00108398                pvTaskIncrementMutexHeldCount
                0x001083b4                ulTaskNotifyTake
                0x00108428                xTaskNotifyWait
                0x001084c4                xTaskGenericNotify
                0x001085b0                xTaskGenericNotifyFromISR
                0x001086cc                vTaskNotifyGiveFromISR
                0x00108798                xTaskNotifyStateClear
 .text          0x001087c8      0x5a0 lib/MT3620_M4_Driver/MT3620_M4_BSP/FreeRTOS/libMT3620_M4_FreeRTOS.a(timers.c.obj)
                0x00108aa0                xTimerCreateTimerTask
                0x00108b28                xTimerCreate
                0x00108bd4                xTimerGenericCommand
                0x00108c38                xTimerGetTimerDaemonTaskHandle
                0x00108c58                xTimerGetPeriod
                0x00108c70                vTimerSetReloadMode
                0x00108cb4                xTimerGetExpiryTime
                0x00108ccc                pcTimerGetName
                0x00108ce4                xTimerIsTimerActive
                0x00108d10                pvTimerGetTimerID
                0x00108d38                vTimerSetTimerID
                0x00108d60                uxTimerGetTimerNumber
                0x00108d64                vTimerSetTimerNumber
 .text          0x00108d68      0x208 lib/MT3620_M4_Driver/MT3620_M4_BSP/FreeRTOS/libMT3620_M4_FreeRTOS.a(heap_4.c.obj)
                0x00108d68                pvPortMalloc
                0x00108eb4                vPortFree
                0x00108f54                xPortGetFreeHeapSize
                0x00108f60                xPortGetMinimumEverFreeHeapSize
                0x00108f6c                vPortInitialiseBlocks
 .text          0x00108f70      0x3a0 lib/MT3620_M4_Driver/MT3620_M4_BSP/FreeRTOS/libMT3620_M4_FreeRTOS.a(port.c.obj)
                0x00108fe4                pxPortInitialiseStack
                0x00109010                SVC_Handler
                0x00109034                vPortEndScheduler
                0x00109058                vPortEnterCritical
                0x0010909c                vPortExitCritical
                0x001090c4                PendSV_Handler
                0x00109124                SysTick_Handler
                0x00109150                vPortSetupTimerInterrupt
                0x0010917c                xPortStartScheduler
                0x001092b0                vPortValidateInterruptPriority
 .text          0x00109310       0x9c lib/MT3620_M4_Driver/MT3620_M4_BSP/FreeRTOS/libMT3620_M4_FreeRTOS.a(list.c.obj)
                0x00109310                vListInitialise
                0x00109328                vListInitialiseItem
                0x00109330                vListInsertEnd
                0x00109350                vListInsert
                0x00109384                uxListRemove
 .text          0x001093ac       0x14 c:/progra~2/microsoft visual studio/2019/community/linux/gcc_arm/bin/../lib/gcc/arm-none-eabi/8.2.1/../../../../arm-none-eabi/lib/thumb/v7e-m+fp/hard\libc_nano.a(lib_a-strcmp.o)
                0x001093ac                strcmp
 *(.text*)
 .text._ZN6tflite18MicroErrorReporterD0Ev
                0x001093c0        0x4 CMakeFiles/azure-sphere-combo-cifar10-rtcore.dir/f0775b8a0a1a4f21b831569dbc2a2e8d/project/app/lib_src/person_detection_demo/main.cc.obj
                0x001093c0                tflite::MicroErrorReporter::~MicroErrorReporter()
                0x001093c0                tflite::MicroErrorReporter::~MicroErrorReporter()
                0x001093c0                tflite::MicroErrorReporter::~MicroErrorReporter()
 .text._ZNK6tflite22MicroMutableOpResolverILj3EE6FindOpENS_15BuiltinOperatorE
                0x001093c4       0x34 CMakeFiles/azure-sphere-combo-cifar10-rtcore.dir/f0775b8a0a1a4f21b831569dbc2a2e8d/project/app/lib_src/person_detection_demo/main.cc.obj
                0x001093c4                tflite::MicroMutableOpResolver<3u>::FindOp(tflite::BuiltinOperator) const
 .text._ZN6tflite22MicroMutableOpResolverILj3EED0Ev
                0x001093f8        0x4 CMakeFiles/azure-sphere-combo-cifar10-rtcore.dir/f0775b8a0a1a4f21b831569dbc2a2e8d/project/app/lib_src/person_detection_demo/main.cc.obj
                0x001093f8                tflite::MicroMutableOpResolver<3u>::~MicroMutableOpResolver()
                0x001093f8                tflite::MicroMutableOpResolver<3u>::~MicroMutableOpResolver()
                0x001093f8                tflite::MicroMutableOpResolver<3u>::~MicroMutableOpResolver()
 .text._ZNK6tflite22MicroMutableOpResolverILj3EE15GetOpDataParserENS_15BuiltinOperatorE
                0x001093fc       0x3c CMakeFiles/azure-sphere-combo-cifar10-rtcore.dir/f0775b8a0a1a4f21b831569dbc2a2e8d/project/app/lib_src/person_detection_demo/main.cc.obj
                0x001093fc                tflite::MicroMutableOpResolver<3u>::GetOpDataParser(tflite::BuiltinOperator) const
 .text._ZNK6tflite22MicroMutableOpResolverILj3EE6FindOpEPKc
                0x00109438       0x5c CMakeFiles/azure-sphere-combo-cifar10-rtcore.dir/f0775b8a0a1a4f21b831569dbc2a2e8d/project/app/lib_src/person_detection_demo/main.cc.obj
                0x00109438                tflite::MicroMutableOpResolver<3u>::FindOp(char const*) const
 .text._ZNK6tflite15MicroOpResolver6FindOpENS_15BuiltinOperatorEi
                0x00109494       0x54 CMakeFiles/azure-sphere-combo-cifar10-rtcore.dir/f0775b8a0a1a4f21b831569dbc2a2e8d/project/app/lib_src/person_detection_demo/main.cc.obj
                0x00109494                tflite::MicroOpResolver::FindOp(tflite::BuiltinOperator, int) const
 .text._ZNK6tflite15MicroOpResolver6FindOpEPKci
                0x001094e8       0x70 CMakeFiles/azure-sphere-combo-cifar10-rtcore.dir/f0775b8a0a1a4f21b831569dbc2a2e8d/project/app/lib_src/person_detection_demo/main.cc.obj
                0x001094e8                tflite::MicroOpResolver::FindOp(char const*, int) const
 .text.person_detection_setup
                0x00109558      0x350 CMakeFiles/azure-sphere-combo-cifar10-rtcore.dir/f0775b8a0a1a4f21b831569dbc2a2e8d/project/app/lib_src/person_detection_demo/main.cc.obj
                0x00109558                person_detection_setup
 .text._ZN6tflite18MicroErrorReporter6ReportEPKcSt9__va_list
                0x001098a8       0x2c ../../../../../../prebuilts/lib/libtensorflow-microlite.a(micro_error_reporter.o)
                0x001098a8                tflite::MicroErrorReporter::Report(char const*, std::__va_list)
 .text._ZN6tflite8internal13ContextHelper24AllocatePersistentBufferEP13TfLiteContextjPPv
                0x001098d4        0x8 ../../../../../../prebuilts/lib/libtensorflow-microlite.a(micro_interpreter.o)
                0x001098d4                tflite::internal::ContextHelper::AllocatePersistentBuffer(TfLiteContext*, unsigned int, void**)
 .text._ZN6tflite8internal13ContextHelper27RequestScratchBufferInArenaEP13TfLiteContextjPi
                0x001098dc       0x16 ../../../../../../prebuilts/lib/libtensorflow-microlite.a(micro_interpreter.o)
                0x001098dc                tflite::internal::ContextHelper::RequestScratchBufferInArena(TfLiteContext*, unsigned int, int*)
 .text._ZN6tflite8internal13ContextHelper16GetScratchBufferEP13TfLiteContexti
                0x001098f2        0x8 ../../../../../../prebuilts/lib/libtensorflow-microlite.a(micro_interpreter.o)
                0x001098f2                tflite::internal::ContextHelper::GetScratchBuffer(TfLiteContext*, int)
 .text._ZN6tflite8internal13ContextHelper13ReportOpErrorEP13TfLiteContextPKcz
                0x001098fa       0x20 ../../../../../../prebuilts/lib/libtensorflow-microlite.a(micro_interpreter.o)
                0x001098fa                tflite::internal::ContextHelper::ReportOpError(TfLiteContext*, char const*, ...)
 .text._ZNK11flatbuffers5Table22GetOptionalFieldOffsetEt
                0x0010991a       0x12 ../../../../../../prebuilts/lib/libtensorflow-microlite.a(micro_interpreter.o)
                0x0010991a                flatbuffers::Table::GetOptionalFieldOffset(unsigned short) const
 .text._ZNK6tflite16MicroInterpreter14operators_sizeEv.isra.12
                0x0010992c       0x16 ../../../../../../prebuilts/lib/libtensorflow-microlite.a(micro_interpreter.o)
 .text._ZN6tflite12DynamicAgentC2Ev
                0x00109942       0x4e ../../../../../../prebuilts/lib/libtensorflow-microlite.a(micro_interpreter.o)
                0x00109942                tflite::DynamicAgent::DynamicAgent()
                0x00109942                tflite::DynamicAgent::DynamicAgent()
 .text._ZN6tflite16MicroInterpreterD2Ev
                0x00109990       0x36 ../../../../../../prebuilts/lib/libtensorflow-microlite.a(micro_interpreter.o)
                0x00109990                tflite::MicroInterpreter::~MicroInterpreter()
                0x00109990                tflite::MicroInterpreter::~MicroInterpreter()
 *fill*         0x001099c6        0x2 
 .text._ZN6tflite16MicroInterpreter4InitEPNS_8ProfilerE
                0x001099c8       0x7c ../../../../../../prebuilts/lib/libtensorflow-microlite.a(micro_interpreter.o)
                0x001099c8                tflite::MicroInterpreter::Init(tflite::Profiler*)
 .text._ZN6tflite16MicroInterpreterC2EPKNS_5ModelERKNS_15MicroOpResolverEPhjPNS_13ErrorReporterEPNS_8ProfilerE
                0x00109a44       0x50 ../../../../../../prebuilts/lib/libtensorflow-microlite.a(micro_interpreter.o)
                0x00109a44                tflite::MicroInterpreter::MicroInterpreter(tflite::Model const*, tflite::MicroOpResolver const&, unsigned char*, unsigned int, tflite::ErrorReporter*, tflite::Profiler*)
                0x00109a44                tflite::MicroInterpreter::MicroInterpreter(tflite::Model const*, tflite::MicroOpResolver const&, unsigned char*, unsigned int, tflite::ErrorReporter*, tflite::Profiler*)
 .text._ZN6tflite16MicroInterpreter15AllocateTensorsEv
                0x00109a94      0x16c ../../../../../../prebuilts/lib/libtensorflow-microlite.a(micro_interpreter.o)
                0x00109a94                tflite::MicroInterpreter::AllocateTensors()
 .text._ZN11flatbuffers5Table10GetPointerIPKNS_6VectorIlEEEET_t
                0x00109c00       0x12 ../../../../../../prebuilts/lib/libtensorflow-microlite.a(micro_interpreter.o)
                0x00109c00                flatbuffers::Vector<long> const* flatbuffers::Table::GetPointer<flatbuffers::Vector<long> const*>(unsigned short)
 *fill*         0x00109c12        0x2 
 .text._ZN6tflite16MicroInterpreter5inputEj
                0x00109c14       0x38 ../../../../../../prebuilts/lib/libtensorflow-microlite.a(micro_interpreter.o)
                0x00109c14                tflite::MicroInterpreter::input(unsigned int)
 .text._ZN6tflite16MicroInterpreter6outputEj
                0x00109c4c       0x38 ../../../../../../prebuilts/lib/libtensorflow-microlite.a(micro_interpreter.o)
                0x00109c4c                tflite::MicroInterpreter::output(unsigned int)
 .text._ZN12_GLOBAL__N_19StrCatStrEPciPKc
                0x00109c84       0x2c ../../../../../../prebuilts/lib/libtensorflow-microlite.a(micro_string.o)
 .text._ZN12_GLOBAL__N_122FastUInt32ToBufferLeftEmPci
                0x00109cb0       0x3e ../../../../../../prebuilts/lib/libtensorflow-microlite.a(micro_string.o)
 *fill*         0x00109cee        0x2 
 .text.MicroVsnprintf
                0x00109cf0      0x23c ../../../../../../prebuilts/lib/libtensorflow-microlite.a(micro_string.o)
                0x00109cf0                MicroVsnprintf
 .text._ZN6tflite21SimpleMemoryAllocatorD2Ev
                0x00109f2c        0xc ../../../../../../prebuilts/lib/libtensorflow-microlite.a(simple_memory_allocator.o)
                0x00109f2c                tflite::SimpleMemoryAllocator::~SimpleMemoryAllocator()
                0x00109f2c                tflite::SimpleMemoryAllocator::~SimpleMemoryAllocator()
 .text._ZN6tflite21SimpleMemoryAllocatorD0Ev
                0x00109f38        0xc ../../../../../../prebuilts/lib/libtensorflow-microlite.a(simple_memory_allocator.o)
                0x00109f38                tflite::SimpleMemoryAllocator::~SimpleMemoryAllocator()
 .text._ZN6tflite21SimpleMemoryAllocator16AllocateFromHeadEjj
                0x00109f44       0x34 ../../../../../../prebuilts/lib/libtensorflow-microlite.a(simple_memory_allocator.o)
                0x00109f44                tflite::SimpleMemoryAllocator::AllocateFromHead(unsigned int, unsigned int)
 .text._ZN6tflite21SimpleMemoryAllocator16AllocateFromTailEjj
                0x00109f78       0x34 ../../../../../../prebuilts/lib/libtensorflow-microlite.a(simple_memory_allocator.o)
                0x00109f78                tflite::SimpleMemoryAllocator::AllocateFromTail(unsigned int, unsigned int)
 .text._ZN6tflite21SimpleMemoryAllocatorC2EPNS_13ErrorReporterEPhS3_
                0x00109fac       0x18 ../../../../../../prebuilts/lib/libtensorflow-microlite.a(simple_memory_allocator.o)
                0x00109fac                tflite::SimpleMemoryAllocator::SimpleMemoryAllocator(tflite::ErrorReporter*, unsigned char*, unsigned char*)
                0x00109fac                tflite::SimpleMemoryAllocator::SimpleMemoryAllocator(tflite::ErrorReporter*, unsigned char*, unsigned char*)
 .text._ZN6tflite21SimpleMemoryAllocator6CreateEPNS_13ErrorReporterEPhj
                0x00109fc4       0x40 ../../../../../../prebuilts/lib/libtensorflow-microlite.a(simple_memory_allocator.o)
                0x00109fc4                tflite::SimpleMemoryAllocator::Create(tflite::ErrorReporter*, unsigned char*, unsigned int)
 .text._ZNK6tflite21SimpleMemoryAllocator7GetHeadEv
                0x0010a004        0x4 ../../../../../../prebuilts/lib/libtensorflow-microlite.a(simple_memory_allocator.o)
                0x0010a004                tflite::SimpleMemoryAllocator::GetHead() const
 .text._ZNK6tflite21SimpleMemoryAllocator7GetTailEv
                0x0010a008        0x4 ../../../../../../prebuilts/lib/libtensorflow-microlite.a(simple_memory_allocator.o)
                0x0010a008                tflite::SimpleMemoryAllocator::GetTail() const
 .text._ZNK6tflite21SimpleMemoryAllocator18GetAvailableMemoryEv
                0x0010a00c        0x8 ../../../../../../prebuilts/lib/libtensorflow-microlite.a(simple_memory_allocator.o)
                0x0010a00c                tflite::SimpleMemoryAllocator::GetAvailableMemory() const
 .text._ZN6tflite13ErrorReporter6ReportEPKcz
                0x0010a014       0x1c ../../../../../../prebuilts/lib/libtensorflow-microlite.a(error_reporter.o)
                0x0010a014                tflite::ErrorReporter::Report(char const*, ...)
 .text._ZN6tflite13ErrorReporter11ReportErrorEPvPKcz
                0x0010a030       0x1c ../../../../../../prebuilts/lib/libtensorflow-microlite.a(error_reporter.o)
                0x0010a030                tflite::ErrorReporter::ReportError(void*, char const*, ...)
 .text._ZN6tflite12_GLOBAL__N_124SafeBuiltinDataAllocator18BuiltinDataDeleterclEPv
                0x0010a04c        0xc ../../../../../../prebuilts/lib/libtensorflow-microlite.a(flatbuffer_conversions.o)
 .text._ZN6tflite12_GLOBAL__N_117ConvertActivationENS_22ActivationFunctionTypeE
                0x0010a058       0x14 ../../../../../../prebuilts/lib/libtensorflow-microlite.a(flatbuffer_conversions.o)
 .text._ZN6tflite12_GLOBAL__N_114ConvertPaddingENS_7PaddingE
                0x0010a06c       0x10 ../../../../../../prebuilts/lib/libtensorflow-microlite.a(flatbuffer_conversions.o)
 .text._ZN6tflite12_GLOBAL__N_126FlatBufferIntVectorToArrayEiPKN11flatbuffers6VectorIlEEPiPNS_13ErrorReporterEPKc.constprop.54
                0x0010a07c       0x40 ../../../../../../prebuilts/lib/libtensorflow-microlite.a(flatbuffer_conversions.o)
 .text._ZNK6tflite8Operator15builtin_optionsEv
                0x0010a0bc       0x14 ../../../../../../prebuilts/lib/libtensorflow-microlite.a(flatbuffer_conversions.o)
                0x0010a0bc                tflite::Operator::builtin_options() const
 .text._ZN6tflite17ConvertTensorTypeENS_10TensorTypeEP10TfLiteTypePNS_13ErrorReporterE
                0x0010a0d0       0x60 ../../../../../../prebuilts/lib/libtensorflow-microlite.a(flatbuffer_conversions.o)
                0x0010a0d0                tflite::ConvertTensorType(tflite::TensorType, TfLiteType*, tflite::ErrorReporter*)
 .text._ZNK11flatbuffers5Table8GetFieldIhEET_tS2_
                0x0010a130       0x14 ../../../../../../prebuilts/lib/libtensorflow-microlite.a(flatbuffer_conversions.o)
                0x0010a130                unsigned char flatbuffers::Table::GetField<unsigned char>(unsigned short, unsigned char) const
 .text._ZNK6tflite8Operator20builtin_options_typeEv
                0x0010a144        0xc ../../../../../../prebuilts/lib/libtensorflow-microlite.a(flatbuffer_conversions.o)
                0x0010a144                tflite::Operator::builtin_options_type() const
 .text._ZN6tflite12ParseReshapeEPKNS_8OperatorENS_15BuiltinOperatorEPNS_13ErrorReporterEPNS_20BuiltinDataAllocatorEPPv
                0x0010a150       0x9c ../../../../../../prebuilts/lib/libtensorflow-microlite.a(flatbuffer_conversions.o)
                0x0010a150                tflite::ParseReshape(tflite::Operator const*, tflite::BuiltinOperator, tflite::ErrorReporter*, tflite::BuiltinDataAllocator*, void**)
 .text._ZNK11flatbuffers5Table8GetFieldIlEET_tS2_
                0x0010a1ec       0x14 ../../../../../../prebuilts/lib/libtensorflow-microlite.a(flatbuffer_conversions.o)
                0x0010a1ec                long flatbuffers::Table::GetField<long>(unsigned short, long) const
 .text._ZNK11flatbuffers5Table8GetFieldIaEET_tS2_
                0x0010a200       0x16 ../../../../../../prebuilts/lib/libtensorflow-microlite.a(flatbuffer_conversions.o)
                0x0010a200                signed char flatbuffers::Table::GetField<signed char>(unsigned short, signed char) const
 *fill*         0x0010a216        0x2 
 .text._ZN6tflite11ParseConv2DEPKNS_8OperatorENS_15BuiltinOperatorEPNS_13ErrorReporterEPNS_20BuiltinDataAllocatorEPPv
                0x0010a218       0xc4 ../../../../../../prebuilts/lib/libtensorflow-microlite.a(flatbuffer_conversions.o)
                0x0010a218                tflite::ParseConv2D(tflite::Operator const*, tflite::BuiltinOperator, tflite::ErrorReporter*, tflite::BuiltinDataAllocator*, void**)
 .text._ZN6tflite20ParseDepthwiseConv2DEPKNS_8OperatorENS_15BuiltinOperatorEPNS_13ErrorReporterEPNS_20BuiltinDataAllocatorEPPv
                0x0010a2dc       0xd0 ../../../../../../prebuilts/lib/libtensorflow-microlite.a(flatbuffer_conversions.o)
                0x0010a2dc                tflite::ParseDepthwiseConv2D(tflite::Operator const*, tflite::BuiltinOperator, tflite::ErrorReporter*, tflite::BuiltinDataAllocator*, void**)
 .text._ZN6tflite19ParseFullyConnectedEPKNS_8OperatorENS_15BuiltinOperatorEPNS_13ErrorReporterEPNS_20BuiltinDataAllocatorEPPv
                0x0010a3ac       0xd0 ../../../../../../prebuilts/lib/libtensorflow-microlite.a(flatbuffer_conversions.o)
                0x0010a3ac                tflite::ParseFullyConnected(tflite::Operator const*, tflite::BuiltinOperator, tflite::ErrorReporter*, tflite::BuiltinDataAllocator*, void**)
 .text._ZN6tflite9ParseSvdfEPKNS_8OperatorENS_15BuiltinOperatorEPNS_13ErrorReporterEPNS_20BuiltinDataAllocatorEPPv
                0x0010a47c       0xa4 ../../../../../../prebuilts/lib/libtensorflow-microlite.a(flatbuffer_conversions.o)
                0x0010a47c                tflite::ParseSvdf(tflite::Operator const*, tflite::BuiltinOperator, tflite::ErrorReporter*, tflite::BuiltinDataAllocator*, void**)
 .text._ZNK11flatbuffers5Table8GetFieldIfEET_tS2_
                0x0010a520       0x24 ../../../../../../prebuilts/lib/libtensorflow-microlite.a(flatbuffer_conversions.o)
                0x0010a520                float flatbuffers::Table::GetField<float>(unsigned short, float) const
 .text._ZN6tflite12ParseSoftmaxEPKNS_8OperatorENS_15BuiltinOperatorEPNS_13ErrorReporterEPNS_20BuiltinDataAllocatorEPPv
                0x0010a544       0x84 ../../../../../../prebuilts/lib/libtensorflow-microlite.a(flatbuffer_conversions.o)
                0x0010a544                tflite::ParseSoftmax(tflite::Operator const*, tflite::BuiltinOperator, tflite::ErrorReporter*, tflite::BuiltinDataAllocator*, void**)
 .text._ZN6tflite11ParseOpDataEPKNS_8OperatorENS_15BuiltinOperatorEPNS_13ErrorReporterEPNS_20BuiltinDataAllocatorEPPv
                0x0010a5c8     0x1158 ../../../../../../prebuilts/lib/libtensorflow-microlite.a(flatbuffer_conversions.o)
                0x0010a5c8                tflite::ParseOpData(tflite::Operator const*, tflite::BuiltinOperator, tflite::ErrorReporter*, tflite::BuiltinDataAllocator*, void**)
 .text._ZN6tflite19ResetVariableTensorEP12TfLiteTensor
                0x0010b720       0x26 ../../../../../../prebuilts/lib/libtensorflow-microlite.a(tensor_utils.o)
                0x0010b720                tflite::ResetVariableTensor(TfLiteTensor*)
 .text._ZN6tflite12DynamicAgent4InitER13TfLiteContextPNS_13ErrorReporterEPhj
                0x0010b746        0xe ../../../../../../prebuilts/lib/libtensorflow-microlite.a(dynamic_agent.o)
                0x0010b746                tflite::DynamicAgent::Init(TfLiteContext&, tflite::ErrorReporter*, unsigned char*, unsigned int)
 .text._ZN6tflite12DynamicAgent8FinalizeEPNS_19NodeAndRegistrationEj
                0x0010b754       0x30 ../../../../../../prebuilts/lib/libtensorflow-microlite.a(dynamic_agent.o)
                0x0010b754                tflite::DynamicAgent::Finalize(tflite::NodeAndRegistration*, unsigned int)
 .text._ZN6tflite12DynamicAgent13RegisterCacheEPhj
                0x0010b784       0x40 ../../../../../../prebuilts/lib/libtensorflow-microlite.a(dynamic_agent.o)
                0x0010b784                tflite::DynamicAgent::RegisterCache(unsigned char*, unsigned int)
 .text.IsFineGrainedOPSupport
                0x0010b7c4        0x4 ../../../../../../prebuilts/lib/libtensorflow-microlite.a(dynamic_context.o)
                0x0010b7c4                IsFineGrainedOPSupport
 .text.LoadFromExternal
                0x0010b7c8        0x4 ../../../../../../prebuilts/lib/libtensorflow-microlite.a(npu_platform.o)
                0x0010b7c8                LoadFromExternal
 .text._ZN6tflite3ops5micro7pooling4InitEP13TfLiteContextPKcj
                0x0010b7cc       0x18 ../../../../../../prebuilts/lib/libtensorflow-microlite.a(pooling.o)
                0x0010b7cc                tflite::ops::micro::pooling::Init(TfLiteContext*, char const*, unsigned int)
 .text._ZN6tflite3ops5micro7pooling12_GLOBAL__N_115CalculateOpDataEPK13TfLiteContextPK16TfLitePoolParamsPK12TfLiteTensorSC_PNS3_6OpDataE.isra.7
                0x0010b7e4       0x98 ../../../../../../prebuilts/lib/libtensorflow-microlite.a(pooling.o)
 .text._ZN6tflite3ops5micro7pooling7PrepareEP13TfLiteContextP10TfLiteNode
                0x0010b87c       0x8c ../../../../../../prebuilts/lib/libtensorflow-microlite.a(pooling.o)
                0x0010b87c                tflite::ops::micro::pooling::Prepare(TfLiteContext*, TfLiteNode*)
 .text._ZN6tflite3ops5micro7pooling11AverageEvalEP13TfLiteContextP10TfLiteNode
                0x0010b908      0x654 ../../../../../../prebuilts/lib/libtensorflow-microlite.a(pooling.o)
                0x0010b908                tflite::ops::micro::pooling::AverageEval(TfLiteContext*, TfLiteNode*)
 .text._ZN6tflite3ops5micro24Register_AVERAGE_POOL_2DEv
                0x0010bf5c        0x8 ../../../../../../prebuilts/lib/libtensorflow-microlite.a(pooling.o)
                0x0010bf5c                tflite::ops::micro::Register_AVERAGE_POOL_2D()
 .text._ZN6tflite33CalculateActivationRangeQuantizedEP13TfLiteContext21TfLiteFusedActivationP12TfLiteTensorPlS5_
                0x0010bf64      0x174 ../../../../../../prebuilts/lib/libtensorflow-microlite.a(kernel_util.o)
                0x0010bf64                tflite::CalculateActivationRangeQuantized(TfLiteContext*, TfLiteFusedActivation, TfLiteTensor*, long*, long*)
 .text._ZN6tflite37PopulateConvolutionQuantizationParamsEP13TfLiteContextPK12TfLiteTensorS4_S4_PS2_RK21TfLiteFusedActivationPlPiS9_S9_S9_SA_i
                0x0010c0d8      0x390 ../../../../../../prebuilts/lib/libtensorflow-microlite.a(kernel_util.o)
                0x0010c0d8                tflite::PopulateConvolutionQuantizationParams(TfLiteContext*, TfLiteTensor const*, TfLiteTensor const*, TfLiteTensor const*, TfLiteTensor*, TfLiteFusedActivation const&, long*, int*, long*, long*, long*, int*, int)
 .text._ZN6tflite3ops5micro4conv4InitEP13TfLiteContextPKcj
                0x0010c468       0x18 ../../../../../../prebuilts/lib/libtensorflow-microlite.a(conv.o)
                0x0010c468                tflite::ops::micro::conv::Init(TfLiteContext*, char const*, unsigned int)
 .text._ZN6tflite3ops5micro4conv7PrepareEP13TfLiteContextP10TfLiteNode
                0x0010c480      0x410 ../../../../../../prebuilts/lib/libtensorflow-microlite.a(conv.o)
                0x0010c480                tflite::ops::micro::conv::Prepare(TfLiteContext*, TfLiteNode*)
 .text._ZN6tflite3ops5micro4conv13EvalQuantizedEP13TfLiteContextP10TfLiteNodeP16TfLiteConvParamsPNS2_6OpDataEPK12TfLiteTensorSD_SD_PSB_SE_SE_
                0x0010c890      0xce0 ../../../../../../prebuilts/lib/libtensorflow-microlite.a(conv.o)
                0x0010c890                tflite::ops::micro::conv::EvalQuantized(TfLiteContext*, TfLiteNode*, TfLiteConvParams*, tflite::ops::micro::conv::OpData*, TfLiteTensor const*, TfLiteTensor const*, TfLiteTensor const*, TfLiteTensor*, TfLiteTensor*, TfLiteTensor*)
 .text._ZN6tflite3ops5micro4conv23EvalQuantizedPerChannelEP13TfLiteContextP10TfLiteNodeP16TfLiteConvParamsPNS2_6OpDataEPK12TfLiteTensorSD_SD_PSB_SE_
                0x0010d570      0x1a4 ../../../../../../prebuilts/lib/libtensorflow-microlite.a(conv.o)
                0x0010d570                tflite::ops::micro::conv::EvalQuantizedPerChannel(TfLiteContext*, TfLiteNode*, TfLiteConvParams*, tflite::ops::micro::conv::OpData*, TfLiteTensor const*, TfLiteTensor const*, TfLiteTensor const*, TfLiteTensor*, TfLiteTensor*)
 .text._ZN6tflite3ops5micro4conv9EvalFloatEP13TfLiteContextP10TfLiteNodeP16TfLiteConvParamsPNS2_6OpDataEPK12TfLiteTensorSD_SD_PSB_SE_SE_
                0x0010d714      0xde8 ../../../../../../prebuilts/lib/libtensorflow-microlite.a(conv.o)
                0x0010d714                tflite::ops::micro::conv::EvalFloat(TfLiteContext*, TfLiteNode*, TfLiteConvParams*, tflite::ops::micro::conv::OpData*, TfLiteTensor const*, TfLiteTensor const*, TfLiteTensor const*, TfLiteTensor*, TfLiteTensor*, TfLiteTensor*)
 .text._ZN6tflite3ops5micro4conv4EvalEP13TfLiteContextP10TfLiteNode
                0x0010e4fc      0x3d0 ../../../../../../prebuilts/lib/libtensorflow-microlite.a(conv.o)
                0x0010e4fc                tflite::ops::micro::conv::Eval(TfLiteContext*, TfLiteNode*)
 .text._ZN6tflite3ops5micro16Register_CONV_2DEv
                0x0010e8cc        0x8 ../../../../../../prebuilts/lib/libtensorflow-microlite.a(conv.o)
                0x0010e8cc                tflite::ops::micro::Register_CONV_2D()
 .text._ZN6tflite3ops5micro14depthwise_conv4InitEP13TfLiteContextPKcj
                0x0010e8d4       0x18 ../../../../../../prebuilts/lib/libtensorflow-microlite.a(depthwise_conv.o)
                0x0010e8d4                tflite::ops::micro::depthwise_conv::Init(TfLiteContext*, char const*, unsigned int)
 .text._ZN6tflite3ops5micro14depthwise_conv7PrepareEP13TfLiteContextP10TfLiteNode
                0x0010e8ec       0x80 ../../../../../../prebuilts/lib/libtensorflow-microlite.a(depthwise_conv.o)
                0x0010e8ec                tflite::ops::micro::depthwise_conv::Prepare(TfLiteContext*, TfLiteNode*)
 .text._ZN6tflite3ops5micro14depthwise_conv4EvalEP13TfLiteContextP10TfLiteNode
                0x0010e96c     0x1028 ../../../../../../prebuilts/lib/libtensorflow-microlite.a(depthwise_conv.o)
                0x0010e96c                tflite::ops::micro::depthwise_conv::Eval(TfLiteContext*, TfLiteNode*)
 .text._ZN6tflite3ops5micro26Register_DEPTHWISE_CONV_2DEv
                0x0010f994        0x8 ../../../../../../prebuilts/lib/libtensorflow-microlite.a(depthwise_conv.o)
                0x0010f994                tflite::ops::micro::Register_DEPTHWISE_CONV_2D()
 .text.DebugLog
                0x0010f99c       0x64 ../../../../../../prebuilts/lib/libtensorflow-microlite.a(debug_log.o)
                0x0010f99c                DebugLog
 .text._ZN6tflite14AlignPointerUpEPhj
                0x0010fa00        0xc ../../../../../../prebuilts/lib/libtensorflow-microlite.a(memory_helpers.o)
                0x0010fa00                tflite::AlignPointerUp(unsigned char*, unsigned int)
 .text._ZN6tflite16AlignPointerDownEPhj
                0x0010fa0c        0x8 ../../../../../../prebuilts/lib/libtensorflow-microlite.a(memory_helpers.o)
                0x0010fa0c                tflite::AlignPointerDown(unsigned char*, unsigned int)
 .text._ZN6tflite11AlignSizeUpEjj
                0x0010fa14        0xc ../../../../../../prebuilts/lib/libtensorflow-microlite.a(memory_helpers.o)
                0x0010fa14                tflite::AlignSizeUp(unsigned int, unsigned int)
 .text._ZN6tflite16TfLiteTypeSizeOfE10TfLiteTypePjPNS_13ErrorReporterE
                0x0010fa20       0x48 ../../../../../../prebuilts/lib/libtensorflow-microlite.a(memory_helpers.o)
                0x0010fa20                tflite::TfLiteTypeSizeOf(TfLiteType, unsigned int*, tflite::ErrorReporter*)
 .text._ZN6tflite22BytesRequiredForTensorERKNS_6TensorEPjS3_PNS_13ErrorReporterE
                0x0010fa68       0x7a ../../../../../../prebuilts/lib/libtensorflow-microlite.a(memory_helpers.o)
                0x0010fa68                tflite::BytesRequiredForTensor(tflite::Tensor const&, unsigned int*, unsigned int*, tflite::ErrorReporter*)
 *fill*         0x0010fae2        0x2 
 .text._ZN6tflite20BuiltinDataAllocatorD2Ev
                0x0010fae4        0xc ../../../../../../prebuilts/lib/libtensorflow-microlite.a(micro_allocator.o)
                0x0010fae4                tflite::BuiltinDataAllocator::~BuiltinDataAllocator()
                0x0010fae4                tflite::BuiltinDataAllocator::~BuiltinDataAllocator()
 .text._ZN6tflite12_GLOBAL__N_125MicroBuiltinDataAllocator8AllocateEjj
                0x0010faf0        0xc ../../../../../../prebuilts/lib/libtensorflow-microlite.a(micro_allocator.o)
 .text._ZN6tflite12_GLOBAL__N_125MicroBuiltinDataAllocator10DeallocateEPv
                0x0010fafc        0x2 ../../../../../../prebuilts/lib/libtensorflow-microlite.a(micro_allocator.o)
 *fill*         0x0010fafe        0x2 
 .text._ZN6tflite14MicroAllocatorD2Ev
                0x0010fb00        0xc ../../../../../../prebuilts/lib/libtensorflow-microlite.a(micro_allocator.o)
                0x0010fb00                tflite::MicroAllocator::~MicroAllocator()
                0x0010fb00                tflite::MicroAllocator::~MicroAllocator()
 .text._ZN6tflite14MicroAllocatorD0Ev
                0x0010fb0c        0xc ../../../../../../prebuilts/lib/libtensorflow-microlite.a(micro_allocator.o)
                0x0010fb0c                tflite::MicroAllocator::~MicroAllocator()
 .text._ZN6tflite12_GLOBAL__N_125MicroBuiltinDataAllocatorD2Ev
                0x0010fb18        0xc ../../../../../../prebuilts/lib/libtensorflow-microlite.a(micro_allocator.o)
 .text._ZN6tflite12_GLOBAL__N_125MicroBuiltinDataAllocatorD0Ev
                0x0010fb24        0xc ../../../../../../prebuilts/lib/libtensorflow-microlite.a(micro_allocator.o)
 .text._ZN6tflite20BuiltinDataAllocatorD0Ev
                0x0010fb30       0x14 ../../../../../../prebuilts/lib/libtensorflow-microlite.a(micro_allocator.o)
                0x0010fb30                tflite::BuiltinDataAllocator::~BuiltinDataAllocator()
 .text._ZN6tflite14MicroAllocator25AllocateTfLiteTensorArrayEP13TfLiteContextPKNS_8SubGraphE
                0x0010fb44       0x48 ../../../../../../prebuilts/lib/libtensorflow-microlite.a(micro_allocator.o)
                0x0010fb44                tflite::MicroAllocator::AllocateTfLiteTensorArray(TfLiteContext*, tflite::SubGraph const*)
 .text._ZN6tflite23EnumNameBuiltinOperatorENS_15BuiltinOperatorE
                0x0010fb8c       0x18 ../../../../../../prebuilts/lib/libtensorflow-microlite.a(micro_allocator.o)
                0x0010fb8c                tflite::EnumNameBuiltinOperator(tflite::BuiltinOperator)
 .text._ZNK6tflite6Tensor11is_variableEv
                0x0010fba4       0x16 ../../../../../../prebuilts/lib/libtensorflow-microlite.a(micro_allocator.o)
                0x0010fba4                tflite::Tensor::is_variable() const
 *fill*         0x0010fbba        0x2 
 .text._ZN6tflite14MicroAllocator17AllocateVariablesEP13TfLiteContextPKNS_8SubGraphE
                0x0010fbbc       0x84 ../../../../../../prebuilts/lib/libtensorflow-microlite.a(micro_allocator.o)
                0x0010fbbc                tflite::MicroAllocator::AllocateVariables(TfLiteContext*, tflite::SubGraph const*)
 .text._ZN6tflite14MicroAllocator6CreateEPNS_21SimpleMemoryAllocatorEPNS_13ErrorReporterE
                0x0010fc40       0x28 ../../../../../../prebuilts/lib/libtensorflow-microlite.a(micro_allocator.o)
                0x0010fc40                tflite::MicroAllocator::Create(tflite::SimpleMemoryAllocator*, tflite::ErrorReporter*)
 .text._ZN6tflite14MicroAllocator6CreateEPhjPNS_13ErrorReporterE
                0x0010fc68       0x38 ../../../../../../prebuilts/lib/libtensorflow-microlite.a(micro_allocator.o)
                0x0010fc68                tflite::MicroAllocator::Create(unsigned char*, unsigned int, tflite::ErrorReporter*)
 .text._ZN6tflite14MicroAllocator24AllocatePersistentBufferEjPPv
                0x0010fca0       0x2c ../../../../../../prebuilts/lib/libtensorflow-microlite.a(micro_allocator.o)
                0x0010fca0                tflite::MicroAllocator::AllocatePersistentBuffer(unsigned int, void**)
 .text._ZN6tflite14MicroAllocator27RequestScratchBufferInArenaEijPi
                0x0010fccc       0x6c ../../../../../../prebuilts/lib/libtensorflow-microlite.a(micro_allocator.o)
                0x0010fccc                tflite::MicroAllocator::RequestScratchBufferInArena(int, unsigned int, int*)
 .text._ZNK6tflite14MicroAllocator16GetScratchBufferEi
                0x0010fd38       0x2c ../../../../../../prebuilts/lib/libtensorflow-microlite.a(micro_allocator.o)
                0x0010fd38                tflite::MicroAllocator::GetScratchBuffer(int) const
 .text._ZN6tflite14MicroAllocator29InitGraphAndContextTensorDataEPKNS_5ModelEP13TfLiteContextPKNS_8SubGraphE
                0x0010fd64       0x2a ../../../../../../prebuilts/lib/libtensorflow-microlite.a(micro_allocator.o)
                0x0010fd64                tflite::MicroAllocator::InitGraphAndContextTensorData(tflite::Model const*, TfLiteContext*, tflite::SubGraph const*)
 *fill*         0x0010fd8e        0x2 
 .text._ZN6tflite14MicroAllocator20GetSubGraphFromModelEPKNS_5ModelE
                0x0010fd90       0x38 ../../../../../../prebuilts/lib/libtensorflow-microlite.a(micro_allocator.o)
                0x0010fd90                tflite::MicroAllocator::GetSubGraphFromModel(tflite::Model const*)
 .text._ZN6tflite14MicroAllocator20StartModelAllocationEPKNS_5ModelEP13TfLiteContextRKNS_15MicroOpResolverEPPNS_19NodeAndRegistrationE
                0x0010fdc8       0x64 ../../../../../../prebuilts/lib/libtensorflow-microlite.a(micro_allocator.o)
                0x0010fdc8                tflite::MicroAllocator::StartModelAllocation(tflite::Model const*, TfLiteContext*, tflite::MicroOpResolver const&, tflite::NodeAndRegistration**)
 .text._ZN6tflite14MicroAllocator21FinishModelAllocationEPKNS_5ModelEP13TfLiteContext
                0x0010fe2c       0x40 ../../../../../../prebuilts/lib/libtensorflow-microlite.a(micro_allocator.o)
                0x0010fe2c                tflite::MicroAllocator::FinishModelAllocation(tflite::Model const*, TfLiteContext*)
 .text._ZN11flatbuffers5Table10GetPointerIPKNS_6VectorIhEEEET_t
                0x0010fe6c       0x12 ../../../../../../prebuilts/lib/libtensorflow-microlite.a(micro_allocator.o)
                0x0010fe6c                flatbuffers::Vector<unsigned char> const* flatbuffers::Table::GetPointer<flatbuffers::Vector<unsigned char> const*>(unsigned short)
 .text._ZN11flatbuffers5Table10GetPointerIPKNS_6VectorIfEEEET_t
                0x0010fe7e       0x12 ../../../../../../prebuilts/lib/libtensorflow-microlite.a(micro_allocator.o)
                0x0010fe7e                flatbuffers::Vector<float> const* flatbuffers::Table::GetPointer<flatbuffers::Vector<float> const*>(unsigned short)
 .text._ZN11flatbuffers5Table10GetPointerIPKNS_6VectorIxEEEET_t
                0x0010fe90       0x12 ../../../../../../prebuilts/lib/libtensorflow-microlite.a(micro_allocator.o)
                0x0010fe90                flatbuffers::Vector<long long> const* flatbuffers::Table::GetPointer<flatbuffers::Vector<long long> const*>(unsigned short)
 *fill*         0x0010fea2        0x2 
 .text._ZN6tflite8internal36InitializeTfLiteTensorFromFlatbufferEPNS_21SimpleMemoryAllocatorERKNS_6TensorEPKN11flatbuffers6VectorINS6_6OffsetINS_6BufferEEEEEPNS_13ErrorReporterEP12TfLiteTensor
                0x0010fea4      0x1b4 ../../../../../../prebuilts/lib/libtensorflow-microlite.a(micro_allocator.o)
                0x0010fea4                tflite::internal::InitializeTfLiteTensorFromFlatbuffer(tflite::SimpleMemoryAllocator*, tflite::Tensor const&, flatbuffers::Vector<flatbuffers::Offset<tflite::Buffer> > const*, tflite::ErrorReporter*, TfLiteTensor*)
 .text._ZN6tflite14MicroAllocator39PopulateTfLiteTensorArrayFromFlatbufferEPKNS_5ModelEP13TfLiteContextPKNS_8SubGraphE
                0x00110058       0x84 ../../../../../../prebuilts/lib/libtensorflow-microlite.a(micro_allocator.o)
                0x00110058                tflite::MicroAllocator::PopulateTfLiteTensorArrayFromFlatbuffer(tflite::Model const*, TfLiteContext*, tflite::SubGraph const*)
 .text._ZN11flatbuffers5Table10GetPointerIPKNS_6VectorINS_6OffsetIN6tflite8OperatorEEEEEEET_t
                0x001100dc       0x12 ../../../../../../prebuilts/lib/libtensorflow-microlite.a(micro_allocator.o)
                0x001100dc                flatbuffers::Vector<flatbuffers::Offset<tflite::Operator> > const* flatbuffers::Table::GetPointer<flatbuffers::Vector<flatbuffers::Offset<tflite::Operator> > const*>(unsigned short)
 *fill*         0x001100ee        0x2 
 .text._ZN6tflite14MicroAllocator28AllocateNodeAndRegistrationsEPKNS_8SubGraphEPPNS_19NodeAndRegistrationE
                0x001100f0       0x38 ../../../../../../prebuilts/lib/libtensorflow-microlite.a(micro_allocator.o)
                0x001100f0                tflite::MicroAllocator::AllocateNodeAndRegistrations(tflite::SubGraph const*, tflite::NodeAndRegistration**)
 .text._ZN6tflite14MicroAllocator44PrepareNodeAndRegistrationDataFromFlatbufferEPKNS_5ModelEPKNS_8SubGraphERKNS_15MicroOpResolverEPNS_19NodeAndRegistrationE
                0x00110128      0x1a0 ../../../../../../prebuilts/lib/libtensorflow-microlite.a(micro_allocator.o)
                0x00110128                tflite::MicroAllocator::PrepareNodeAndRegistrationDataFromFlatbuffer(tflite::Model const*, tflite::SubGraph const*, tflite::MicroOpResolver const&, tflite::NodeAndRegistration*)
 .text._ZN6tflite14MicroAllocator22CommitStaticMemoryPlanEP13TfLiteContextPKNS_8SubGraphE
                0x001102c8      0x39c ../../../../../../prebuilts/lib/libtensorflow-microlite.a(micro_allocator.o)
                0x001102c8                tflite::MicroAllocator::CommitStaticMemoryPlan(TfLiteContext*, tflite::SubGraph const*)
 .text._ZN6tflite13MemoryPlannerD2Ev
                0x00110664        0xc ../../../../../../prebuilts/lib/libtensorflow-microlite.a(greedy_memory_planner.o)
                0x00110664                tflite::MemoryPlanner::~MemoryPlanner()
                0x00110664                tflite::MemoryPlanner::~MemoryPlanner()
 .text._ZN6tflite19GreedyMemoryPlannerD2Ev
                0x00110670        0xc ../../../../../../prebuilts/lib/libtensorflow-microlite.a(greedy_memory_planner.o)
                0x00110670                tflite::GreedyMemoryPlanner::~GreedyMemoryPlanner()
                0x00110670                tflite::GreedyMemoryPlanner::~GreedyMemoryPlanner()
 .text._ZN6tflite19GreedyMemoryPlannerD0Ev
                0x0011067c        0xc ../../../../../../prebuilts/lib/libtensorflow-microlite.a(greedy_memory_planner.o)
                0x0011067c                tflite::GreedyMemoryPlanner::~GreedyMemoryPlanner()
 .text._ZN6tflite19GreedyMemoryPlanner14GetBufferCountEv
                0x00110688        0x4 ../../../../../../prebuilts/lib/libtensorflow-microlite.a(greedy_memory_planner.o)
                0x00110688                tflite::GreedyMemoryPlanner::GetBufferCount()
 .text._ZN6tflite13MemoryPlannerD0Ev
                0x0011068c       0x14 ../../../../../../prebuilts/lib/libtensorflow-microlite.a(greedy_memory_planner.o)
                0x0011068c                tflite::MemoryPlanner::~MemoryPlanner()
 .text._ZN6tflite19GreedyMemoryPlanner9AddBufferEPNS_13ErrorReporterEiii
                0x001106a0       0x3c ../../../../../../prebuilts/lib/libtensorflow-microlite.a(greedy_memory_planner.o)
                0x001106a0                tflite::GreedyMemoryPlanner::AddBuffer(tflite::ErrorReporter*, int, int, int)
 .text._ZN6tflite18ReverseSortInPlaceEPiS0_i
                0x001106dc       0x3e ../../../../../../prebuilts/lib/libtensorflow-microlite.a(greedy_memory_planner.o)
                0x001106dc                tflite::ReverseSortInPlace(int*, int*, int)
 *fill*         0x0011071a        0x2 
 .text._ZN6tflite19GreedyMemoryPlannerC2EPhi
                0x0011071c       0x38 ../../../../../../prebuilts/lib/libtensorflow-microlite.a(greedy_memory_planner.o)
                0x0011071c                tflite::GreedyMemoryPlanner::GreedyMemoryPlanner(unsigned char*, int)
                0x0011071c                tflite::GreedyMemoryPlanner::GreedyMemoryPlanner(unsigned char*, int)
 .text._ZNK6tflite19GreedyMemoryPlanner22DoesEntryOverlapInTimeEPKNS0_9ListEntryEii
                0x00110754       0x22 ../../../../../../prebuilts/lib/libtensorflow-microlite.a(greedy_memory_planner.o)
                0x00110754                tflite::GreedyMemoryPlanner::DoesEntryOverlapInTime(tflite::GreedyMemoryPlanner::ListEntry const*, int, int) const
 .text._ZN6tflite19GreedyMemoryPlanner30NextSimultaneouslyActiveBufferEPKNS0_9ListEntryEii
                0x00110776       0x42 ../../../../../../prebuilts/lib/libtensorflow-microlite.a(greedy_memory_planner.o)
                0x00110776                tflite::GreedyMemoryPlanner::NextSimultaneouslyActiveBuffer(tflite::GreedyMemoryPlanner::ListEntry const*, int, int)
 .text._ZN6tflite19GreedyMemoryPlanner24CalculateOffsetsIfNeededEv
                0x001107b8      0x12c ../../../../../../prebuilts/lib/libtensorflow-microlite.a(greedy_memory_planner.o)
                0x001107b8                tflite::GreedyMemoryPlanner::CalculateOffsetsIfNeeded()
 .text._ZN6tflite19GreedyMemoryPlanner20GetMaximumMemorySizeEv
                0x001108e4       0x38 ../../../../../../prebuilts/lib/libtensorflow-microlite.a(greedy_memory_planner.o)
                0x001108e4                tflite::GreedyMemoryPlanner::GetMaximumMemorySize()
 .text._ZN6tflite19GreedyMemoryPlanner18GetOffsetForBufferEPNS_13ErrorReporterEiPi
                0x0011091c       0x38 ../../../../../../prebuilts/lib/libtensorflow-microlite.a(greedy_memory_planner.o)
                0x0011091c                tflite::GreedyMemoryPlanner::GetOffsetForBuffer(tflite::ErrorReporter*, int, int*)
 .text.TfLiteIntArrayGetSizeInBytes
                0x00110954        0x6 ../../../../../../prebuilts/lib/libtensorflow-microlite.a(common.o)
                0x00110954                TfLiteIntArrayGetSizeInBytes
 .text.TfLiteFloatArrayGetSizeInBytes
                0x0011095a        0x6 ../../../../../../prebuilts/lib/libtensorflow-microlite.a(common.o)
                0x0011095a                TfLiteFloatArrayGetSizeInBytes
 .text.TfLiteTypeGetName
                0x00110960       0x18 ../../../../../../prebuilts/lib/libtensorflow-microlite.a(common.o)
                0x00110960                TfLiteTypeGetName
 .text._ZN6tflite25GetRegistrationFromOpCodeEPKNS_12OperatorCodeERKNS_10OpResolverEPNS_13ErrorReporterEPPK18TfLiteRegistration
                0x00110978       0xb8 ../../../../../../prebuilts/lib/libtensorflow-microlite.a(op_resolver.o)
                0x00110978                tflite::GetRegistrationFromOpCode(tflite::OperatorCode const*, tflite::OpResolver const&, tflite::ErrorReporter*, TfLiteRegistration const**)
 .text._ZN6tflite18QuantizeMultiplierEdPlPi
                0x00110a30       0x94 ../../../../../../prebuilts/lib/libtensorflow-microlite.a(quantization_util.o)
                0x00110a30                tflite::QuantizeMultiplier(double, long*, int*)
 .text.arm_convolve_wrapper_s8
                0x00110ac4       0xbc ../../../../../../prebuilts/lib/libcmsis.a(arm_convolve_wrapper_s8.o)
                0x00110ac4                arm_convolve_wrapper_s8
 .text.arm_convolve_wrapper_s8_get_buffer_size
                0x00110b80       0x68 ../../../../../../prebuilts/lib/libcmsis.a(arm_convolve_wrapper_s8.o)
                0x00110b80                arm_convolve_wrapper_s8_get_buffer_size
 .text.arm_depthwise_conv_s8
                0x00110be8      0x768 ../../../../../../prebuilts/lib/libcmsis.a(arm_depthwise_conv_s8.o)
                0x00110be8                arm_depthwise_conv_s8
 .text.arm_depthwise_conv_s8_opt
                0x00111350      0x778 ../../../../../../prebuilts/lib/libcmsis.a(arm_depthwise_conv_s8_opt.o)
                0x00111350                arm_depthwise_conv_s8_opt
 .text.arm_depthwise_conv_s8_opt_get_buffer_size
                0x00111ac8        0xc ../../../../../../prebuilts/lib/libcmsis.a(arm_depthwise_conv_s8_opt.o)
                0x00111ac8                arm_depthwise_conv_s8_opt_get_buffer_size
 .text.arm_depthwise_conv_u8_basic_ver1
                0x00111ad4      0x754 ../../../../../../prebuilts/lib/libcmsis.a(arm_depthwise_conv_u8_basic_ver1.o)
                0x00111ad4                arm_depthwise_conv_u8_basic_ver1
 .text.arm_q7_to_q15_with_offset
                0x00112228       0x80 ../../../../../../prebuilts/lib/libcmsis.a(arm_q7_to_q15_with_offset.o)
                0x00112228                arm_q7_to_q15_with_offset
 .text.arm_avgpool_s8
                0x001122a8      0x1d8 ../../../../../../prebuilts/lib/libcmsis.a(arm_avgpool_s8.o)
                0x001122a8                arm_avgpool_s8
 .text.arm_avgpool_s8_get_buffer_size
                0x00112480        0x4 ../../../../../../prebuilts/lib/libcmsis.a(arm_avgpool_s8.o)
                0x00112480                arm_avgpool_s8_get_buffer_size
 .text.arm_convolve_1x1_s8_fast
                0x00112484       0x68 ../../../../../../prebuilts/lib/libcmsis.a(arm_convolve_1x1_s8_fast.o)
                0x00112484                arm_convolve_1x1_s8_fast
 .text.arm_convolve_1x1_s8_fast_get_buffer_size
                0x001124ec        0x4 ../../../../../../prebuilts/lib/libcmsis.a(arm_convolve_1x1_s8_fast.o)
                0x001124ec                arm_convolve_1x1_s8_fast_get_buffer_size
 .text.arm_convolve_1_x_n_s8
                0x001124f0       0x1c ../../../../../../prebuilts/lib/libcmsis.a(arm_convolve_1_x_n_s8.o)
                0x001124f0                arm_convolve_1_x_n_s8
 .text.arm_convolve_1_x_n_s8_get_buffer_size
                0x0011250c       0x14 ../../../../../../prebuilts/lib/libcmsis.a(arm_convolve_1_x_n_s8.o)
                0x0011250c                arm_convolve_1_x_n_s8_get_buffer_size
 .text.arm_convolve_s8
                0x00112520      0x3f0 ../../../../../../prebuilts/lib/libcmsis.a(arm_convolve_s8.o)
                0x00112520                arm_convolve_s8
 .text.arm_convolve_s8_get_buffer_size
                0x00112910       0x14 ../../../../../../prebuilts/lib/libcmsis.a(arm_convolve_s8.o)
                0x00112910                arm_convolve_s8_get_buffer_size
 .text.arm_nn_mat_mult_kernel_s8_s16
                0x00112924      0x6c8 ../../../../../../prebuilts/lib/libcmsis.a(arm_nn_mat_mult_kernel_s8_s16.o)
                0x00112924                arm_nn_mat_mult_kernel_s8_s16
 .text.arm_nn_accumulate_q7_to_q15
                0x00112fec       0x88 ../../../../../../prebuilts/lib/libcmsis.a(arm_nn_accumulate_q7_to_q15.o)
                0x00112fec                arm_nn_accumulate_q7_to_q15
 .text.arm_nn_mat_mult_nt_t_s8
                0x00113074      0xb40 ../../../../../../prebuilts/lib/libcmsis.a(arm_nn_mat_mult_nt_t_s8.o)
                0x00113074                arm_nn_mat_mult_nt_t_s8
 .text.arm_q7_to_q15_no_shift
                0x00113bb4       0x70 ../../../../../../prebuilts/lib/libcmsis.a(arm_q7_to_q15_no_shift.o)
                0x00113bb4                arm_q7_to_q15_no_shift
 .text.__cxa_guard_acquire
                0x00113c24       0x18 c:/progra~2/microsoft visual studio/2019/community/linux/gcc_arm/bin/../lib/gcc/arm-none-eabi/8.2.1/../../../../arm-none-eabi/lib/thumb/v7e-m+fp/hard\libstdc++_nano.a(guard.o)
                0x00113c24                __cxa_guard_acquire
 .text.__cxa_guard_release
                0x00113c3c        0x6 c:/progra~2/microsoft visual studio/2019/community/linux/gcc_arm/bin/../lib/gcc/arm-none-eabi/8.2.1/../../../../arm-none-eabi/lib/thumb/v7e-m+fp/hard\libstdc++_nano.a(guard.o)
                0x00113c3c                __cxa_guard_release
 .text._ZdlPv   0x00113c42        0x4 c:/progra~2/microsoft visual studio/2019/community/linux/gcc_arm/bin/../lib/gcc/arm-none-eabi/8.2.1/../../../../arm-none-eabi/lib/thumb/v7e-m+fp/hard\libstdc++_nano.a(del_op.o)
                0x00113c42                operator delete(void*)
 .text.__cxa_pure_virtual
                0x00113c46        0x6 c:/progra~2/microsoft visual studio/2019/community/linux/gcc_arm/bin/../lib/gcc/arm-none-eabi/8.2.1/../../../../arm-none-eabi/lib/thumb/v7e-m+fp/hard\libstdc++_nano.a(pure.o)
                0x00113c46                __cxa_pure_virtual
 .text._ZN10__cxxabiv111__terminateEPFvvE
                0x00113c4c        0x8 c:/progra~2/microsoft visual studio/2019/community/linux/gcc_arm/bin/../lib/gcc/arm-none-eabi/8.2.1/../../../../arm-none-eabi/lib/thumb/v7e-m+fp/hard\libstdc++_nano.a(eh_terminate.o)
                0x00113c4c                __cxxabiv1::__terminate(void (*)())
 .text._ZSt13get_terminatev
                0x00113c54       0x10 c:/progra~2/microsoft visual studio/2019/community/linux/gcc_arm/bin/../lib/gcc/arm-none-eabi/8.2.1/../../../../arm-none-eabi/lib/thumb/v7e-m+fp/hard\libstdc++_nano.a(eh_terminate.o)
                0x00113c54                std::get_terminate()
 .text._ZSt9terminatev
                0x00113c64        0xa c:/progra~2/microsoft visual studio/2019/community/linux/gcc_arm/bin/../lib/gcc/arm-none-eabi/8.2.1/../../../../arm-none-eabi/lib/thumb/v7e-m+fp/hard\libstdc++_nano.a(eh_terminate.o)
                0x00113c64                std::terminate()
 .text.__aeabi_atexit
                0x00113c6e        0xa c:/progra~2/microsoft visual studio/2019/community/linux/gcc_arm/bin/../lib/gcc/arm-none-eabi/8.2.1/../../../../arm-none-eabi/lib/thumb/v7e-m+fp/hard\libstdc++_nano.a(atexit_arm.o)
                0x00113c6e                __aeabi_atexit
 .text.frexp    0x00113c78       0x6c c:/progra~2/microsoft visual studio/2019/community/linux/gcc_arm/bin/../lib/gcc/arm-none-eabi/8.2.1/../../../../arm-none-eabi/lib/thumb/v7e-m+fp/hard\libm.a(lib_a-s_frexp.o)
                0x00113c78                frexp
 .text.round    0x00113ce4       0xa0 c:/progra~2/microsoft visual studio/2019/community/linux/gcc_arm/bin/../lib/gcc/arm-none-eabi/8.2.1/../../../../arm-none-eabi/lib/thumb/v7e-m+fp/hard\libm.a(lib_a-s_round.o)
                0x00113ce4                round
 .text.abort    0x00113d84        0xe c:/progra~2/microsoft visual studio/2019/community/linux/gcc_arm/bin/../lib/gcc/arm-none-eabi/8.2.1/../../../../arm-none-eabi/lib/thumb/v7e-m+fp/hard\libc_nano.a(lib_a-abort.o)
                0x00113d84                abort
 *fill*         0x00113d92        0x2 
 .text.__cxa_atexit
                0x00113d94       0x1c c:/progra~2/microsoft visual studio/2019/community/linux/gcc_arm/bin/../lib/gcc/arm-none-eabi/8.2.1/../../../../arm-none-eabi/lib/thumb/v7e-m+fp/hard\libc_nano.a(lib_a-cxa_atexit.o)
                0x00113d94                __cxa_atexit
 .text.free     0x00113db0       0x10 c:/progra~2/microsoft visual studio/2019/community/linux/gcc_arm/bin/../lib/gcc/arm-none-eabi/8.2.1/../../../../arm-none-eabi/lib/thumb/v7e-m+fp/hard\libc_nano.a(lib_a-malloc.o)
                0x00113db0                free
 .text.memcpy   0x00113dc0       0x1c c:/progra~2/microsoft visual studio/2019/community/linux/gcc_arm/bin/../lib/gcc/arm-none-eabi/8.2.1/../../../../arm-none-eabi/lib/thumb/v7e-m+fp/hard\libc_nano.a(lib_a-memcpy-stub.o)
                0x00113dc0                memcpy
 .text.memset   0x00113ddc       0x10 c:/progra~2/microsoft visual studio/2019/community/linux/gcc_arm/bin/../lib/gcc/arm-none-eabi/8.2.1/../../../../arm-none-eabi/lib/thumb/v7e-m+fp/hard\libc_nano.a(lib_a-memset.o)
                0x00113ddc                memset
 .text._free_r  0x00113dec       0x9c c:/progra~2/microsoft visual studio/2019/community/linux/gcc_arm/bin/../lib/gcc/arm-none-eabi/8.2.1/../../../../arm-none-eabi/lib/thumb/v7e-m+fp/hard\libc_nano.a(lib_a-nano-freer.o)
                0x00113dec                _free_r
 .text._raise_r
                0x00113e88       0x50 c:/progra~2/microsoft visual studio/2019/community/linux/gcc_arm/bin/../lib/gcc/arm-none-eabi/8.2.1/../../../../arm-none-eabi/lib/thumb/v7e-m+fp/hard\libc_nano.a(lib_a-signal.o)
                0x00113e88                _raise_r
 .text.raise    0x00113ed8       0x10 c:/progra~2/microsoft visual studio/2019/community/linux/gcc_arm/bin/../lib/gcc/arm-none-eabi/8.2.1/../../../../arm-none-eabi/lib/thumb/v7e-m+fp/hard\libc_nano.a(lib_a-signal.o)
                0x00113ed8                raise
 .text._kill_r  0x00113ee8       0x24 c:/progra~2/microsoft visual studio/2019/community/linux/gcc_arm/bin/../lib/gcc/arm-none-eabi/8.2.1/../../../../arm-none-eabi/lib/thumb/v7e-m+fp/hard\libc_nano.a(lib_a-signalr.o)
                0x00113ee8                _kill_r
 .text._getpid_r
                0x00113f0c        0x4 c:/progra~2/microsoft visual studio/2019/community/linux/gcc_arm/bin/../lib/gcc/arm-none-eabi/8.2.1/../../../../arm-none-eabi/lib/thumb/v7e-m+fp/hard\libc_nano.a(lib_a-signalr.o)
                0x00113f0c                _getpid_r
 .text.__malloc_lock
                0x00113f10        0xc c:/progra~2/microsoft visual studio/2019/community/linux/gcc_arm/bin/../lib/gcc/arm-none-eabi/8.2.1/../../../../arm-none-eabi/lib/thumb/v7e-m+fp/hard\libc_nano.a(lib_a-mlock.o)
                0x00113f10                __malloc_lock
 .text.__malloc_unlock
                0x00113f1c        0xc c:/progra~2/microsoft visual studio/2019/community/linux/gcc_arm/bin/../lib/gcc/arm-none-eabi/8.2.1/../../../../arm-none-eabi/lib/thumb/v7e-m+fp/hard\libc_nano.a(lib_a-mlock.o)
                0x00113f1c                __malloc_unlock
 .text.__retarget_lock_acquire_recursive
                0x00113f28        0x2 c:/progra~2/microsoft visual studio/2019/community/linux/gcc_arm/bin/../lib/gcc/arm-none-eabi/8.2.1/../../../../arm-none-eabi/lib/thumb/v7e-m+fp/hard\libc_nano.a(lib_a-lock.o)
                0x00113f28                __retarget_lock_acquire_recursive
 .text.__retarget_lock_release_recursive
                0x00113f2a        0x2 c:/progra~2/microsoft visual studio/2019/community/linux/gcc_arm/bin/../lib/gcc/arm-none-eabi/8.2.1/../../../../arm-none-eabi/lib/thumb/v7e-m+fp/hard\libc_nano.a(lib_a-lock.o)
                0x00113f2a                __retarget_lock_release_recursive
 .text._getpid  0x00113f2c       0x10 c:/progra~2/microsoft visual studio/2019/community/linux/gcc_arm/bin/../lib/gcc/arm-none-eabi/8.2.1/../../../../arm-none-eabi/lib/thumb/v7e-m+fp/hard\libnosys.a(getpid.o)
                0x00113f2c                _getpid
 .text._kill    0x00113f3c       0x10 c:/progra~2/microsoft visual studio/2019/community/linux/gcc_arm/bin/../lib/gcc/arm-none-eabi/8.2.1/../../../../arm-none-eabi/lib/thumb/v7e-m+fp/hard\libnosys.a(kill.o)
                0x00113f3c                _kill
 .text._exit    0x00113f4c        0x4 c:/progra~2/microsoft visual studio/2019/community/linux/gcc_arm/bin/../lib/gcc/arm-none-eabi/8.2.1/../../../../arm-none-eabi/lib/thumb/v7e-m+fp/hard\libnosys.a(_exit.o)
                0x00113f4c                _exit
                0x00113f50                _init_array_start = .
 *(SORT_BY_NAME(.init_array*))
                0x00113f50                _init_array_end = .
                0x00113f50                . = ALIGN (0x4)
                0x00113f50                _etext = .

.glue_7         0x00113f50        0x0
 .glue_7        0x00113f50        0x0 linker stubs

.glue_7t        0x00113f50        0x0
 .glue_7t       0x00113f50        0x0 linker stubs

.vfp11_veneer   0x00113f50        0x0
 .vfp11_veneer  0x00113f50        0x0 linker stubs

.v4_bx          0x00113f50        0x0
 .v4_bx         0x00113f50        0x0 linker stubs

.iplt           0x00113f50        0x0
 .iplt          0x00113f50        0x0 CMakeFiles/azure-sphere-combo-cifar10-rtcore.dir/main.c.obj

.ARM.extab
 *(.ARM.extab* .gnu.linkonce.armextab.*)
                0x00113f50                __exidx_start = .

.ARM.exidx      0x00113f50        0x8
 *(.ARM.exidx* .gnu.linkonce.armexidx.*)
 .ARM.exidx     0x00113f50        0x8 c:/progra~2/microsoft visual studio/2019/community/linux/gcc_arm/bin/../lib/gcc/arm-none-eabi/8.2.1/thumb/v7e-m+fp/hard\libgcc.a(_udivmoddi4.o)
                0x00113f58                __exidx_end = .

.rodata         0x10000000    0x3c70c
 *(.rodata)
 .rodata        0x10000000       0x3d CMakeFiles/azure-sphere-combo-cifar10-rtcore.dir/main.c.obj
 *fill*         0x1000003d        0x3 
 .rodata        0x10000040       0x46 CMakeFiles/azure-sphere-combo-cifar10-rtcore.dir/f0775b8a0a1a4f21b831569dbc2a2e8d/project/source/RTCORE_OS_HAL/src/os_hal_uart.c.obj
 *fill*         0x10000086        0x2 
 .rodata        0x10000088      0x1a6 CMakeFiles/azure-sphere-combo-cifar10-rtcore.dir/f0775b8a0a1a4f21b831569dbc2a2e8d/project/source/RTCORE_OS_HAL/src/os_hal_mbox.c.obj
 *fill*         0x1000022e        0x2 
 .rodata        0x10000230       0x50 lib/MT3620_M4_Driver/libMT3620_M4_Driver.a(printf.c.obj)
 .rodata        0x10000280       0x17 lib/MT3620_M4_Driver/libMT3620_M4_Driver.a(hdl_uart.c.obj)
 *fill*         0x10000297        0x1 
 .rodata        0x10000298       0x6c lib/MT3620_M4_Driver/libMT3620_M4_Driver.a(mhal_mbox.c.obj)
 .rodata        0x10000304        0xd ../../../../../../prebuilts/lib/libtensorflow-microlite.a(micro_string.o)
 *(.rodata*)
 *fill*         0x10000311        0x3 
 .rodata.str1.4
                0x10000314       0x84 CMakeFiles/azure-sphere-combo-cifar10-rtcore.dir/main.c.obj
                                 0x88 (size before relaxing)
 .rodata.str1.4
                0x10000398       0x78 CMakeFiles/azure-sphere-combo-cifar10-rtcore.dir/f0775b8a0a1a4f21b831569dbc2a2e8d/project/source/RTCORE_OS_HAL/src/os_hal_uart.c.obj
 .rodata.str1.4
                0x10000410      0x194 CMakeFiles/azure-sphere-combo-cifar10-rtcore.dir/f0775b8a0a1a4f21b831569dbc2a2e8d/project/source/RTCORE_OS_HAL/src/os_hal_mbox.c.obj
 .rodata.str1.4
                0x100005a4      0x1f4 CMakeFiles/azure-sphere-combo-cifar10-rtcore.dir/e19389ff1b18dd4296d4faeafb009a24/source/RTCORE_OS_HAL/src/os_hal_mbox_shared_mem.c.obj
 *fill*         0x10000798        0x8 
 .rodata.person_detect_model_data
                0x100007a0    0x39a28 CMakeFiles/azure-sphere-combo-cifar10-rtcore.dir/18487c8cb30a07126fe56b16204313cc/person_detection_demo/person_detect_model_data.cc.obj
                0x100007a0                person_detect_model_data
 .rodata.person_detect_model_data_len
                0x1003a1c8        0x4 CMakeFiles/azure-sphere-combo-cifar10-rtcore.dir/18487c8cb30a07126fe56b16204313cc/person_detection_demo/person_detect_model_data.cc.obj
                0x1003a1c8                person_detect_model_data_len
 .rodata._ZTVN6tflite22MicroMutableOpResolverILj3EEE
                0x1003a1cc       0x24 CMakeFiles/azure-sphere-combo-cifar10-rtcore.dir/f0775b8a0a1a4f21b831569dbc2a2e8d/project/app/lib_src/person_detection_demo/main.cc.obj
                0x1003a1cc                vtable for tflite::MicroMutableOpResolver<3u>
 .rodata.person_detection_setup.str1.4
                0x1003a1f0      0x11c CMakeFiles/azure-sphere-combo-cifar10-rtcore.dir/f0775b8a0a1a4f21b831569dbc2a2e8d/project/app/lib_src/person_detection_demo/main.cc.obj
 .rodata.str1.4
                0x1003a30c       0x15 lib/MT3620_M4_Driver/libMT3620_M4_Driver.a(printf.c.obj)
 *fill*         0x1003a321        0x3 
 .rodata.str1.4
                0x1003a324      0x236 lib/MT3620_M4_Driver/libMT3620_M4_Driver.a(mhal_mbox.c.obj)
 *fill*         0x1003a55a        0x6 
 .rodata._ZTVN6tflite18MicroErrorReporterE
                0x1003a560       0x18 ../../../../../../prebuilts/lib/libtensorflow-microlite.a(micro_error_reporter.o)
                0x1003a560                vtable for tflite::MicroErrorReporter
 .rodata.str1.1
                0x1003a578        0x0 ../../../../../../prebuilts/lib/libtensorflow-microlite.a(micro_error_reporter.o)
                                  0x3 (size before relaxing)
 .rodata._ZZN6tflite24EnumNamesBuiltinOperatorEvE5names
                0x1003a578      0x200 ../../../../../../prebuilts/lib/libtensorflow-microlite.a(micro_interpreter.o)
                0x1003a578                tflite::EnumNamesBuiltinOperator()::names
 .rodata.str1.1
                0x1003a778      0x66f ../../../../../../prebuilts/lib/libtensorflow-microlite.a(micro_interpreter.o)
                                0x6c7 (size before relaxing)
 .rodata.str1.1
                0x1003ade7        0xc ../../../../../../prebuilts/lib/libtensorflow-microlite.a(micro_string.o)
 .rodata.str1.1
                0x1003adf3       0x44 ../../../../../../prebuilts/lib/libtensorflow-microlite.a(simple_memory_allocator.o)
                                 0x57 (size before relaxing)
 *fill*         0x1003ae37        0x1 
 .rodata._ZTVN6tflite21SimpleMemoryAllocatorE
                0x1003ae38       0x18 ../../../../../../prebuilts/lib/libtensorflow-microlite.a(simple_memory_allocator.o)
                0x1003ae38                vtable for tflite::SimpleMemoryAllocator
 .rodata.str1.1
                0x1003ae50      0x192 ../../../../../../prebuilts/lib/libtensorflow-microlite.a(flatbuffer_conversions.o)
                                0x1a5 (size before relaxing)
 .rodata.CSWTCH.146
                0x1003afe2        0x5 ../../../../../../prebuilts/lib/libtensorflow-microlite.a(flatbuffer_conversions.o)
 .rodata.str1.1
                0x1003afe7      0x162 ../../../../../../prebuilts/lib/libtensorflow-microlite.a(dynamic_agent.o)
                                0x175 (size before relaxing)
 *fill*         0x1003b149        0x3 
 .rodata.str1.4
                0x1003b14c      0x2f7 ../../../../../../prebuilts/lib/libtensorflow-microlite.a(pooling.o)
                                0x2f8 (size before relaxing)
 *fill*         0x1003b443        0x1 
 .rodata.str1.4
                0x1003b444      0x1d5 ../../../../../../prebuilts/lib/libtensorflow-microlite.a(kernel_util.o)
                                0x208 (size before relaxing)
 *fill*         0x1003b619        0x3 
 .rodata.str1.4
                0x1003b61c      0x210 ../../../../../../prebuilts/lib/libtensorflow-microlite.a(conv.o)
                                0x2e4 (size before relaxing)
 .rodata.str1.4
                0x1003b82c      0x653 ../../../../../../prebuilts/lib/libtensorflow-microlite.a(depthwise_conv.o)
                                0x7dc (size before relaxing)
 .rodata.str1.1
                0x1003be7f       0x22 ../../../../../../prebuilts/lib/libtensorflow-microlite.a(memory_helpers.o)
                                 0x35 (size before relaxing)
 *fill*         0x1003bea1        0x7 
 .rodata._ZTVN6tflite20BuiltinDataAllocatorE
                0x1003bea8       0x18 ../../../../../../prebuilts/lib/libtensorflow-microlite.a(micro_allocator.o)
                0x1003bea8                vtable for tflite::BuiltinDataAllocator
 .rodata._ZTVN6tflite12_GLOBAL__N_125MicroBuiltinDataAllocatorE
                0x1003bec0       0x18 ../../../../../../prebuilts/lib/libtensorflow-microlite.a(micro_allocator.o)
 .rodata.str1.1
                0x1003bed8      0x580 ../../../../../../prebuilts/lib/libtensorflow-microlite.a(micro_allocator.o)
                                0xaf4 (size before relaxing)
 .rodata._ZTVN6tflite14MicroAllocatorE
                0x1003c458       0x28 ../../../../../../prebuilts/lib/libtensorflow-microlite.a(micro_allocator.o)
                0x1003c458                vtable for tflite::MicroAllocator
 .rodata._ZN6tflite12_GLOBAL__N_1L19kZeroLengthIntArrayE
                0x1003c480        0x4 ../../../../../../prebuilts/lib/libtensorflow-microlite.a(micro_allocator.o)
 *fill*         0x1003c484        0x4 
 .rodata._ZTVN6tflite13MemoryPlannerE
                0x1003c488       0x20 ../../../../../../prebuilts/lib/libtensorflow-microlite.a(greedy_memory_planner.o)
                0x1003c488                vtable for tflite::MemoryPlanner
 .rodata.str1.1
                0x1003c4a8       0xe6 ../../../../../../prebuilts/lib/libtensorflow-microlite.a(greedy_memory_planner.o)
                                 0xe9 (size before relaxing)
 *fill*         0x1003c58e        0x2 
 .rodata._ZTVN6tflite19GreedyMemoryPlannerE
                0x1003c590       0x20 ../../../../../../prebuilts/lib/libtensorflow-microlite.a(greedy_memory_planner.o)
                0x1003c590                vtable for tflite::GreedyMemoryPlanner
 .rodata.CSWTCH.8
                0x1003c5b0       0x30 ../../../../../../prebuilts/lib/libtensorflow-microlite.a(common.o)
 .rodata.str1.1
                0x1003c5e0       0x5a ../../../../../../prebuilts/lib/libtensorflow-microlite.a(common.o)
                                 0x5f (size before relaxing)
 .rodata.str1.1
                0x1003c63a       0xc0 ../../../../../../prebuilts/lib/libtensorflow-microlite.a(op_resolver.o)
                                0x5f3 (size before relaxing)
 *fill*         0x1003c6fa        0x2 
 .rodata.str1.4
                0x1003c6fc       0x10 lib/MT3620_M4_Driver/MT3620_M4_BSP/FreeRTOS/libMT3620_M4_FreeRTOS.a(timers.c.obj)

.rel.dyn        0x1003c70c        0x0
 .rel.iplt      0x1003c70c        0x0 CMakeFiles/azure-sphere-combo-cifar10-rtcore.dir/main.c.obj

.data           0x00113f58      0x190
                0x00113f58                . = ALIGN (0x4)
                0x00113f58                _sdata = .
 *(.data)
 .data          0x00113f58       0xc0 lib/MT3620_M4_Driver/lib/MT3620_M4_BSP/libMT3620_M4_BSP.a(cirq_common.c.obj)
                0x00113f58                gpio_irq_tbl
 .data          0x00114018        0x4 lib/MT3620_M4_Driver/MT3620_M4_BSP/FreeRTOS/libMT3620_M4_FreeRTOS.a(port.c.obj)
 *(.data*)
 .data._ZZ22person_detection_setupE20micro_error_reporter
                0x0011401c        0x4 CMakeFiles/azure-sphere-combo-cifar10-rtcore.dir/f0775b8a0a1a4f21b831569dbc2a2e8d/project/app/lib_src/person_detection_demo/main.cc.obj
 .data._ZZN6tflite3ops5micro24Register_AVERAGE_POOL_2DEvE1r
                0x00114020       0x20 ../../../../../../prebuilts/lib/libtensorflow-microlite.a(pooling.o)
 .data._ZZN6tflite3ops5micro16Register_CONV_2DEvE1r
                0x00114040       0x20 ../../../../../../prebuilts/lib/libtensorflow-microlite.a(conv.o)
 .data._ZZN6tflite3ops5micro26Register_DEPTHWISE_CONV_2DEvE1r
                0x00114060       0x20 ../../../../../../prebuilts/lib/libtensorflow-microlite.a(depthwise_conv.o)
 .data._ZN10__cxxabiv119__terminate_handlerE
                0x00114080        0x4 c:/progra~2/microsoft visual studio/2019/community/linux/gcc_arm/bin/../lib/gcc/arm-none-eabi/8.2.1/../../../../arm-none-eabi/lib/thumb/v7e-m+fp/hard\libstdc++_nano.a(eh_term_handler.o)
                0x00114080                __cxxabiv1::__terminate_handler
 .data._impure_ptr
                0x00114084        0x4 c:/progra~2/microsoft visual studio/2019/community/linux/gcc_arm/bin/../lib/gcc/arm-none-eabi/8.2.1/../../../../arm-none-eabi/lib/thumb/v7e-m+fp/hard\libc_nano.a(lib_a-impure.o)